Component: ARM Compiler 5.06 update 7 (build 960) Tool: armlink [4d3601]

==============================================================================

Section Cross References

    startup_stm32f10x_hd.o(RESET) refers to startup_stm32f10x_hd.o(STACK) for __initial_sp
    startup_stm32f10x_hd.o(RESET) refers to startup_stm32f10x_hd.o(.text) for Reset_Handler
    startup_stm32f10x_hd.o(RESET) refers to stm32f10x_it.o(i.NMI_Handler) for NMI_Handler
    startup_stm32f10x_hd.o(RESET) refers to stm32f10x_it.o(i.HardFault_Handler) for HardFault_Handler
    startup_stm32f10x_hd.o(RESET) refers to stm32f10x_it.o(i.MemManage_Handler) for MemManage_Handler
    startup_stm32f10x_hd.o(RESET) refers to stm32f10x_it.o(i.BusFault_Handler) for BusFault_Handler
    startup_stm32f10x_hd.o(RESET) refers to stm32f10x_it.o(i.UsageFault_Handler) for UsageFault_Handler
    startup_stm32f10x_hd.o(RESET) refers to stm32f10x_it.o(i.SVC_Handler) for SVC_Handler
    startup_stm32f10x_hd.o(RESET) refers to stm32f10x_it.o(i.DebugMon_Handler) for DebugMon_Handler
    startup_stm32f10x_hd.o(RESET) refers to stm32f10x_it.o(i.PendSV_Handler) for PendSV_Handler
    startup_stm32f10x_hd.o(RESET) refers to stm32f10x_it.o(i.SysTick_Handler) for SysTick_Handler
    startup_stm32f10x_hd.o(RESET) refers to control.o(i.TIM1_UP_IRQHandler) for TIM1_UP_IRQHandler
    startup_stm32f10x_hd.o(RESET) refers to encoder.o(i.TIM3_IRQHandler) for TIM3_IRQHandler
    startup_stm32f10x_hd.o(RESET) refers to encoder.o(i.TIM4_IRQHandler) for TIM4_IRQHandler
    startup_stm32f10x_hd.o(RESET) refers to bsp_usart.o(i.USART1_IRQHandler) for USART1_IRQHandler
    startup_stm32f10x_hd.o(RESET) refers to blu.o(i.USART3_IRQHandler) for USART3_IRQHandler
    startup_stm32f10x_hd.o(RESET) refers to bsp_usart.o(i.UART4_IRQHandler) for UART4_IRQHandler
    startup_stm32f10x_hd.o(RESET) refers to atk_ms901m_uart.o(i.UART5_IRQHandler) for UART5_IRQHandler
    startup_stm32f10x_hd.o(RESET) refers to task.o(i.TIM6_IRQHandler) for TIM6_IRQHandler
    startup_stm32f10x_hd.o(.text) refers to system_stm32f10x.o(i.SystemInit) for SystemInit
    startup_stm32f10x_hd.o(.text) refers to entry.o(.ARM.Collect$$$$00000000) for __main
    system_stm32f10x.o(i.SetSysClock) refers to system_stm32f10x.o(i.SetSysClockTo72) for SetSysClockTo72
    system_stm32f10x.o(i.SystemCoreClockUpdate) refers to system_stm32f10x.o(.data) for SystemCoreClock
    system_stm32f10x.o(i.SystemInit) refers to system_stm32f10x.o(i.SetSysClock) for SetSysClock
    stm32f10x_adc.o(i.ADC_DeInit) refers to stm32f10x_rcc.o(i.RCC_APB2PeriphResetCmd) for RCC_APB2PeriphResetCmd
    stm32f10x_bkp.o(i.BKP_DeInit) refers to stm32f10x_rcc.o(i.RCC_BackupResetCmd) for RCC_BackupResetCmd
    stm32f10x_can.o(i.CAN_DeInit) refers to stm32f10x_rcc.o(i.RCC_APB1PeriphResetCmd) for RCC_APB1PeriphResetCmd
    stm32f10x_can.o(i.CAN_GetITStatus) refers to stm32f10x_can.o(i.CheckITStatus) for CheckITStatus
    stm32f10x_cec.o(i.CEC_DeInit) refers to stm32f10x_rcc.o(i.RCC_APB1PeriphResetCmd) for RCC_APB1PeriphResetCmd
    stm32f10x_dac.o(i.DAC_DeInit) refers to stm32f10x_rcc.o(i.RCC_APB1PeriphResetCmd) for RCC_APB1PeriphResetCmd
    stm32f10x_flash.o(i.FLASH_EnableWriteProtection) refers to stm32f10x_flash.o(i.FLASH_WaitForLastOperation) for FLASH_WaitForLastOperation
    stm32f10x_flash.o(i.FLASH_EraseAllBank1Pages) refers to stm32f10x_flash.o(i.FLASH_WaitForLastBank1Operation) for FLASH_WaitForLastBank1Operation
    stm32f10x_flash.o(i.FLASH_EraseAllPages) refers to stm32f10x_flash.o(i.FLASH_WaitForLastOperation) for FLASH_WaitForLastOperation
    stm32f10x_flash.o(i.FLASH_EraseOptionBytes) refers to stm32f10x_flash.o(i.FLASH_GetReadOutProtectionStatus) for FLASH_GetReadOutProtectionStatus
    stm32f10x_flash.o(i.FLASH_EraseOptionBytes) refers to stm32f10x_flash.o(i.FLASH_WaitForLastOperation) for FLASH_WaitForLastOperation
    stm32f10x_flash.o(i.FLASH_ErasePage) refers to stm32f10x_flash.o(i.FLASH_WaitForLastOperation) for FLASH_WaitForLastOperation
    stm32f10x_flash.o(i.FLASH_ProgramHalfWord) refers to stm32f10x_flash.o(i.FLASH_WaitForLastOperation) for FLASH_WaitForLastOperation
    stm32f10x_flash.o(i.FLASH_ProgramOptionByteData) refers to stm32f10x_flash.o(i.FLASH_WaitForLastOperation) for FLASH_WaitForLastOperation
    stm32f10x_flash.o(i.FLASH_ProgramWord) refers to stm32f10x_flash.o(i.FLASH_WaitForLastOperation) for FLASH_WaitForLastOperation
    stm32f10x_flash.o(i.FLASH_ReadOutProtection) refers to stm32f10x_flash.o(i.FLASH_WaitForLastOperation) for FLASH_WaitForLastOperation
    stm32f10x_flash.o(i.FLASH_UserOptionByteConfig) refers to stm32f10x_flash.o(i.FLASH_WaitForLastOperation) for FLASH_WaitForLastOperation
    stm32f10x_flash.o(i.FLASH_WaitForLastBank1Operation) refers to stm32f10x_flash.o(i.FLASH_GetBank1Status) for FLASH_GetBank1Status
    stm32f10x_flash.o(i.FLASH_WaitForLastOperation) refers to stm32f10x_flash.o(i.FLASH_GetBank1Status) for FLASH_GetBank1Status
[...]
    i.SVC_Handler                            0x0800200e   Section        0  stm32f10x_it.o(i.SVC_Handler)
    i.SetSysClock                            0x08002010   Section        0  system_stm32f10x.o(i.SetSysClock)
    SetSysClock                              0x08002011   Thumb Code     8  system_stm32f10x.o(i.SetSysClock)
    i.SetSysClockTo72                        0x08002018   Section        0  system_stm32f10x.o(i.SetSysClockTo72)
    SetSysClockTo72                          0x08002019   Thumb Code   214  system_stm32f10x.o(i.SetSysClockTo72)
    i.SysTick_Handler                        0x080020f8   Section        0  stm32f10x_it.o(i.SysTick_Handler)
    i.SystemInit                             0x080020fc   Section        0  system_stm32f10x.o(i.SystemInit)
    i.TI1_Config                             0x0800215c   Section        0  stm32f10x_tim.o(i.TI1_Config)
    TI1_Config                               0x0800215d   Thumb Code   108  stm32f10x_tim.o(i.TI1_Config)
    i.TI2_Config                             0x080021dc   Section        0  stm32f10x_tim.o(i.TI2_Config)
    TI2_Config                               0x080021dd   Thumb Code   130  stm32f10x_tim.o(i.TI2_Config)
    i.TI3_Config                             0x08002274   Section        0  stm32f10x_tim.o(i.TI3_Config)
    TI3_Config                               0x08002275   Thumb Code   122  stm32f10x_tim.o(i.TI3_Config)
    i.TI4_Config                             0x08002304   Section        0  stm32f10x_tim.o(i.TI4_Config)
    TI4_Config                               0x08002305   Thumb Code   130  stm32f10x_tim.o(i.TI4_Config)
    i.TIM1_UP_IRQHandler                     0x0800239c   Section        0  control.o(i.TIM1_UP_IRQHandler)
    i.TIM3_IRQHandler                        0x080024bc   Section        0  encoder.o(i.TIM3_IRQHandler)
    i.TIM4_IRQHandler                        0x080024d8   Section        0  encoder.o(i.TIM4_IRQHandler)
    i.TIM6_IRQHandler                        0x080024f4   Section        0  task.o(i.TIM6_IRQHandler)
    i.TIM_ClearITPendingBit                  0x08002524   Section        0  stm32f10x_tim.o(i.TIM_ClearITPendingBit)
    i.TIM_Cmd                                0x0800252a   Section        0  stm32f10x_tim.o(i.TIM_Cmd)
    i.TIM_EncoderInterfaceConfig             0x08002542   Section        0  stm32f10x_tim.o(i.TIM_EncoderInterfaceConfig)
    i.TIM_GetITStatus                        0x08002584   Section        0  stm32f10x_tim.o(i.TIM_GetITStatus)
    i.TIM_ICInit                             0x080025a8   Section        0  stm32f10x_tim.o(i.TIM_ICInit)
    i.TIM_ICStructInit                       0x08002654   Section        0  stm32f10x_tim.o(i.TIM_ICStructInit)
    i.TIM_ITConfig                           0x08002666   Section        0  stm32f10x_tim.o(i.TIM_ITConfig)
    i.TIM_InternalClockConfig                0x08002678   Section        0  stm32f10x_tim.o(i.TIM_InternalClockConfig)
    i.TIM_OC3Init                            0x08002684   Section        0  stm32f10x_tim.o(i.TIM_OC3Init)
    i.TIM_OC4Init                            0x08002724   Section        0  stm32f10x_tim.o(i.TIM_OC4Init)
    i.TIM_OCStructInit                       0x080027a0   Section        0  stm32f10x_tim.o(i.TIM_OCStructInit)
    i.TIM_SetCounter                         0x080027b4   Section        0  stm32f10x_tim.o(i.TIM_SetCounter)
    i.TIM_SetIC1Prescaler                    0x080027b8   Section        0  stm32f10x_tim.o(i.TIM_SetIC1Prescaler)
    i.TIM_SetIC2Prescaler                    0x080027ca   Section        0  stm32f10x_tim.o(i.TIM_SetIC2Prescaler)
    i.TIM_SetIC3Prescaler                    0x080027e4   Section        0  stm32f10x_tim.o(i.TIM_SetIC3Prescaler)
    i.TIM_SetIC4Prescaler                    0x080027f6   Section        0  stm32f10x_tim.o(i.TIM_SetIC4Prescaler)
    i.TIM_Standard_Init                      0x08002810   Section        0  task.o(i.TIM_Standard_Init)
    i.TIM_TimeBaseInit                       0x0800287c   Section        0  stm32f10x_tim.o(i.TIM_TimeBaseInit)
    i.Task_100ms                             0x08002920   Section        0  task.o(i.Task_100ms)
    i.Task_10ms                              0x08002922   Section        0  task.o(i.Task_10ms)
    i.Task_1ms                               0x0800292a   Section        0  task.o(i.Task_1ms)
    i.Task_500ms                             0x0800292c   Section        0  task.o(i.Task_500ms)
    i.Task_5ms                               0x08002934   Section        0  task.o(i.Task_5ms)
    i.Task_Init                              0x0800294c   Section        0  task.o(i.Task_Init)
    i.Task_Run                               0x08002a9c   Section        0  task.o(i.Task_Run)
    i.Timer1_InternalClock_Init              0x08002ce8   Section        0  timer.o(i.Timer1_InternalClock_Init)
    i.UART4_IRQHandler                       0x08002d54   Section        0  bsp_usart.o(i.UART4_IRQHandler)
    i.UART5_IRQHandler                       0x08002ddc   Section        0  atk_ms901m_uart.o(i.UART5_IRQHandler)
    i.USART1_IRQHandler                      0x08002e2c   Section        0  bsp_usart.o(i.USART1_IRQHandler)
    i.USART1_Init                            0x08002eb4   Section        0  bsp_usart.o(i.USART1_Init)
    i.USART3_IRQHandler                      0x08002f60   Section        0  blu.o(i.USART3_IRQHandler)
    i.USART_ClearITPendingBit                0x08002fec   Section        0  stm32f10x_usart.o(i.USART_ClearITPendingBit)
    i.USART_Cmd                              0x0800300a   Section        0  stm32f10x_usart.o(i.USART_Cmd)
    i.USART_DeInit                           0x08003024   Section        0  stm32f10x_usart.o(i.USART_DeInit)
    i.USART_GetFlagStatus                    0x080030c0   Section        0  stm32f10x_usart.o(i.USART_GetFlagStatus)
    i.USART_GetITStatus                      0x080030da   Section        0  stm32f10x_usart.o(i.USART_GetITStatus)
    i.USART_ITConfig                         0x0800312e   Section        0  stm32f10x_usart.o(i.USART_ITConfig)
    i.USART_Init                             0x08003178   Section        0  stm32f10x_usart.o(i.USART_Init)
    i.USART_ReceiveData                      0x08003250   Section        0  stm32f10x_usart.o(i.USART_ReceiveData)
    i.USART_SendData                         0x0800325a   Section        0  stm32f10x_usart.o(i.USART_SendData)
    i.UsageFault_Handler                     0x08003262   Section        0  stm32f10x_it.o(i.UsageFault_Handler)
    i.__0printf                              0x08003268   Section        0  printfa.o(i.__0printf)
    i.__0sprintf                             0x08003288   Section        0  printfa.o(i.__0sprintf)
    i.__ARM_fpclassify                       0x080032b0   Section        0  fpclassify.o(i.__ARM_fpclassify)
    i.__kernel_poly                          0x080032d8   Section        0  poly.o(i.__kernel_poly)
    i.__mathlib_dbl_infnan                   0x08003382   Section        0  dunder.o(i.__mathlib_dbl_infnan)
    i.__mathlib_dbl_infnan2                  0x08003388   Section        0  dunder.o(i.__mathlib_dbl_infnan2)
    i.__mathlib_dbl_invalid                  0x0800338c   Section        0  dunder.o(i.__mathlib_dbl_invalid)
    i.__mathlib_dbl_underflow                0x08003398   Section        0  dunder.o(i.__mathlib_dbl_underflow)
    i.__scatterload_copy                     0x080033a8   Section       14  handlers.o(i.__scatterload_copy)
    i.__scatterload_null                     0x080033b6   Section        2  handlers.o(i.__scatterload_null)
    i.__scatterload_zeroinit                 0x080033b8   Section       14  handlers.o(i.__scatterload_zeroinit)
    i.__set_errno                            0x080033c8   Section        0  errno.o(i.__set_errno)
    i._fp_digits                             0x080033d4   Section        0  printfa.o(i._fp_digits)
    _fp_digits                               0x080033d5   Thumb Code   366  printfa.o(i._fp_digits)
    i._printf_core                           0x08003558   Section        0  printfa.o(i._printf_core)
    _printf_core                             0x08003559   Thumb Code  1704  printfa.o(i._printf_core)
    i._printf_post_padding                   0x08003c0c   Section        0  printfa.o(i._printf_post_padding)
    _printf_post_padding                     0x08003c0d   Thumb Code    36  printfa.o(i._printf_post_padding)
    i._printf_pre_padding                    0x08003c30   Section        0  printfa.o(i._printf_pre_padding)
    _printf_pre_padding                      0x08003c31   Thumb Code    46  printfa.o(i._printf_pre_padding)
    i._sputc                                 0x08003c5e   Section        0  printfa.o(i._sputc)
    _sputc                                   0x08003c5f   Thumb Code    10  printfa.o(i._sputc)
    i.asin                                   0x08003c68   Section        0  asin.o(i.asin)
    i.atan                                   0x08003ed8   Section        0  atan.o(i.atan)
    i.atan2                                  0x080040f8   Section        0  atan2.o(i.atan2)
    i.atk_ms901m_get_attitude                0x08004294   Section        0  atk_ms901m.o(i.atk_ms901m_get_attitude)
    i.atk_ms901m_get_frame_by_id             0x08004344   Section        0  atk_ms901m.o(i.atk_ms901m_get_frame_by_id)
    atk_ms901m_get_frame_by_id               0x08004345   Thumb Code   416  atk_ms901m.o(i.atk_ms901m_get_frame_by_id)
    i.atk_ms901m_init                        0x080044e4   Section        0  atk_ms901m.o(i.atk_ms901m_init)
    i.atk_ms901m_read_reg_by_id              0x0800451c   Section        0  atk_ms901m.o(i.atk_ms901m_read_reg_by_id)
    i.atk_ms901m_uart_init                   0x080045b4   Section        0  atk_ms901m_uart.o(i.atk_ms901m_uart_init)
    i.atk_ms901m_uart_rx_fifo_read           0x08004678   Section        0  atk_ms901m_uart.o(i.atk_ms901m_uart_rx_fifo_read)
    i.atk_ms901m_uart_rx_fifo_write          0x080046f8   Section        0  atk_ms901m_uart.o(i.atk_ms901m_uart_rx_fifo_write)
    i.atk_ms901m_uart_send                   0x0800473c   Section        0  atk_ms901m_uart.o(i.atk_ms901m_uart_send)
    i.bsp_DetectKey                          0x0800476c   Section        0  bsp_key.o(i.bsp_DetectKey)
    bsp_DetectKey                            0x0800476d   Thumb Code   200  bsp_key.o(i.bsp_DetectKey)
    i.bsp_GetKey                             0x08004838   Section        0  bsp_key.o(i.bsp_GetKey)
    i.bsp_InitKeyHard                        0x0800486c   Section        0  bsp_key.o(i.bsp_InitKeyHard)
    i.bsp_InitKeyVar                         0x080048bc   Section        0  bsp_key.o(i.bsp_InitKeyVar)
    i.bsp_KeyScan10ms                        0x0800490c   Section        0  bsp_key.o(i.bsp_KeyScan10ms)
    i.bsp_PutKey                             0x08004924   Section        0  bsp_key.o(i.bsp_PutKey)
    i.bsp_init                               0x08004944   Section        0  bsp.o(i.bsp_init)
    i.bsp_key_init                           0x080049a4   Section        0  bsp_key.o(i.bsp_key_init)
    i.decode_gesture                         0x080049b0   Section        0  inv_mpu_dmp_motion_driver.o(i.decode_gesture)
    decode_gesture                           0x080049b1   Thumb Code    94  inv_mpu_dmp_motion_driver.o(i.decode_gesture)
    i.delay_init                             0x08004a14   Section        0  delay.o(i.delay_init)
    i.delay_ms                               0x08004a54   Section        0  delay.o(i.delay_ms)
    i.delay_us                               0x08004a90   Section        0  delay.o(i.delay_us)
    i.dmp_read_fifo                          0x08004acc   Section        0  inv_mpu_dmp_motion_driver.o(i.dmp_read_fifo)
    i.fputc                                  0x08004c98   Section        0  bsp_usart.o(i.fputc)
    i.free                                   0x08004cbc   Section        0  malloc.o(i.free)
    i.main                                   0x08004d0c   Section        0  main.o(i.main)
    i.malloc                                 0x08004d60   Section        0  malloc.o(i.malloc)
    i.mget_ms                                0x08004dcc   Section        0  inv_mpu.o(i.mget_ms)
    i.mpu_dmp_get_data                       0x08004dd0   Section        0  inv_mpu.o(i.mpu_dmp_get_data)
    i.mpu_read_fifo_stream                   0x08004ff4   Section        0  inv_mpu.o(i.mpu_read_fifo_stream)
    i.mpu_reset_fifo                         0x080050b4   Section        0  inv_mpu.o(i.mpu_reset_fifo)
    i.sqrt                                   0x0800527c   Section        0  sqrt.o(i.sqrt)
    .constdata                               0x080052c8   Section       80  inv_mpu.o(.constdata)
    .constdata                               0x08005318   Section     1520  oled.o(.constdata)
    .constdata                               0x08005908   Section       40  bsp_key.o(.constdata)
    s_gpio_list                              0x08005908   Data          40  bsp_key.o(.constdata)
    .constdata                               0x08005930   Section       80  asin.o(.constdata)
    pS                                       0x08005930   Data          48  asin.o(.constdata)
    qS                                       0x08005960   Data          32  asin.o(.constdata)
    .constdata                               0x08005980   Section      152  atan.o(.constdata)
    atanhi                                   0x08005980   Data          32  atan.o(.constdata)
    atanlo                                   0x080059a0   Data          32  atan.o(.constdata)
    aTodd                                    0x080059c0   Data          40  atan.o(.constdata)
    aTeven                                   0x080059e8   Data          48  atan.o(.constdata)
    .constdata                               0x08005a18   Section        8  qnan.o(.constdata)
    .data                                    0x20000000   Section       20  stm32f10x_rcc.o(.data)
    APBAHBPrescTable                         0x20000000   Data          16  stm32f10x_rcc.o(.data)
    ADCPrescTable                            0x20000010   Data           4  stm32f10x_rcc.o(.data)
    .data                                    0x20000014   Section        4  delay.o(.data)
    fac_us                                   0x20000014   Data           1  delay.o(.data)
    fac_ms                                   0x20000016   Data           2  delay.o(.data)
    .data                                    0x20000018   Section       53  inv_mpu.o(.data)
    st                                       0x20000018   Data          44  inv_mpu.o(.data)
    gyro_orientation                         0x20000044   Data           9  inv_mpu.o(.data)
    .data                                    0x20000050   Section       12  atk_ms901m.o(.data)
    g_atk_ms901m_fsr                         0x20000050   Data           2  atk_ms901m.o(.data)
    .data                                    0x2000005c   Section       31  mpu6050.o(.data)
    .data                                    0x2000007b   Section        8  blu.o(.data)
    Count                                    0x2000007f   Data           1  blu.o(.data)
    rxbuf                                    0x20000080   Data           3  blu.o(.data)
    .data                                    0x20000084   Section       24  bsp_usart.o(.data)
    Count                                    0x20000094   Data           1  bsp_usart.o(.data)
    rxbuf                                    0x20000095   Data           3  bsp_usart.o(.data)
    Count                                    0x20000098   Data           1  bsp_usart.o(.data)
    rxbuf                                    0x20000099   Data           3  bsp_usart.o(.data)
    .data                                    0x2000009c   Section        2  main.o(.data)
    .data                                    0x200000a0   Section      228  control.o(.data)
    Moto1                                    0x20000110   Data           4  control.o(.data)
    Moto2                                    0x20000114   Data           4  control.o(.data)
    last_in                                  0x20000118   Data           4  control.o(.data)
    Ta                                       0x2000011c   Data           4  control.o(.data)
    Tb                                       0x20000120   Data           4  control.o(.data)
    Bias                                     0x20000124   Data           4  control.o(.data)
    pwm                                      0x20000128   Data           4  control.o(.data)
    Last_Bias                                0x2000012c   Data           4  control.o(.data)
    Integral_bias                            0x20000130   Data           4  control.o(.data)
    Bias                                     0x20000134   Data           4  control.o(.data)
    pwm                                      0x20000138   Data           4  control.o(.data)
    Last_Bias                                0x2000013c   Data           4  control.o(.data)
    Integral_bias                            0x20000140   Data           4  control.o(.data)
    Bias                                     0x20000144   Data           4  control.o(.data)
    pwm                                      0x20000148   Data           4  control.o(.data)
    Last_bias                                0x2000014c   Data           4  control.o(.data)
    Prev_bias                                0x20000150   Data           4  control.o(.data)
    Bias                                     0x20000154   Data           4  control.o(.data)
    pwm                                      0x20000158   Data           4  control.o(.data)
    Last_bias                                0x2000015c   Data           4  control.o(.data)
    Prev_bias                                0x20000160   Data           4  control.o(.data)
    Bias                                     0x20000164   Data           4  control.o(.data)
    pwm                                      0x20000168   Data           4  control.o(.data)
    Last_Bias                                0x2000016c   Data           4  control.o(.data)
    Integral_bias                            0x20000170   Data           4  control.o(.data)
    Bias                                     0x20000174   Data           4  control.o(.data)
    pwm                                      0x20000178   Data           4  control.o(.data)
    Last_Bias                                0x2000017c   Data           4  control.o(.data)
    Integral_bias                            0x20000180   Data           4  control.o(.data)
    .data                                    0x20000188   Section       36  task.o(.data)
    .data                                    0x200001ac   Section        4  stdout.o(.data)
    .data                                    0x200001b0   Section        4  mvars.o(.data)
    .data                                    0x200001b4   Section        4  mvars.o(.data)
    .data                                    0x200001b8   Section        4  errno.o(.data)
    _errno                                   0x200001b8   Data           4  errno.o(.data)
    .bss                                     0x200001bc   Section       16  inv_mpu_dmp_motion_driver.o(.bss)
    dmp                                      0x200001bc   Data          16  inv_mpu_dmp_motion_driver.o(.bss)
    .bss                                     0x200001cc   Section      134  atk_ms901m_uart.o(.bss)
    g_uart_rx_fifo                           0x200001cc   Data         134  atk_ms901m_uart.o(.bss)
    .bss                                     0x20000254   Section       32  atk_ms901m.o(.bss)
    .bss                                     0x20000274   Section       12  mpu6050.o(.bss)
    .bss                                     0x20000280   Section       93  bsp_key.o(.bss)
    s_tBtn                                   0x20000280   Data          80  bsp_key.o(.bss)
    s_tKey                                   0x200002d0   Data          13  bsp_key.o(.bss)
    .bss                                     0x200002e0   Section       40  task.o(.bss)
    sched_tasks                              0x200002e0   Data          40  task.o(.bss)
    HEAP                                     0x20000308   Section      512  startup_stm32f10x_hd.o(HEAP)
    STACK                                    0x20000508   Section     1024  startup_stm32f10x_hd.o(STACK)

    Global Symbols

    Symbol Name                              Value     Ov Type        Size  Object(Section)

    BuildAttributes$$THM_ISAv4$P$D$K$B$S$PE$A:L22UL41UL21$X:L11$S22US41US21$IEEE1$IW$USESV6$~STKCKD$USESV7$~SHL$OTIME$ROPI$IEEEX$EBA8$MICROLIB$REQ8$PRES8$EABIv2 0x00000000   Number         0  anon$$obj.o ABSOLUTE
    __ARM_use_no_argv                        0x00000000   Number         0  main.o ABSOLUTE
    _printf_a                                0x00000000   Number         0  stubs.o ABSOLUTE
    _printf_c                                0x00000000   Number         0  stubs.o ABSOLUTE
    _printf_charcount                        0x00000000   Number         0  stubs.o ABSOLUTE
    _printf_d                                0x00000000   Number         0  stubs.o ABSOLUTE
    _printf_e                                0x00000000   Number         0  stubs.o ABSOLUTE
    _printf_f                                0x00000000   Number         0  stubs.o ABSOLUTE
    _printf_flags                            0x00000000   Number         0  stubs.o ABSOLUTE
    _printf_fp_dec                           0x00000000   Number         0  stubs.o ABSOLUTE
    _printf_fp_hex                           0x00000000   Number         0  stubs.o ABSOLUTE
    _printf_g                                0x00000000   Number         0  stubs.o ABSOLUTE
    _printf_i                                0x00000000   Number         0  stubs.o ABSOLUTE
    _printf_int_dec                          0x00000000   Number         0  stubs.o ABSOLUTE
    _printf_l                                0x00000000   Number         0  stubs.o ABSOLUTE
    _printf_lc                               0x00000000   Number         0  stubs.o ABSOLUTE
    _printf_ll                               0x00000000   Number         0  stubs.o ABSOLUTE
    _printf_lld                              0x00000000   Number         0  stubs.o ABSOLUTE
    _printf_lli                              0x00000000   Number         0  stubs.o ABSOLUTE
    _printf_llo                              0x00000000   Number         0  stubs.o ABSOLUTE
    _printf_llu                              0x00000000   Number         0  stubs.o ABSOLUTE
    _printf_llx                              0x00000000   Number         0  stubs.o ABSOLUTE
    _printf_longlong_dec                     0x00000000   Number         0  stubs.o ABSOLUTE
    _printf_longlong_hex                     0x00000000   Number         0  stubs.o ABSOLUTE
    _printf_longlong_oct                     0x00000000   Number         0  stubs.o ABSOLUTE
    _printf_ls                               0x00000000   Number         0  stubs.o ABSOLUTE
    _printf_mbtowc                           0x00000000   Number         0  stubs.o ABSOLUTE
    _printf_n                                0x00000000   Number         0  stubs.o ABSOLUTE
    _printf_o                                0x00000000   Number         0  stubs.o ABSOLUTE
    _printf_p                                0x00000000   Number         0  stubs.o ABSOLUTE
    _printf_percent                          0x00000000   Number         0  stubs.o ABSOLUTE
    _printf_pre_padding                      0x00000000   Number         0  stubs.o ABSOLUTE
    _printf_return_value                     0x00000000   Number         0  stubs.o ABSOLUTE
    _printf_s                                0x00000000   Number         0  stubs.o ABSOLUTE
    _printf_sizespec                         0x00000000   Number         0  stubs.o ABSOLUTE
    _printf_str                              0x00000000   Number         0  stubs.o ABSOLUTE
    _printf_truncate_signed                  0x00000000   Number         0  stubs.o ABSOLUTE
    _printf_truncate_unsigned                0x00000000   Number         0  stubs.o ABSOLUTE
    _printf_u                                0x00000000   Number         0  stubs.o ABSOLUTE
    _printf_wc                               0x00000000   Number         0  stubs.o ABSOLUTE
    _printf_wctomb                           0x00000000   Number         0  stubs.o ABSOLUTE
    _printf_widthprec                        0x00000000   Number         0  stubs.o ABSOLUTE
    _printf_x                                0x00000000   Number         0  stubs.o ABSOLUTE
    __arm_fini_                               - Undefined Weak Reference
    __cpp_initialize__aeabi_                  - Undefined Weak Reference
    __cxa_finalize                            - Undefined Weak Reference
    _clock_init                               - Undefined Weak Reference
    _microlib_exit                            - Undefined Weak Reference
    __Vectors_Size                           0x00000130   Number         0  startup_stm32f10x_hd.o ABSOLUTE
    __Vectors                                0x08000000   Data           4  startup_stm32f10x_hd.o(RESET)
    __Vectors_End                            0x08000130   Data           0  startup_stm32f10x_hd.o(RESET)
    __main                                   0x08000131   Thumb Code     0  entry.o(.ARM.Collect$$$$00000000)
    _main_stk                                0x08000131   Thumb Code     0  entry2.o(.ARM.Collect$$$$00000001)
    _main_scatterload                        0x08000135   Thumb Code     0  entry5.o(.ARM.Collect$$$$00000004)
    __main_after_scatterload                 0x08000139   Thumb Code     0  entry5.o(.ARM.Collect$$$$00000004)
    _main_clock                              0x08000139   Thumb Code     0  entry7b.o(.ARM.Collect$$$$00000008)
    _main_cpp_init                           0x08000139   Thumb Code     0  entry8b.o(.ARM.Collect$$$$0000000A)
    _main_init                               0x08000139   Thumb Code     0  entry9a.o(.ARM.Collect$$$$0000000B)
    __rt_lib_shutdown_fini                   0x08000141   Thumb Code     0  entry12b.o(.ARM.Collect$$$$0000000E)
    __rt_final_cpp                           0x08000145   Thumb Code     0  entry10a.o(.ARM.Collect$$$$0000000F)
    __rt_final_exit                          0x08000145   Thumb Code     0  entry11a.o(.ARM.Collect$$$$00000011)
    Reset_Handler                            0x08000149   Thumb Code     8  startup_stm32f10x_hd.o(.text)
    ADC1_2_IRQHandler                        0x08000163   Thumb Code     0  startup_stm32f10x_hd.o(.text)
    ADC3_IRQHandler                          0x08000163   Thumb Code     0  startup_stm32f10x_hd.o(.text)
    CAN1_RX1_IRQHandler                      0x08000163   Thumb Code     0  startup_stm32f10x_hd.o(.text)
    CAN1_SCE_IRQHandler                      0x08000163   Thumb Code     0  startup_stm32f10x_hd.o(.text)
    DMA1_Channel1_IRQHandler                 0x08000163   Thumb Code     0  startup_stm32f10x_hd.o(.text)
    DMA1_Channel2_IRQHandler                 0x08000163   Thumb Code     0  startup_stm32f10x_hd.o(.text)
    DMA1_Channel3_IRQHandler                 0x08000163   Thumb Code     0  startup_stm32f10x_hd.o(.text)
    DMA1_Channel4_IRQHandler                 0x08000163   Thumb Code     0  startup_stm32f10x_hd.o(.text)
    DMA1_Channel5_IRQHandler                 0x08000163   Thumb Code     0  startup_stm32f10x_hd.o(.text)
    DMA1_Channel6_IRQHandler                 0x08000163   Thumb Code     0  startup_stm32f10x_hd.o(.text)
    DMA1_Channel7_IRQHandler                 0x08000163   Thumb Code     0  startup_stm32f10x_hd.o(.text)
    DMA2_Channel1_IRQHandler                 0x08000163   Thumb Code     0  startup_stm32f10x_hd.o(.text)
    DMA2_Channel2_IRQHandler                 0x08000163   Thumb Code     0  startup_stm32f10x_hd.o(.text)
    DMA2_Channel3_IRQHandler                 0x08000163   Thumb Code     0  startup_stm32f10x_hd.o(.text)
    DMA2_Channel4_5_IRQHandler               0x08000163   Thumb Code     0  startup_stm32f10x_hd.o(.text)
    EXTI0_IRQHandler                         0x08000163   Thumb Code     0  startup_stm32f10x_hd.o(.text)
    EXTI15_10_IRQHandler                     0x08000163   Thumb Code     0  startup_stm32f10x_hd.o(.text)
    EXTI1_IRQHandler                         0x08000163   Thumb Code     0  startup_stm32f10x_hd.o(.text)
    EXTI2_IRQHandler                         0x08000163   Thumb Code     0  startup_stm32f10x_hd.o(.text)
    EXTI3_IRQHandler                         0x08000163   Thumb Code     0  startup_stm32f10x_hd.o(.text)
    EXTI4_IRQHandler                         0x08000163   Thumb Code     0  startup_stm32f10x_hd.o(.text)
    EXTI9_5_IRQHandler                       0x08000163   Thumb Code     0  startup_stm32f10x_hd.o(.text)
    FLASH_IRQHandler                         0x08000163   Thumb Code     0  startup_stm32f10x_hd.o(.text)
    FSMC_IRQHandler                          0x08000163   Thumb Code     0  startup_stm32f10x_hd.o(.text)
    I2C1_ER_IRQHandler                       0x08000163   Thumb Code     0  startup_stm32f10x_hd.o(.text)
    I2C1_EV_IRQHandler                       0x08000163   Thumb Code     0  startup_stm32f10x_hd.o(.text)
    I2C2_ER_IRQHandler                       0x08000163   Thumb Code     0  startup_stm32f10x_hd.o(.text)
    I2C2_EV_IRQHandler                       0x08000163   Thumb Code     0  startup_stm32f10x_hd.o(.text)
    PVD_IRQHandler                           0x08000163   Thumb Code     0  startup_stm32f10x_hd.o(.text)
    RCC_IRQHandler                           0x08000163   Thumb Code     0  startup_stm32f10x_hd.o(.text)
    RTCAlarm_IRQHandler                      0x08000163   Thumb Code     0  startup_stm32f10x_hd.o(.text)
    RTC_IRQHandler                           0x08000163   Thumb Code     0  startup_stm32f10x_hd.o(.text)
    SDIO_IRQHandler                          0x08000163   Thumb Code     0  startup_stm32f10x_hd.o(.text)
    SPI1_IRQHandler                          0x08000163   Thumb Code     0  startup_stm32f10x_hd.o(.text)
    SPI2_IRQHandler                          0x08000163   Thumb Code     0  startup_stm32f10x_hd.o(.text)
    SPI3_IRQHandler                          0x08000163   Thumb Code     0  startup_stm32f10x_hd.o(.text)
    TAMPER_IRQHandler                        0x08000163   Thumb Code     0  startup_stm32f10x_hd.o(.text)
    TIM1_BRK_IRQHandler                      0x08000163   Thumb Code     0  startup_stm32f10x_hd.o(.text)
    TIM1_CC_IRQHandler                       0x08000163   Thumb Code     0  startup_stm32f10x_hd.o(.text)
    TIM1_TRG_COM_IRQHandler                  0x08000163   Thumb Code     0  startup_stm32f10x_hd.o(.text)
    TIM2_IRQHandler                          0x08000163   Thumb Code     0  startup_stm32f10x_hd.o(.text)
    TIM5_IRQHandler                          0x08000163   Thumb Code     0  startup_stm32f10x_hd.o(.text)
    TIM7_IRQHandler                          0x08000163   Thumb Code     0  startup_stm32f10x_hd.o(.text)
    TIM8_BRK_IRQHandler                      0x08000163   Thumb Code     0  startup_stm32f10x_hd.o(.text)
    TIM8_CC_IRQHandler                       0x08000163   Thumb Code     0  startup_stm32f10x_hd.o(.text)
    TIM8_TRG_COM_IRQHandler                  0x08000163   Thumb Code     0  startup_stm32f10x_hd.o(.text)
    TIM8_UP_IRQHandler                       0x08000163   Thumb Code     0  startup_stm32f10x_hd.o(.text)
    USART2_IRQHandler                        0x08000163   Thumb Code     0  startup_stm32f10x_hd.o(.text)
    USBWakeUp_IRQHandler                     0x08000163   Thumb Code     0  startup_stm32f10x_hd.o(.text)
    USB_HP_CAN1_TX_IRQHandler                0x08000163   Thumb Code     0  startup_stm32f10x_hd.o(.text)
    USB_LP_CAN1_RX0_IRQHandler               0x08000163   Thumb Code     0  startup_stm32f10x_hd.o(.text)
    WWDG_IRQHandler                          0x08000163   Thumb Code     0  startup_stm32f10x_hd.o(.text)
    __aeabi_memset                           0x0800016d   Thumb Code    14  memseta.o(.text)
    __aeabi_memset4                          0x0800016d   Thumb Code     0  memseta.o(.text)
    __aeabi_memset8                          0x0800016d   Thumb Code     0  memseta.o(.text)
    __aeabi_memclr                           0x0800017b   Thumb Code     4  memseta.o(.text)
    __aeabi_memclr4                          0x0800017b   Thumb Code     0  memseta.o(.text)
    __aeabi_memclr8                          0x0800017b   Thumb Code     0  memseta.o(.text)
    _memset$wrapper                          0x0800017f   Thumb Code    18  memseta.o(.text)
    __aeabi_fadd                             0x08000191   Thumb Code   164  fadd.o(.text)
    __aeabi_fsub                             0x08000235   Thumb Code     6  fadd.o(.text)
    __aeabi_frsub                            0x0800023b   Thumb Code     6  fadd.o(.text)
    __aeabi_fmul                             0x08000241   Thumb Code   100  fmul.o(.text)
    __aeabi_fdiv                             0x080002a5   Thumb Code   124  fdiv.o(.text)
    __aeabi_dadd                             0x08000321   Thumb Code   322  dadd.o(.text)
    __aeabi_dsub                             0x08000463   Thumb Code     6  dadd.o(.text)
    __aeabi_drsub                            0x08000469   Thumb Code     6  dadd.o(.text)
    __aeabi_dmul                             0x0800046f   Thumb Code   228  dmul.o(.text)
    __aeabi_ddiv                             0x08000553   Thumb Code   222  ddiv.o(.text)
    __aeabi_i2f                              0x08000631   Thumb Code    18  fflti.o(.text)
    __aeabi_ui2f                             0x08000643   Thumb Code    10  ffltui.o(.text)
    __aeabi_f2iz                             0x0800064d   Thumb Code    50  ffixi.o(.text)
    __aeabi_f2d                              0x0800067f   Thumb Code    38  f2d.o(.text)
    __aeabi_d2f                              0x080006a5   Thumb Code    56  d2f.o(.text)
    __aeabi_cfcmpeq                          0x080006dd   Thumb Code     0  cfcmple.o(.text)
    __aeabi_cfcmple                          0x080006dd   Thumb Code    20  cfcmple.o(.text)
    __aeabi_cfrcmple                         0x080006f1   Thumb Code    20  cfrcmple.o(.text)
    __aeabi_uidiv                            0x08000705   Thumb Code     0  uidiv.o(.text)
    __aeabi_uidivmod                         0x08000705   Thumb Code    44  uidiv.o(.text)
    __aeabi_uldivmod                         0x08000731   Thumb Code    98  uldiv.o(.text)
    __aeabi_llsl                             0x08000793   Thumb Code    30  llshl.o(.text)
    _ll_shift_l                              0x08000793   Thumb Code     0  llshl.o(.text)
    __aeabi_lasr                             0x080007b1   Thumb Code    36  llsshr.o(.text)
    _ll_sshift_r                             0x080007b1   Thumb Code     0  llsshr.o(.text)
    __I$use$fp                               0x080007d5   Thumb Code     0  iusefp.o(.text)
    _float_round                             0x080007d5   Thumb Code    18  fepilogue.o(.text)
    _float_epilogue                          0x080007e7   Thumb Code    92  fepilogue.o(.text)
    _double_round                            0x08000843   Thumb Code    30  depilogue.o(.text)
    _double_epilogue                         0x08000861   Thumb Code   156  depilogue.o(.text)
    __ARM_scalbn                             0x080008fd   Thumb Code    46  dscalb.o(.text)
    scalbn                                   0x080008fd   Thumb Code     0  dscalb.o(.text)
    __aeabi_d2ulz                            0x0800092b   Thumb Code    48  dfixul.o(.text)
    __aeabi_cdcmpeq                          0x0800095d   Thumb Code     0  cdcmple.o(.text)
    __aeabi_cdcmple                          0x0800095d   Thumb Code    48  cdcmple.o(.text)
    __aeabi_cdrcmple                         0x0800098d   Thumb Code    48  cdrcmple.o(.text)
    __scatterload                            0x080009bd   Thumb Code    28  init.o(.text)
    __scatterload_rt2                        0x080009bd   Thumb Code     0  init.o(.text)
    __aeabi_llsr                             0x080009e1   Thumb Code    32  llushr.o(.text)
    _ll_ushift_r                             0x080009e1   Thumb Code     0  llushr.o(.text)
    _dsqrt                                   0x08000a01   Thumb Code   162  dsqrt.o(.text)
    __decompress                             0x08000aa3   Thumb Code     0  __dczerorl2.o(.text)
    __decompress1                            0x08000aa3   Thumb Code    86  __dczerorl2.o(.text)
    Angle_PID                                0x08000af9   Thumb Code   202  control.o(i.Angle_PID)
    BLU_Init                                 0x08000bed   Thumb Code     8  blu.o(i.BLU_Init)
    BLU_Uart3_Init                           0x08000bf5   Thumb Code   162  blu.o(i.BLU_Uart3_Init)
    BusFault_Handler                         0x08000ca1   Thumb Code     4  stm32f10x_it.o(i.BusFault_Handler)
    Create_Task                              0x08000ca5   Thumb Code   160  task.o(i.Create_Task)
    DATA_Report                              0x08000db9   Thumb Code   332  mpu6050.o(i.DATA_Report)
    DebugMon_Handler                         0x08000f41   Thumb Code     2  stm32f10x_it.o(i.DebugMon_Handler)
    Encoder_Init                             0x08000f45   Thumb Code   222  encoder.o(i.Encoder_Init)
    GPIO_Init                                0x08001035   Thumb Code   278  stm32f10x_gpio.o(i.GPIO_Init)
    GPIO_ResetBits                           0x0800114b   Thumb Code     4  stm32f10x_gpio.o(i.GPIO_ResetBits)
    GPIO_WriteBit                            0x0800114f   Thumb Code    10  stm32f10x_gpio.o(i.GPIO_WriteBit)
    Get_Angle                                0x08001159   Thumb Code    60  atk_ms901m.o(i.Get_Angle)
    Get_Angle_Static_Bias                    0x080011b1   Thumb Code    10  task.o(i.Get_Angle_Static_Bias)
    HardFault_Handler                        0x080011c5   Thumb Code     4  stm32f10x_it.o(i.HardFault_Handler)
    Incremental_PID_left                     0x080011c9   Thumb Code   166  control.o(i.Incremental_PID_left)
    Incremental_PID_right                    0x0800128d   Thumb Code   166  control.o(i.Incremental_PID_right)
    Key_map                                  0x080013c5   Thumb Code   160  bsp.o(i.Key_map)
    LED_Init                                 0x080014e1   Thumb Code    50  led.o(i.LED_Init)
    LED_toggle                               0x08001519   Thumb Code    14  led.o(i.LED_toggle)
    MPU_IIC_Ack                              0x0800152d   Thumb Code    62  mpuiic.o(i.MPU_IIC_Ack)
    MPU_IIC_Delay                            0x08001579   Thumb Code    10  mpuiic.o(i.MPU_IIC_Delay)
    MPU_IIC_NAck                             0x08001585   Thumb Code    62  mpuiic.o(i.MPU_IIC_NAck)
    MPU_IIC_Read_Byte                        0x080015d1   Thumb Code    94  mpuiic.o(i.MPU_IIC_Read_Byte)
    MPU_IIC_Send_Byte                        0x0800163d   Thumb Code    80  mpuiic.o(i.MPU_IIC_Send_Byte)
    MPU_IIC_Start                            0x08001699   Thumb Code    60  mpuiic.o(i.MPU_IIC_Start)
    MPU_IIC_Stop                             0x080016e1   Thumb Code    58  mpuiic.o(i.MPU_IIC_Stop)
    MPU_IIC_Wait_Ack                         0x08001729   Thumb Code    86  mpuiic.o(i.MPU_IIC_Wait_Ack)
    MPU_Read                                 0x0800178d   Thumb Code    70  mpu6050.o(i.MPU_Read)
    MPU_Read_Len                             0x080017e9   Thumb Code   116  mpu6050.o(i.MPU_Read_Len)
    MPU_Write_Len                            0x0800185d   Thumb Code    96  mpu6050.o(i.MPU_Write_Len)
    MemManage_Handler                        0x080018bd   Thumb Code     4  stm32f10x_it.o(i.MemManage_Handler)
    Motor1_SetDirct                          0x080018c1   Thumb Code    28  encoder.o(i.Motor1_SetDirct)
    Motor2_SetDirct                          0x080018e1   Thumb Code    32  encoder.o(i.Motor2_SetDirct)
    Motor_Init                               0x08001905   Thumb Code    52  encoder.o(i.Motor_Init)
    NMI_Handler                              0x0800193d   Thumb Code     2  stm32f10x_it.o(i.NMI_Handler)
    NVIC_Init                                0x08001941   Thumb Code   100  misc.o(i.NVIC_Init)
    NVIC_PriorityGroupConfig                 0x080019b1   Thumb Code    10  misc.o(i.NVIC_PriorityGroupConfig)
    OLED_Clear                               0x080019c5   Thumb Code    42  oled.o(i.OLED_Clear)
    OLED_I2C_Init                            0x080019f1   Thumb Code    76  oled.o(i.OLED_I2C_Init)
    OLED_I2C_SendByte                        0x08001a41   Thumb Code    80  oled.o(i.OLED_I2C_SendByte)
    OLED_I2C_Start                           0x08001a95   Thumb Code    48  oled.o(i.OLED_I2C_Start)
    OLED_I2C_Stop                            0x08001ac9   Thumb Code    36  oled.o(i.OLED_I2C_Stop)
    OLED_Init                                0x08001af1   Thumb Code   174  oled.o(i.OLED_Init)
    OLED_Pow                                 0x08001b9f   Thumb Code    20  oled.o(i.OLED_Pow)
    OLED_SetCursor                           0x08001bb3   Thumb Code    34  oled.o(i.OLED_SetCursor)
    OLED_ShowChar                            0x08001bd5   Thumb Code   110  oled.o(i.OLED_ShowChar)
    OLED_ShowNum                             0x08001c49   Thumb Code    68  oled.o(i.OLED_ShowNum)
    OLED_ShowString                          0x08001c8d   Thumb Code    40  oled.o(i.OLED_ShowString)
    OLED_WriteCommand                        0x08001cb5   Thumb Code    32  oled.o(i.OLED_WriteCommand)
    OLED_WriteData                           0x08001cd5   Thumb Code    32  oled.o(i.OLED_WriteData)
    PWM_Init                                 0x08001cf5   Thumb Code   154  pwm.o(i.PWM_Init)
    PWM_restrict                             0x08001d95   Thumb Code    16  pwm.o(i.PWM_restrict)
    PWM_updata_Motor1                        0x08001da5   Thumb Code    62  pwm.o(i.PWM_updata_Motor1)
    PWM_updata_Motor2                        0x08001de9   Thumb Code    66  pwm.o(i.PWM_updata_Motor2)
    PendSV_Handler                           0x08001e2b   Thumb Code     2  stm32f10x_it.o(i.PendSV_Handler)
    RCC_APB1PeriphClockCmd                   0x08001e2d   Thumb Code    26  stm32f10x_rcc.o(i.RCC_APB1PeriphClockCmd)
    RCC_APB1PeriphResetCmd                   0x08001e4d   Thumb Code    26  stm32f10x_rcc.o(i.RCC_APB1PeriphResetCmd)
    RCC_APB2PeriphClockCmd                   0x08001e6d   Thumb Code    26  stm32f10x_rcc.o(i.RCC_APB2PeriphClockCmd)
    RCC_APB2PeriphResetCmd                   0x08001e8d   Thumb Code    26  stm32f10x_rcc.o(i.RCC_APB2PeriphResetCmd)
    RCC_GetClocksFreq                        0x08001ead   Thumb Code   192  stm32f10x_rcc.o(i.RCC_GetClocksFreq)
    Read_Encoder                             0x08001f81   Thumb Code    48  encoder.o(i.Read_Encoder)
    Rpm_Encoder_Cnt                          0x08001fb9   Thumb Code    86  encoder.o(i.Rpm_Encoder_Cnt)
    SVC_Handler                              0x0800200f   Thumb Code     2  stm32f10x_it.o(i.SVC_Handler)
    SysTick_Handler                          0x080020f9   Thumb Code     2  stm32f10x_it.o(i.SysTick_Handler)
    SystemInit                               0x080020fd   Thumb Code    78  system_stm32f10x.o(i.SystemInit)
    TIM1_UP_IRQHandler                       0x0800239d   Thumb Code   230  control.o(i.TIM1_UP_IRQHandler)
    TIM3_IRQHandler                          0x080024bd   Thumb Code    22  encoder.o(i.TIM3_IRQHandler)
    TIM4_IRQHandler                          0x080024d9   Thumb Code    22  encoder.o(i.TIM4_IRQHandler)
    TIM6_IRQHandler                          0x080024f5   Thumb Code    40  task.o(i.TIM6_IRQHandler)
    TIM_ClearITPendingBit                    0x08002525   Thumb Code     6  stm32f10x_tim.o(i.TIM_ClearITPendingBit)
    TIM_Cmd                                  0x0800252b   Thumb Code    24  stm32f10x_tim.o(i.TIM_Cmd)
    TIM_EncoderInterfaceConfig               0x08002543   Thumb Code    66  stm32f10x_tim.o(i.TIM_EncoderInterfaceConfig)
    TIM_GetITStatus                          0x08002585   Thumb Code    34  stm32f10x_tim.o(i.TIM_GetITStatus)
    TIM_ICInit                               0x080025a9   Thumb Code   150  stm32f10x_tim.o(i.TIM_ICInit)
    TIM_ICStructInit                         0x08002655   Thumb Code    18  stm32f10x_tim.o(i.TIM_ICStructInit)
    TIM_ITConfig                             0x08002667   Thumb Code    18  stm32f10x_tim.o(i.TIM_ITConfig)
    TIM_InternalClockConfig                  0x08002679   Thumb Code    12  stm32f10x_tim.o(i.TIM_InternalClockConfig)
    TIM_OC3Init                              0x08002685   Thumb Code   150  stm32f10x_tim.o(i.TIM_OC3Init)
    TIM_OC4Init                              0x08002725   Thumb Code   114  stm32f10x_tim.o(i.TIM_OC4Init)
    TIM_OCStructInit                         0x080027a1   Thumb Code    20  stm32f10x_tim.o(i.TIM_OCStructInit)
    TIM_SetCounter                           0x080027b5   Thumb Code     4  stm32f10x_tim.o(i.TIM_SetCounter)
    TIM_SetIC1Prescaler                      0x080027b9   Thumb Code    18  stm32f10x_tim.o(i.TIM_SetIC1Prescaler)
    TIM_SetIC2Prescaler                      0x080027cb   Thumb Code    26  stm32f10x_tim.o(i.TIM_SetIC2Prescaler)
    TIM_SetIC3Prescaler                      0x080027e5   Thumb Code    18  stm32f10x_tim.o(i.TIM_SetIC3Prescaler)
    TIM_SetIC4Prescaler                      0x080027f7   Thumb Code    26  stm32f10x_tim.o(i.TIM_SetIC4Prescaler)
    TIM_Standard_Init                        0x08002811   Thumb Code   102  task.o(i.TIM_Standard_Init)
    TIM_TimeBaseInit                         0x0800287d   Thumb Code   122  stm32f10x_tim.o(i.TIM_TimeBaseInit)
    Task_100ms                               0x08002921   Thumb Code     2  task.o(i.Task_100ms)
    Task_10ms                                0x08002923   Thumb Code     8  task.o(i.Task_10ms)
    Task_1ms                                 0x0800292b   Thumb Code     2  task.o(i.Task_1ms)
    Task_500ms                               0x0800292d   Thumb Code     8  task.o(i.Task_500ms)
    Task_5ms                                 0x08002935   Thumb Code    20  task.o(i.Task_5ms)
    Task_Init                                0x0800294d   Thumb Code   230  task.o(i.Task_Init)
    Task_Run                                 0x08002a9d   Thumb Code   470  task.o(i.Task_Run)
    Timer1_InternalClock_Init                0x08002ce9   Thumb Code   104  timer.o(i.Timer1_InternalClock_Init)
    UART4_IRQHandler                         0x08002d55   Thumb Code   118  bsp_usart.o(i.UART4_IRQHandler)
    UART5_IRQHandler                         0x08002ddd   Thumb Code    74  atk_ms901m_uart.o(i.UART5_IRQHandler)
    USART1_IRQHandler                        0x08002e2d   Thumb Code   120  bsp_usart.o(i.USART1_IRQHandler)
    USART1_Init                              0x08002eb5   Thumb Code   162  bsp_usart.o(i.USART1_Init)
    USART3_IRQHandler                        0x08002f61   Thumb Code   124  blu.o(i.USART3_IRQHandler)
    USART_ClearITPendingBit                  0x08002fed   Thumb Code    30  stm32f10x_usart.o(i.USART_ClearITPendingBit)
    USART_Cmd                                0x0800300b   Thumb Code    24  stm32f10x_usart.o(i.USART_Cmd)
    USART_DeInit                             0x08003025   Thumb Code   134  stm32f10x_usart.o(i.USART_DeInit)
    USART_GetFlagStatus                      0x080030c1   Thumb Code    26  stm32f10x_usart.o(i.USART_GetFlagStatus)
    USART_GetITStatus                        0x080030db   Thumb Code    84  stm32f10x_usart.o(i.USART_GetITStatus)
    USART_ITConfig                           0x0800312f   Thumb Code    74  stm32f10x_usart.o(i.USART_ITConfig)
    USART_Init                               0x08003179   Thumb Code   210  stm32f10x_usart.o(i.USART_Init)
    USART_ReceiveData                        0x08003251   Thumb Code    10  stm32f10x_usart.o(i.USART_ReceiveData)
    USART_SendData                           0x0800325b   Thumb Code     8  stm32f10x_usart.o(i.USART_SendData)
    UsageFault_Handler                       0x08003263   Thumb Code     4  stm32f10x_it.o(i.UsageFault_Handler)
    __0printf                                0x08003269   Thumb Code    22  printfa.o(i.__0printf)
    __1printf                                0x08003269   Thumb Code     0  printfa.o(i.__0printf)
    __2printf                                0x08003269   Thumb Code     0  printfa.o(i.__0printf)
    __c89printf                              0x08003269   Thumb Code     0  printfa.o(i.__0printf)
    printf                                   0x08003269   Thumb Code     0  printfa.o(i.__0printf)
    __0sprintf                               0x08003289   Thumb Code    34  printfa.o(i.__0sprintf)
    __1sprintf                               0x08003289   Thumb Code     0  printfa.o(i.__0sprintf)
    __2sprintf                               0x08003289   Thumb Code     0  printfa.o(i.__0sprintf)
    __c89sprintf                             0x08003289   Thumb Code     0  printfa.o(i.__0sprintf)
    sprintf                                  0x08003289   Thumb Code     0  printfa.o(i.__0sprintf)
    __ARM_fpclassify                         0x080032b1   Thumb Code    40  fpclassify.o(i.__ARM_fpclassify)
    __kernel_poly                            0x080032d9   Thumb Code   170  poly.o(i.__kernel_poly)
    __mathlib_dbl_infnan                     0x08003383   Thumb Code     6  dunder.o(i.__mathlib_dbl_infnan)
    __mathlib_dbl_infnan2                    0x08003389   Thumb Code     4  dunder.o(i.__mathlib_dbl_infnan2)
    __mathlib_dbl_invalid                    0x0800338d   Thumb Code    12  dunder.o(i.__mathlib_dbl_invalid)
    __mathlib_dbl_underflow                  0x08003399   Thumb Code    10  dunder.o(i.__mathlib_dbl_underflow)
    __scatterload_copy                       0x080033a9   Thumb Code    14  handlers.o(i.__scatterload_copy)
    __scatterload_null                       0x080033b7   Thumb Code     2  handlers.o(i.__scatterload_null)
    __scatterload_zeroinit                   0x080033b9   Thumb Code    14  handlers.o(i.__scatterload_zeroinit)
    __set_errno                              0x080033c9   Thumb Code     6  errno.o(i.__set_errno)
    asin                                     0x08003c69   Thumb Code   572  asin.o(i.asin)
    atan                                     0x08003ed9   Thumb Code   474  atan.o(i.atan)
    atan2                                    0x080040f9   Thumb Code   374  atan2.o(i.atan2)
    atk_ms901m_get_attitude                  0x08004295   Thumb Code   172  atk_ms901m.o(i.atk_ms901m_get_attitude)
    atk_ms901m_init                          0x080044e5   Thumb Code    52  atk_ms901m.o(i.atk_ms901m_init)
    atk_ms901m_read_reg_by_id                0x0800451d   Thumb Code   150  atk_ms901m.o(i.atk_ms901m_read_reg_by_id)
    atk_ms901m_uart_init                     0x080045b5   Thumb Code   178  atk_ms901m_uart.o(i.atk_ms901m_uart_init)
    atk_ms901m_uart_rx_fifo_read             0x08004679   Thumb Code   122  atk_ms901m_uart.o(i.atk_ms901m_uart_rx_fifo_read)
    atk_ms901m_uart_rx_fifo_write            0x080046f9   Thumb Code    62  atk_ms901m_uart.o(i.atk_ms901m_uart_rx_fifo_write)
    atk_ms901m_uart_send                     0x0800473d   Thumb Code    44  atk_ms901m_uart.o(i.atk_ms901m_uart_send)
    bsp_GetKey                               0x08004839   Thumb Code    46  bsp_key.o(i.bsp_GetKey)
    bsp_InitKeyHard                          0x0800486d   Thumb Code    76  bsp_key.o(i.bsp_InitKeyHard)
    bsp_InitKeyVar                           0x080048bd   Thumb Code    70  bsp_key.o(i.bsp_InitKeyVar)
    bsp_KeyScan10ms                          0x0800490d   Thumb Code    22  bsp_key.o(i.bsp_KeyScan10ms)
    bsp_PutKey                               0x08004925   Thumb Code    28  bsp_key.o(i.bsp_PutKey)
    bsp_init                                 0x08004945   Thumb Code    86  bsp.o(i.bsp_init)
    bsp_key_init                             0x080049a5   Thumb Code    12  bsp_key.o(i.bsp_key_init)
    delay_init                               0x08004a15   Thumb Code    56  delay.o(i.delay_init)
    delay_ms                                 0x08004a55   Thumb Code    56  delay.o(i.delay_ms)
    delay_us                                 0x08004a91   Thumb Code    56  delay.o(i.delay_us)
    dmp_read_fifo                            0x08004acd   Thumb Code   456  inv_mpu_dmp_motion_driver.o(i.dmp_read_fifo)
    fputc                                    0x08004c99   Thumb Code    32  bsp_usart.o(i.fputc)
    free                                     0x08004cbd   Thumb Code    76  malloc.o(i.free)
    main                                     0x08004d0d   Thumb Code    68  main.o(i.main)
    malloc                                   0x08004d61   Thumb Code    92  malloc.o(i.malloc)
    mget_ms                                  0x08004dcd   Thumb Code     2  inv_mpu.o(i.mget_ms)
    mpu_dmp_get_data                         0x08004dd1   Thumb Code   544  inv_mpu.o(i.mpu_dmp_get_data)
    mpu_read_fifo_stream                     0x08004ff5   Thumb Code   186  inv_mpu.o(i.mpu_read_fifo_stream)
    mpu_reset_fifo                           0x080050b5   Thumb Code   450  inv_mpu.o(i.mpu_reset_fifo)
    sqrt                                     0x0800527d   Thumb Code    76  sqrt.o(i.sqrt)
    reg                                      0x080052c8   Data          27  inv_mpu.o(.constdata)
    hw                                       0x080052e4   Data          12  inv_mpu.o(.constdata)
    test                                     0x080052f0   Data          40  inv_mpu.o(.constdata)
    OLED_F8x16                               0x08005318   Data        1520  oled.o(.constdata)
    __mathlib_zero                           0x08005a18   Data           8  qnan.o(.constdata)
    Region$$Table$$Base                      0x08005a20   Number         0  anon$$obj.o(Region$$Table)
    Region$$Table$$Limit                     0x08005a40   Number         0  anon$$obj.o(Region$$Table)
    ANGLE_STATIC_BIAS                        0x20000054   Data           4  atk_ms901m.o(.data)
    Now_Angle                                0x20000058   Data           4  atk_ms901m.o(.data)
    mpu6050                                  0x2000005c   Data           2  mpu6050.o(.data)
    pitch                                    0x20000060   Data           4  mpu6050.o(.data)
    roll                                     0x20000064   Data           4  mpu6050.o(.data)
    yaw                                      0x20000068   Data           4  mpu6050.o(.data)
    aacx                                     0x2000006c   Data           2  mpu6050.o(.data)
    aacy                                     0x2000006e   Data           2  mpu6050.o(.data)
    aacz                                     0x20000070   Data           2  mpu6050.o(.data)
    gyrox                                    0x20000072   Data           2  mpu6050.o(.data)
    gyroy                                    0x20000074   Data           2  mpu6050.o(.data)
    gyroz                                    0x20000076   Data           2  mpu6050.o(.data)
    temp                                     0x20000078   Data           2  mpu6050.o(.data)
    MPU_FLAG                                 0x2000007a   Data           1  mpu6050.o(.data)
    BLU_rxdata                               0x2000007b   Data           4  blu.o(.data)
    rxarr                                    0x20000084   Data          16  bsp_usart.o(.data)
    KeyCode                                  0x2000009c   Data           2  main.o(.data)
    Position_KP                              0x200000a0   Data           4  control.o(.data)
    Position_KI                              0x200000a4   Data           4  control.o(.data)
    Position_KD                              0x200000a8   Data           4  control.o(.data)
    Incremental_KP_1                         0x200000ac   Data           4  control.o(.data)
    Incremental_KI_1                         0x200000b0   Data           4  control.o(.data)
    Incremental_KD_1                         0x200000b4   Data           4  control.o(.data)
    Incremental_KP_2                         0x200000b8   Data           4  control.o(.data)
    Incremental_KI_2                         0x200000bc   Data           4  control.o(.data)
    Incremental_KD_2                         0x200000c0   Data           4  control.o(.data)
    Target_Velocity_1                        0x200000c4   Data           4  control.o(.data)
    Reality_Velocity_1                       0x200000c8   Data           4  control.o(.data)
    Target_Position_1                        0x200000cc   Data           4  control.o(.data)
    Reality_Position_1                       0x200000d0   Data           4  control.o(.data)
    Target_Velocity_2                        0x200000d4   Data           4  control.o(.data)
    Reality_Velocity_2                       0x200000d8   Data           4  control.o(.data)
    Target_Position_2                        0x200000dc   Data           4  control.o(.data)
    Reality_Position_2                       0x200000e0   Data           4  control.o(.data)
    trace_KP                                 0x200000e4   Data           4  control.o(.data)
    trace_KI                                 0x200000e8   Data           4  control.o(.data)
    trace_KD                                 0x200000ec   Data           4  control.o(.data)
    angle_KP                                 0x200000f0   Data           4  control.o(.data)
    angle_KI                                 0x200000f4   Data           4  control.o(.data)
    angle_KD                                 0x200000f8   Data           4  control.o(.data)
    Target_angle                             0x200000fc   Data           4  control.o(.data)
    Angle_Dead_Space                         0x20000100   Data           4  control.o(.data)
    start_flag                               0x20000104   Data           1  control.o(.data)
    task1_time                               0x20000108   Data           4  control.o(.data)
    task2_time                               0x2000010c   Data           4  control.o(.data)
    global_time                              0x20000188   Data           8  task.o(.data)
    Task_num                                 0x20000190   Data           1  task.o(.data)
    Task_1ms_handler                         0x20000194   Data           4  task.o(.data)
    Task_5ms_handler                         0x20000198   Data           4  task.o(.data)
    Task_10ms_handler                        0x2000019c   Data           4  task.o(.data)
    Task_100ms_handler                       0x200001a0   Data           4  task.o(.data)
    Task_500ms_handler                       0x200001a4   Data           4  task.o(.data)
    Get_Angle_Static_Bias_handler            0x200001a8   Data           4  task.o(.data)
    __stdout                                 0x200001ac   Data           4  stdout.o(.data)
    __microlib_freelist                      0x200001b0   Data           4  mvars.o(.data)
    __microlib_freelist_initialised          0x200001b4   Data           4  mvars.o(.data)
    str                                      0x20000254   Data          20  atk_ms901m.o(.bss)
    attitude_dat                             0x20000268   Data          12  atk_ms901m.o(.bss)
    MPU_Data                                 0x20000274   Data          12  mpu6050.o(.bss)
    __heap_base                              0x20000308   Data           0  startup_stm32f10x_hd.o(HEAP)
    __heap_limit                             0x20000508   Data           0  startup_stm32f10x_hd.o(HEAP)
    __initial_sp                             0x20000908   Data           0  startup_stm32f10x_hd.o(STACK)



==============================================================================

Memory Map of the image

  Image Entry point : 0x08000131

  Load Region LR_IROM1 (Base: 0x08000000, Size: 0x00005bfc, Max: 0x00040000, ABSOLUTE, COMPRESSED[0x00005a9c])

    Execution Region ER_IROM1 (Exec base: 0x08000000, Load base: 0x08000000, Size: 0x00005a40, Max: 0x00040000, ABSOLUTE)

    Exec Addr    Load Addr    Size         Type   Attr      Idx    E Section Name        Object

    0x08000000   0x08000000   0x00000130   Data   RO            3    RESET               startup_stm32f10x_hd.o
    0x08000130   0x08000130   0x00000000   Code   RO         4967  * .ARM.Collect$$$$00000000  mc_w.l(entry.o)
    0x08000130   0x08000130   0x00000004   Code   RO         5332    .ARM.Collect$$$$00000001  mc_w.l(entry2.o)
    0x08000134   0x08000134   0x00000004   Code   RO         5335    .ARM.Collect$$$$00000004  mc_w.l(entry5.o)
    0x08000138   0x08000138   0x00000000   Code   RO         5337    .ARM.Collect$$$$00000008  mc_w.l(entry7b.o)
    0x08000138   0x08000138   0x00000000   Code   RO         5339    .ARM.Collect$$$$0000000A  mc_w.l(entry8b.o)
    0x08000138   0x08000138   0x00000008   Code   RO         5340    .ARM.Collect$$$$0000000B  mc_w.l(entry9a.o)
    0x08000140   0x08000140   0x00000004   Code   RO         5347    .ARM.Collect$$$$0000000E  mc_w.l(entry12b.o)
    0x08000144   0x08000144   0x00000000   Code   RO         5342    .ARM.Collect$$$$0000000F  mc_w.l(entry10a.o)
    0x08000144   0x08000144   0x00000000   Code   RO         5344    .ARM.Collect$$$$00000011  mc_w.l(entry11a.o)
    0x08000144   0x08000144   0x00000004   Code   RO         5333    .ARM.Collect$$$$00002712  mc_w.l(entry2.o)
    0x08000148   0x08000148   0x00000024   Code   RO            4    .text               startup_stm32f10x_hd.o
    0x0800016c   0x0800016c   0x00000024   Code   RO         4972    .text               mc_w.l(memseta.o)
    0x08000190   0x08000190   0x000000b0   Code   RO         5265    .text               mf_w.l(fadd.o)
    0x08000240   0x08000240   0x00000064   Code   RO         5267    .text               mf_w.l(fmul.o)
    0x080002a4   0x080002a4   0x0000007c   Code   RO         5269    .text               mf_w.l(fdiv.o)
    0x08000320   0x08000320   0x0000014e   Code   RO         5271    .text               mf_w.l(dadd.o)
    0x0800046e   0x0800046e   0x000000e4   Code   RO         5273    .text               mf_w.l(dmul.o)
    0x08000552   0x08000552   0x000000de   Code   RO         5275    .text               mf_w.l(ddiv.o)
    0x08000630   0x08000630   0x00000012   Code   RO         5277    .text               mf_w.l(fflti.o)
    0x08000642   0x08000642   0x0000000a   Code   RO         5279    .text               mf_w.l(ffltui.o)
    0x0800064c   0x0800064c   0x00000032   Code   RO         5283    .text               mf_w.l(ffixi.o)
    0x0800067e   0x0800067e   0x00000026   Code   RO         5287    .text               mf_w.l(f2d.o)
    0x080006a4   0x080006a4   0x00000038   Code   RO         5289    .text               mf_w.l(d2f.o)
    0x080006dc   0x080006dc   0x00000014   Code   RO         5291    .text               mf_w.l(cfcmple.o)
    0x080006f0   0x080006f0   0x00000014   Code   RO         5293    .text               mf_w.l(cfrcmple.o)
    0x08000704   0x08000704   0x0000002c   Code   RO         5349    .text               mc_w.l(uidiv.o)
    0x08000730   0x08000730   0x00000062   Code   RO         5351    .text               mc_w.l(uldiv.o)
    0x08000792   0x08000792   0x0000001e   Code   RO         5353    .text               mc_w.l(llshl.o)
    0x080007b0   0x080007b0   0x00000024   Code   RO         5355    .text               mc_w.l(llsshr.o)
    0x080007d4   0x080007d4   0x00000000   Code   RO         5370    .text               mc_w.l(iusefp.o)
    0x080007d4   0x080007d4   0x0000006e   Code   RO         5371    .text               mf_w.l(fepilogue.o)
    0x08000842   0x08000842   0x000000ba   Code   RO         5373    .text               mf_w.l(depilogue.o)
    0x080008fc   0x080008fc   0x0000002e   Code   RO         5375    .text               mf_w.l(dscalb.o)
    0x0800092a   0x0800092a   0x00000030   Code   RO         5377    .text               mf_w.l(dfixul.o)
    0x0800095a   0x0800095a   0x00000002   PAD
    0x0800095c   0x0800095c   0x00000030   Code   RO         5379    .text               mf_w.l(cdcmple.o)
    0x0800098c   0x0800098c   0x00000030   Code   RO         5381    .text               mf_w.l(cdrcmple.o)
    0x080009bc   0x080009bc   0x00000024   Code   RO         5383    .text               mc_w.l(init.o)
    0x080009e0   0x080009e0   0x00000020   Code   RO         5385    .text               mc_w.l(llushr.o)
    0x08000a00   0x08000a00   0x000000a2   Code   RO         5387    .text               mf_w.l(dsqrt.o)
    0x08000aa2   0x08000aa2   0x00000056   Code   RO         5397    .text               mc_w.l(__dczerorl2.o)
    0x08000af8   0x08000af8   0x000000f4   Code   RO         4686    i.Angle_PID         control.o
    0x08000bec   0x08000bec   0x00000008   Code   RO         4255    i.BLU_Init          blu.o
    0x08000bf4   0x08000bf4   0x000000ac   Code   RO         4256    i.BLU_Uart3_Init    blu.o
    0x08000ca0   0x08000ca0   0x00000004   Code   RO         4886    i.BusFault_Handler  stm32f10x_it.o
    0x08000ca4   0x08000ca4   0x00000114   Code   RO         4746    i.Create_Task       task.o
    0x08000db8   0x08000db8   0x00000188   Code   RO         4005    i.DATA_Report       mpu6050.o
    0x08000f40   0x08000f40   0x00000002   Code   RO         4887    i.DebugMon_Handler  stm32f10x_it.o
    0x08000f42   0x08000f42   0x00000002   PAD
    0x08000f44   0x08000f44   0x000000f0   Code   RO         4507    i.Encoder_Init      encoder.o
    0x08001034   0x08001034   0x00000116   Code   RO         1347    i.GPIO_Init         stm32f10x_gpio.o
    0x0800114a   0x0800114a   0x00000004   Code   RO         1354    i.GPIO_ResetBits    stm32f10x_gpio.o
    0x0800114e   0x0800114e   0x0000000a   Code   RO         1358    i.GPIO_WriteBit     stm32f10x_gpio.o
    0x08001158   0x08001158   0x00000058   Code   RO         3878    i.Get_Angle         atk_ms901m.o
    0x080011b0   0x080011b0   0x00000014   Code   RO         4747    i.Get_Angle_Static_Bias  task.o
    0x080011c4   0x080011c4   0x00000004   Code   RO         4888    i.HardFault_Handler  stm32f10x_it.o
    0x080011c8   0x080011c8   0x000000c4   Code   RO         4687    i.Incremental_PID_left  control.o
    0x0800128c   0x0800128c   0x000000c4   Code   RO         4688    i.Incremental_PID_right  control.o
    0x08001350   0x08001350   0x0000003e   Code   RO         4576    i.IsKeyDownFunc     bsp_key.o
    0x0800138e   0x0800138e   0x00000002   PAD
    0x08001390   0x08001390   0x00000034   Code   RO         4577    i.KeyPinActive      bsp_key.o
    0x080013c4   0x080013c4   0x0000011c   Code   RO         4855    i.Key_map           bsp.o
    0x080014e0   0x080014e0   0x00000038   Code   RO         4333    i.LED_Init          led.o
    0x08001518   0x08001518   0x00000014   Code   RO         4334    i.LED_toggle        led.o
    0x0800152c   0x0800152c   0x0000004c   Code   RO         4117    i.MPU_IIC_Ack       mpuiic.o
    0x08001578   0x08001578   0x0000000a   Code   RO         4118    i.MPU_IIC_Delay     mpuiic.o
    0x08001582   0x08001582   0x00000002   PAD
    0x08001584   0x08001584   0x0000004c   Code   RO         4120    i.MPU_IIC_NAck      mpuiic.o
    0x080015d0   0x080015d0   0x0000006c   Code   RO         4121    i.MPU_IIC_Read_Byte  mpuiic.o
    0x0800163c   0x0800163c   0x0000005c   Code   RO         4122    i.MPU_IIC_Send_Byte  mpuiic.o
    0x08001698   0x08001698   0x00000048   Code   RO         4123    i.MPU_IIC_Start     mpuiic.o
    0x080016e0   0x080016e0   0x00000048   Code   RO         4124    i.MPU_IIC_Stop      mpuiic.o
    0x08001728   0x08001728   0x00000064   Code   RO         4125    i.MPU_IIC_Wait_Ack  mpuiic.o
    0x0800178c   0x0800178c   0x0000005c   Code   RO         4011    i.MPU_Read          mpu6050.o
    0x080017e8   0x080017e8   0x00000074   Code   RO         4013    i.MPU_Read_Len      mpu6050.o
    0x0800185c   0x0800185c   0x00000060   Code   RO         4019    i.MPU_Write_Len     mpu6050.o
    0x080018bc   0x080018bc   0x00000004   Code   RO         4889    i.MemManage_Handler  stm32f10x_it.o
    0x080018c0   0x080018c0   0x00000020   Code   RO         4509    i.Motor1_SetDirct   encoder.o
    0x080018e0   0x080018e0   0x00000024   Code   RO         4510    i.Motor2_SetDirct   encoder.o
    0x08001904   0x08001904   0x00000038   Code   RO         4511    i.Motor_Init        encoder.o
    0x0800193c   0x0800193c   0x00000002   Code   RO         4890    i.NMI_Handler       stm32f10x_it.o
    0x0800193e   0x0800193e   0x00000002   PAD
    0x08001940   0x08001940   0x00000070   Code   RO          137    i.NVIC_Init         misc.o
    0x080019b0   0x080019b0   0x00000014   Code   RO          138    i.NVIC_PriorityGroupConfig  misc.o
    0x080019c4   0x080019c4   0x0000002a   Code   RO         4399    i.OLED_Clear        oled.o
    0x080019ee   0x080019ee   0x00000002   PAD
    0x080019f0   0x080019f0   0x00000050   Code   RO         4400    i.OLED_I2C_Init     oled.o
    0x08001a40   0x08001a40   0x00000054   Code   RO         4401    i.OLED_I2C_SendByte  oled.o
    0x08001a94   0x08001a94   0x00000034   Code   RO         4402    i.OLED_I2C_Start    oled.o
    0x08001ac8   0x08001ac8   0x00000028   Code   RO         4403    i.OLED_I2C_Stop     oled.o
    0x08001af0   0x08001af0   0x000000ae   Code   RO         4404    i.OLED_Init         oled.o
    0x08001b9e   0x08001b9e   0x00000014   Code   RO         4405    i.OLED_Pow          oled.o
    0x08001bb2   0x08001bb2   0x00000022   Code   RO         4406    i.OLED_SetCursor    oled.o
    0x08001bd4   0x08001bd4   0x00000074   Code   RO         4408    i.OLED_ShowChar     oled.o
    0x08001c48   0x08001c48   0x00000044   Code   RO         4410    i.OLED_ShowNum      oled.o
    0x08001c8c   0x08001c8c   0x00000028   Code   RO         4412    i.OLED_ShowString   oled.o
    0x08001cb4   0x08001cb4   0x00000020   Code   RO         4413    i.OLED_WriteCommand  oled.o
    0x08001cd4   0x08001cd4   0x00000020   Code   RO         4414    i.OLED_WriteData    oled.o
    0x08001cf4   0x08001cf4   0x000000a0   Code   RO         4354    i.PWM_Init          pwm.o
    0x08001d94   0x08001d94   0x00000010   Code   RO         4355    i.PWM_restrict      pwm.o
    0x08001da4   0x08001da4   0x00000044   Code   RO         4358    i.PWM_updata_Motor1  pwm.o
    0x08001de8   0x08001de8   0x00000042   Code   RO         4359    i.PWM_updata_Motor2  pwm.o
    0x08001e2a   0x08001e2a   0x00000002   Code   RO         4891    i.PendSV_Handler    stm32f10x_it.o
    0x08001e2c   0x08001e2c   0x00000020   Code   RO         1775    i.RCC_APB1PeriphClockCmd  stm32f10x_rcc.o
    0x08001e4c   0x08001e4c   0x00000020   Code   RO         1776    i.RCC_APB1PeriphResetCmd  stm32f10x_rcc.o
    0x08001e6c   0x08001e6c   0x00000020   Code   RO         1777    i.RCC_APB2PeriphClockCmd  stm32f10x_rcc.o
    0x08001e8c   0x08001e8c   0x00000020   Code   RO         1778    i.RCC_APB2PeriphResetCmd  stm32f10x_rcc.o
    0x08001eac   0x08001eac   0x000000d4   Code   RO         1785    i.RCC_GetClocksFreq  stm32f10x_rcc.o
    0x08001f80   0x08001f80   0x00000038   Code   RO         4513    i.Read_Encoder      encoder.o
    0x08001fb8   0x08001fb8   0x00000056   Code   RO         4514    i.Rpm_Encoder_Cnt   encoder.o
    0x0800200e   0x0800200e   0x00000002   Code   RO         4892    i.SVC_Handler       stm32f10x_it.o
    0x08002010   0x08002010   0x00000008   Code   RO           24    i.SetSysClock       system_stm32f10x.o
    0x08002018   0x08002018   0x000000e0   Code   RO           25    i.SetSysClockTo72   system_stm32f10x.o
    0x080020f8   0x080020f8   0x00000002   Code   RO         4893    i.SysTick_Handler   stm32f10x_it.o
    0x080020fa   0x080020fa   0x00000002   PAD
    0x080020fc   0x080020fc   0x00000060   Code   RO           27    i.SystemInit        system_stm32f10x.o
    0x0800215c   0x0800215c   0x00000080   Code   RO         2405    i.TI1_Config        stm32f10x_tim.o
    0x080021dc   0x080021dc   0x00000098   Code   RO         2406    i.TI2_Config        stm32f10x_tim.o
    0x08002274   0x08002274   0x00000090   Code   RO         2407    i.TI3_Config        stm32f10x_tim.o
    0x08002304   0x08002304   0x00000098   Code   RO         2408    i.TI4_Config        stm32f10x_tim.o
    0x0800239c   0x0800239c   0x00000120   Code   RO         4691    i.TIM1_UP_IRQHandler  control.o
    0x080024bc   0x080024bc   0x0000001c   Code   RO         4515    i.TIM3_IRQHandler   encoder.o
    0x080024d8   0x080024d8   0x0000001c   Code   RO         4516    i.TIM4_IRQHandler   encoder.o
    0x080024f4   0x080024f4   0x00000030   Code   RO         4750    i.TIM6_IRQHandler   task.o
    0x08002524   0x08002524   0x00000006   Code   RO         2416    i.TIM_ClearITPendingBit  stm32f10x_tim.o
    0x0800252a   0x0800252a   0x00000018   Code   RO         2421    i.TIM_Cmd           stm32f10x_tim.o
    0x08002542   0x08002542   0x00000042   Code   RO         2430    i.TIM_EncoderInterfaceConfig  stm32f10x_tim.o
    0x08002584   0x08002584   0x00000022   Code   RO         2442    i.TIM_GetITStatus   stm32f10x_tim.o
    0x080025a6   0x080025a6   0x00000002   PAD
    0x080025a8   0x080025a8   0x000000ac   Code   RO         2444    i.TIM_ICInit        stm32f10x_tim.o
    0x08002654   0x08002654   0x00000012   Code   RO         2445    i.TIM_ICStructInit  stm32f10x_tim.o
    0x08002666   0x08002666   0x00000012   Code   RO         2446    i.TIM_ITConfig      stm32f10x_tim.o
    0x08002678   0x08002678   0x0000000c   Code   RO         2448    i.TIM_InternalClockConfig  stm32f10x_tim.o
    0x08002684   0x08002684   0x000000a0   Code   RO         2460    i.TIM_OC3Init       stm32f10x_tim.o
    0x08002724   0x08002724   0x0000007c   Code   RO         2465    i.TIM_OC4Init       stm32f10x_tim.o
    0x080027a0   0x080027a0   0x00000014   Code   RO         2468    i.TIM_OCStructInit  stm32f10x_tim.o
    0x080027b4   0x080027b4   0x00000004   Code   RO         2486    i.TIM_SetCounter    stm32f10x_tim.o
    0x080027b8   0x080027b8   0x00000012   Code   RO         2487    i.TIM_SetIC1Prescaler  stm32f10x_tim.o
    0x080027ca   0x080027ca   0x0000001a   Code   RO         2488    i.TIM_SetIC2Prescaler  stm32f10x_tim.o
    0x080027e4   0x080027e4   0x00000012   Code   RO         2489    i.TIM_SetIC3Prescaler  stm32f10x_tim.o
    0x080027f6   0x080027f6   0x0000001a   Code   RO         2490    i.TIM_SetIC4Prescaler  stm32f10x_tim.o
    0x08002810   0x08002810   0x0000006c   Code   RO         4751    i.TIM_Standard_Init  task.o
    0x0800287c   0x0800287c   0x000000a4   Code   RO         2492    i.TIM_TimeBaseInit  stm32f10x_tim.o
    0x08002920   0x08002920   0x00000002   Code   RO         4752    i.Task_100ms        task.o
    0x08002922   0x08002922   0x00000008   Code   RO         4753    i.Task_10ms         task.o
    0x0800292a   0x0800292a   0x00000002   Code   RO         4754    i.Task_1ms          task.o
    0x0800292c   0x0800292c   0x00000008   Code   RO         4755    i.Task_500ms        task.o
    0x08002934   0x08002934   0x00000018   Code   RO         4756    i.Task_5ms          task.o
    0x0800294c   0x0800294c   0x00000150   Code   RO         4758    i.Task_Init         task.o
    0x08002a9c   0x08002a9c   0x0000024c   Code   RO         4760    i.Task_Run          task.o
    0x08002ce8   0x08002ce8   0x0000006c   Code   RO         3196    i.Timer1_InternalClock_Init  timer.o
    0x08002d54   0x08002d54   0x00000088   Code   RO         4285    i.UART4_IRQHandler  bsp_usart.o
    0x08002ddc   0x08002ddc   0x00000050   Code   RO         3831    i.UART5_IRQHandler  atk_ms901m_uart.o
    0x08002e2c   0x08002e2c   0x00000088   Code   RO         4287    i.USART1_IRQHandler  bsp_usart.o
    0x08002eb4   0x08002eb4   0x000000ac   Code   RO         4288    i.USART1_Init       bsp_usart.o
    0x08002f60   0x08002f60   0x0000008c   Code   RO         4257    i.USART3_IRQHandler  blu.o
    0x08002fec   0x08002fec   0x0000001e   Code   RO         2957    i.USART_ClearITPendingBit  stm32f10x_usart.o
    0x0800300a   0x0800300a   0x00000018   Code   RO         2960    i.USART_Cmd         stm32f10x_usart.o
    0x08003022   0x08003022   0x00000002   PAD
    0x08003024   0x08003024   0x0000009c   Code   RO         2962    i.USART_DeInit      stm32f10x_usart.o
    0x080030c0   0x080030c0   0x0000001a   Code   RO         2963    i.USART_GetFlagStatus  stm32f10x_usart.o
    0x080030da   0x080030da   0x00000054   Code   RO         2964    i.USART_GetITStatus  stm32f10x_usart.o
    0x0800312e   0x0800312e   0x0000004a   Code   RO         2966    i.USART_ITConfig    stm32f10x_usart.o
    0x08003178   0x08003178   0x000000d8   Code   RO         2967    i.USART_Init        stm32f10x_usart.o
    0x08003250   0x08003250   0x0000000a   Code   RO         2974    i.USART_ReceiveData  stm32f10x_usart.o
    0x0800325a   0x0800325a   0x00000008   Code   RO         2977    i.USART_SendData    stm32f10x_usart.o
    0x08003262   0x08003262   0x00000004   Code   RO         4894    i.UsageFault_Handler  stm32f10x_it.o
    0x08003266   0x08003266   0x00000002   PAD
    0x08003268   0x08003268   0x00000020   Code   RO         5209    i.__0printf         mc_w.l(printfa.o)
    0x08003288   0x08003288   0x00000028   Code   RO         5211    i.__0sprintf        mc_w.l(printfa.o)
    0x080032b0   0x080032b0   0x00000028   Code   RO         5319    i.__ARM_fpclassify  m_ws.l(fpclassify.o)
    0x080032d8   0x080032d8   0x000000aa   Code   RO         5321    i.__kernel_poly     m_ws.l(poly.o)
    0x08003382   0x08003382   0x00000006   Code   RO         5306    i.__mathlib_dbl_infnan  m_ws.l(dunder.o)
    0x08003388   0x08003388   0x00000004   Code   RO         5307    i.__mathlib_dbl_infnan2  m_ws.l(dunder.o)
    0x0800338c   0x0800338c   0x0000000c   Code   RO         5308    i.__mathlib_dbl_invalid  m_ws.l(dunder.o)
    0x08003398   0x08003398   0x00000010   Code   RO         5311    i.__mathlib_dbl_underflow  m_ws.l(dunder.o)
    0x080033a8   0x080033a8   0x0000000e   Code   RO         5391    i.__scatterload_copy  mc_w.l(handlers.o)
    0x080033b6   0x080033b6   0x00000002   Code   RO         5392    i.__scatterload_null  mc_w.l(handlers.o)
    0x080033b8   0x080033b8   0x0000000e   Code   RO         5393    i.__scatterload_zeroinit  mc_w.l(handlers.o)
    0x080033c6   0x080033c6   0x00000002   PAD
    0x080033c8   0x080033c8   0x0000000c   Code   RO         5365    i.__set_errno       mc_w.l(errno.o)
    0x080033d4   0x080033d4   0x00000184   Code   RO         5216    i._fp_digits        mc_w.l(printfa.o)
    0x08003558   0x08003558   0x000006b4   Code   RO         5217    i._printf_core      mc_w.l(printfa.o)
    0x08003c0c   0x08003c0c   0x00000024   Code   RO         5218    i._printf_post_padding  mc_w.l(printfa.o)
    0x08003c30   0x08003c30   0x0000002e   Code   RO         5219    i._printf_pre_padding  mc_w.l(printfa.o)
    0x08003c5e   0x08003c5e   0x0000000a   Code   RO         5221    i._sputc            mc_w.l(printfa.o)
    0x08003c68   0x08003c68   0x00000270   Code   RO         4950    i.asin              m_ws.l(asin.o)
    0x08003ed8   0x08003ed8   0x00000220   Code   RO         5296    i.atan              m_ws.l(atan.o)
    0x080040f8   0x080040f8   0x0000019c   Code   RO         4960    i.atan2             m_ws.l(atan2.o)
    0x08004294   0x08004294   0x000000b0   Code   RO         3879    i.atk_ms901m_get_attitude  atk_ms901m.o
    0x08004344   0x08004344   0x000001a0   Code   RO         3881    i.atk_ms901m_get_frame_by_id  atk_ms901m.o
    0x080044e4   0x080044e4   0x00000038   Code   RO         3890    i.atk_ms901m_init   atk_ms901m.o
    0x0800451c   0x0800451c   0x00000096   Code   RO         3891    i.atk_ms901m_read_reg_by_id  atk_ms901m.o
    0x080045b2   0x080045b2   0x00000002   PAD
    0x080045b4   0x080045b4   0x000000c4   Code   RO         3833    i.atk_ms901m_uart_init  atk_ms901m_uart.o
    0x08004678   0x08004678   0x00000080   Code   RO         3834    i.atk_ms901m_uart_rx_fifo_read  atk_ms901m_uart.o
    0x080046f8   0x080046f8   0x00000044   Code   RO         3835    i.atk_ms901m_uart_rx_fifo_write  atk_ms901m_uart.o
    0x0800473c   0x0800473c   0x00000030   Code   RO         3836    i.atk_ms901m_uart_send  atk_ms901m_uart.o
    0x0800476c   0x0800476c   0x000000cc   Code   RO         4578    i.bsp_DetectKey     bsp_key.o
    0x08004838   0x08004838   0x00000034   Code   RO         4579    i.bsp_GetKey        bsp_key.o
    0x0800486c   0x0800486c   0x00000050   Code   RO         4580    i.bsp_InitKeyHard   bsp_key.o
    0x080048bc   0x080048bc   0x00000050   Code   RO         4581    i.bsp_InitKeyVar    bsp_key.o
    0x0800490c   0x0800490c   0x00000016   Code   RO         4582    i.bsp_KeyScan10ms   bsp_key.o
    0x08004922   0x08004922   0x00000002   PAD
    0x08004924   0x08004924   0x00000020   Code   RO         4583    i.bsp_PutKey        bsp_key.o
    0x08004944   0x08004944   0x00000060   Code   RO         4857    i.bsp_init          bsp.o
    0x080049a4   0x080049a4   0x0000000c   Code   RO         4584    i.bsp_key_init      bsp_key.o
    0x080049b0   0x080049b0   0x00000064   Code   RO         3645    i.decode_gesture    inv_mpu_dmp_motion_driver.o
    0x08004a14   0x08004a14   0x00000040   Code   RO         3278    i.delay_init        delay.o
    0x08004a54   0x08004a54   0x0000003c   Code   RO         3279    i.delay_ms          delay.o
    0x08004a90   0x08004a90   0x0000003c   Code   RO         3280    i.delay_us          delay.o
    0x08004acc   0x08004acc   0x000001cc   Code   RO         3655    i.dmp_read_fifo     inv_mpu_dmp_motion_driver.o
    0x08004c98   0x08004c98   0x00000024   Code   RO         4290    i.fputc             bsp_usart.o
    0x08004cbc   0x08004cbc   0x00000050   Code   RO         5237    i.free              mc_w.l(malloc.o)
    0x08004d0c   0x08004d0c   0x00000054   Code   RO         4660    i.main              main.o
    0x08004d60   0x08004d60   0x0000006c   Code   RO         5238    i.malloc            mc_w.l(malloc.o)
    0x08004dcc   0x08004dcc   0x00000002   Code   RO         3313    i.mget_ms           inv_mpu.o
    0x08004dce   0x08004dce   0x00000002   PAD
    0x08004dd0   0x08004dd0   0x00000224   Code   RO         3315    i.mpu_dmp_get_data  inv_mpu.o
    0x08004ff4   0x08004ff4   0x000000c0   Code   RO         3338    i.mpu_read_fifo_stream  inv_mpu.o
    0x080050b4   0x080050b4   0x000001c8   Code   RO         3342    i.mpu_reset_fifo    inv_mpu.o
    0x0800527c   0x0800527c   0x0000004c   Code   RO         5325    i.sqrt              m_ws.l(sqrt.o)
    0x080052c8   0x080052c8   0x00000050   Data   RO         3359    .constdata          inv_mpu.o
    0x08005318   0x08005318   0x000005f0   Data   RO         4415    .constdata          oled.o
    0x08005908   0x08005908   0x00000028   Data   RO         4586    .constdata          bsp_key.o
    0x08005930   0x08005930   0x00000050   Data   RO         4951    .constdata          m_ws.l(asin.o)
    0x08005980   0x08005980   0x00000098   Data   RO         5297    .constdata          m_ws.l(atan.o)
    0x08005a18   0x08005a18   0x00000008   Data   RO         5323    .constdata          m_ws.l(qnan.o)
    0x08005a20   0x08005a20   0x00000020   Data   RO         5389    Region$$Table       anon$$obj.o


    Execution Region RW_IRAM1 (Exec base: 0x20000000, Load base: 0x08005a40, Size: 0x00000908, Max: 0x0000c000, ABSOLUTE, COMPRESSED[0x0000005c])

    Exec Addr    Load Addr    Size         Type   Attr      Idx    E Section Name        Object

    0x20000000   COMPRESSED   0x00000014   Data   RW         1805    .data               stm32f10x_rcc.o
    0x20000014   COMPRESSED   0x00000004   Data   RW         3281    .data               delay.o
    0x20000018   COMPRESSED   0x00000035   Data   RW         3361    .data               inv_mpu.o
    0x2000004d   COMPRESSED   0x00000003   PAD
    0x20000050   COMPRESSED   0x0000000c   Data   RW         3899    .data               atk_ms901m.o
    0x2000005c   COMPRESSED   0x0000001f   Data   RW         4021    .data               mpu6050.o
    0x2000007b   COMPRESSED   0x00000008   Data   RW         4258    .data               blu.o
    0x20000083   COMPRESSED   0x00000001   PAD
    0x20000084   COMPRESSED   0x00000018   Data   RW         4291    .data               bsp_usart.o
    0x2000009c   COMPRESSED   0x00000002   Data   RW         4661    .data               main.o
    0x2000009e   COMPRESSED   0x00000002   PAD
    0x200000a0   COMPRESSED   0x000000e4   Data   RW         4694    .data               control.o
    0x20000184   COMPRESSED   0x00000004   PAD
    0x20000188   COMPRESSED   0x00000024   Data   RW         4763    .data               task.o
    0x200001ac   COMPRESSED   0x00000004   Data   RW         5348    .data               mc_w.l(stdout.o)
    0x200001b0   COMPRESSED   0x00000004   Data   RW         5361    .data               mc_w.l(mvars.o)
    0x200001b4   COMPRESSED   0x00000004   Data   RW         5362    .data               mc_w.l(mvars.o)
    0x200001b8   COMPRESSED   0x00000004   Data   RW         5366    .data               mc_w.l(errno.o)
    0x200001bc        -       0x00000010   Zero   RW         3673    .bss                inv_mpu_dmp_motion_driver.o
    0x200001cc        -       0x00000086   Zero   RW         3837    .bss                atk_ms901m_uart.o
    0x20000252   COMPRESSED   0x00000002   PAD
    0x20000254        -       0x00000020   Zero   RW         3897    .bss                atk_ms901m.o
    0x20000274        -       0x0000000c   Zero   RW         4020    .bss                mpu6050.o
    0x20000280        -       0x0000005d   Zero   RW         4585    .bss                bsp_key.o
    0x200002dd   COMPRESSED   0x00000003   PAD
    0x200002e0        -       0x00000028   Zero   RW         4762    .bss                task.o
    0x20000308        -       0x00000200   Zero   RW            2    HEAP                startup_stm32f10x_hd.o
    0x20000508        -       0x00000400   Zero   RW            1    STACK               startup_stm32f10x_hd.o


==============================================================================

Image component sizes


      Code (inc. data)   RO Data    RW Data    ZI Data      Debug   Object Name

       886         36          0         12         32       7743   atk_ms901m.o
       520         40          0          0        134       3596   atk_ms901m_uart.o
       320         26          0          8          0       2029   blu.o
       380        150          0          0          0       1033   bsp.o
       596         32         40          0         93       6134   bsp_key.o
       480         48          0         24          0       2945   bsp_usart.o
       924        160          0        228          0       6264   control.o
         0          0          0          0          0       4508   core_cm3.o
       184         16          0          4          0       1555   delay.o
       562         50          0          0          0       4229   encoder.o
      1198         16         80         53          0       7247   inv_mpu.o
       560         10          0          0         16       7240   inv_mpu_dmp_motion_driver.o
        76         12          0          0          0        832   led.o
        84         16          0          2          0        617   main.o
       132         22          0          0          0     206011   misc.o
       696         82          0         31         12       5265   mpu6050.o
       606         94          0          0          0       3931   mpuiic.o
       814         22       1520          0          0       7233   oled.o
       310         12          0          0          0       2106   pwm.o
        36          8        304          0       1536        796   startup_stm32f10x_hd.o
         0          0          0          0          0       1628   stm32f10x_adc.o
       292          0          0          0          0      11101   stm32f10x_gpio.o
        26          0          0          0          0       3550   stm32f10x_it.o
       340         44          0         20          0      13820   stm32f10x_rcc.o
      1486        170          0          0          0      32685   stm32f10x_tim.o
       628         28          0          0          0      12730   stm32f10x_usart.o
       328         28          0          0          0      45013   system_stm32f10x.o
      1420        368          0         36         40       7262   task.o
       108          4          0          0          0       1772   timer.o

    ----------------------------------------------------------------------
     14016       1494       1976        428       1868     410875   Object Totals
         0          0         32          0          0          0   (incl. Generated)
        24          0          0         10          5          0   (incl. Padding)

    ----------------------------------------------------------------------

      Code (inc. data)   RO Data    RW Data    ZI Data      Debug   Library Member Name

       624         52         80          0          0        168   asin.o
       544         70        152          0          0        124   atan.o
       412         38          0          0          0        144   atan2.o
        38          6          0          0          0        272   dunder.o
        40          0          0          0          0         68   fpclassify.o
       170          0          0          0          0         96   poly.o
         0          0          8          0          0          0   qnan.o
        76          0          0          0          0         84   sqrt.o
        86          0          0          0          0          0   __dczerorl2.o
         0          0          0          0          0          0   entry.o
         0          0          0          0          0          0   entry10a.o
         0          0          0          0          0          0   entry11a.o
         4          0          0          0          0          0   entry12b.o
         8          4          0          0          0          0   entry2.o
         4          0          0          0          0          0   entry5.o
         0          0          0          0          0          0   entry7b.o
         0          0          0          0          0          0   entry8b.o
         8          4          0          0          0          0   entry9a.o
        12          6          0          4          0         68   errno.o
        30          0          0          0          0          0   handlers.o
        36          8          0          0          0         68   init.o
         0          0          0          0          0          0   iusefp.o
        30          0          0          0          0         68   llshl.o
        36          0          0          0          0         68   llsshr.o
        32          0          0          0          0         68   llushr.o
       188         20          0          0          0        160   malloc.o
        36          0          0          0          0        108   memseta.o
         0          0          0          8          0          0   mvars.o
      2268         96          0          0          0        616   printfa.o
         0          0          0          4          0          0   stdout.o
        44          0          0          0          0         80   uidiv.o
        98          0          0          0          0         92   uldiv.o
        48          0          0          0          0         68   cdcmple.o
        48          0          0          0          0         68   cdrcmple.o
        20          0          0          0          0         68   cfcmple.o
        20          0          0          0          0         68   cfrcmple.o
        56          0          0          0          0         88   d2f.o
       334          0          0          0          0        148   dadd.o
       222          0          0          0          0        100   ddiv.o
       186          0          0          0          0        176   depilogue.o
        48          0          0          0          0         68   dfixul.o
       228          0          0          0          0         96   dmul.o
        46          0          0          0          0         80   dscalb.o
       162          0          0          0          0        100   dsqrt.o
        38          0          0          0          0         68   f2d.o
       176          0          0          0          0        140   fadd.o
       124          0          0          0          0         88   fdiv.o
       110          0          0          0          0        168   fepilogue.o
        50          0          0          0          0         68   ffixi.o
        18          0          0          0          0         68   fflti.o
        10          0          0          0          0         68   ffltui.o
       100          0          0          0          0         76   fmul.o

    ----------------------------------------------------------------------
      6872        304        240         16          0       4224   Library Totals
         4          0          0          0          0          0   (incl. Padding)

    ----------------------------------------------------------------------

      Code (inc. data)   RO Data    RW Data    ZI Data      Debug   Library Name

      1904        166        240          0          0        956   m_ws.l
      2920        138          0         16          0       1396   mc_w.l
      2044          0          0          0          0       1872   mf_w.l

    ----------------------------------------------------------------------
      6872        304        240         16          0       4224   Library Totals

    ----------------------------------------------------------------------

==============================================================================


      Code (inc. data)   RO Data    RW Data    ZI Data      Debug   

     20888       1798       2216        444       1868     405711   Grand Totals
     20888       1798       2216         92       1868     405711   ELF Image Totals (compressed)
     20888       1798       2216         92          0          0   ROM Totals

==============================================================================

    Total RO  Size (Code + RO Data)                23104 (  22.56kB)
    Total RW  Size (RW Data + ZI Data)              2312 (   2.26kB)
    Total ROM Size (Code + RO Data + RW Data)      23196 (  22.65kB)

==============================================================================

