Component: ARM Compiler 5.06 update 7 (build 960) Tool: armlink [4d3601]

==============================================================================

Section Cross References

    startup_stm32f10x_hd.o(RESET) refers to startup_stm32f10x_hd.o(STACK) for __initial_sp
    startup_stm32f10x_hd.o(RESET) refers to startup_stm32f10x_hd.o(.text) for Reset_Handler
    startup_stm32f10x_hd.o(RESET) refers to stm32f10x_it.o(i.NMI_Handler) for NMI_Handler
    startup_stm32f10x_hd.o(RESET) refers to stm32f10x_it.o(i.HardFault_Handler) for HardFault_Handler
    startup_stm32f10x_hd.o(RESET) refers to stm32f10x_it.o(i.MemManage_Handler) for MemManage_Handler
    startup_stm32f10x_hd.o(RESET) refers to stm32f10x_it.o(i.BusFault_Handler) for BusFault_Handler
    startup_stm32f10x_hd.o(RESET) refers to stm32f10x_it.o(i.UsageFault_Handler) for UsageFault_Handler
    startup_stm32f10x_hd.o(RESET) refers to stm32f10x_it.o(i.SVC_Handler) for SVC_Handler
    startup_stm32f10x_hd.o(RESET) refers to stm32f10x_it.o(i.DebugMon_Handler) for DebugMon_Handler
    startup_stm32f10x_hd.o(RESET) refers to stm32f10x_it.o(i.PendSV_Handler) for PendSV_Handler
    startup_stm32f10x_hd.o(RESET) refers to stm32f10x_it.o(i.SysTick_Handler) for SysTick_Handler
    startup_stm32f10x_hd.o(RESET) refers to control.o(i.TIM1_UP_IRQHandler) for TIM1_UP_IRQHandler
    startup_stm32f10x_hd.o(RESET) refers to encoder.o(i.TIM3_IRQHandler) for TIM3_IRQHandler
    startup_stm32f10x_hd.o(RESET) refers to encoder.o(i.TIM4_IRQHandler) for TIM4_IRQHandler
    startup_stm32f10x_hd.o(RESET) refers to bsp_usart.o(i.USART1_IRQHandler) for USART1_IRQHandler
    startup_stm32f10x_hd.o(RESET) refers to atk_ms901m_uart.o(i.UART5_IRQHandler) for UART5_IRQHandler
    startup_stm32f10x_hd.o(RESET) refers to task.o(i.TIM6_IRQHandler) for TIM6_IRQHandler
    startup_stm32f10x_hd.o(.text) refers to system_stm32f10x.o(i.SystemInit) for SystemInit
    startup_stm32f10x_hd.o(.text) refers to entry.o(.ARM.Collect$$$$00000000) for __main
    system_stm32f10x.o(i.SetSysClock) refers to system_stm32f10x.o(i.SetSysClockTo72) for SetSysClockTo72
    system_stm32f10x.o(i.SystemCoreClockUpdate) refers to system_stm32f10x.o(.data) for SystemCoreClock
    system_stm32f10x.o(i.SystemInit) refers to system_stm32f10x.o(i.SetSysClock) for SetSysClock
    stm32f10x_adc.o(i.ADC_DeInit) refers to stm32f10x_rcc.o(i.RCC_APB2PeriphResetCmd) for RCC_APB2PeriphResetCmd
    stm32f10x_bkp.o(i.BKP_DeInit) refers to stm32f10x_rcc.o(i.RCC_BackupResetCmd) for RCC_BackupResetCmd
    stm32f10x_can.o(i.CAN_DeInit) refers to stm32f10x_rcc.o(i.RCC_APB1PeriphResetCmd) for RCC_APB1PeriphResetCmd
    stm32f10x_can.o(i.CAN_GetITStatus) refers to stm32f10x_can.o(i.CheckITStatus) for CheckITStatus
    stm32f10x_cec.o(i.CEC_DeInit) refers to stm32f10x_rcc.o(i.RCC_APB1PeriphResetCmd) for RCC_APB1PeriphResetCmd
    stm32f10x_dac.o(i.DAC_DeInit) refers to stm32f10x_rcc.o(i.RCC_APB1PeriphResetCmd) for RCC_APB1PeriphResetCmd
    stm32f10x_flash.o(i.FLASH_EnableWriteProtection) refers to stm32f10x_flash.o(i.FLASH_WaitForLastOperation) for FLASH_WaitForLastOperation
    stm32f10x_flash.o(i.FLASH_EraseAllBank1Pages) refers to stm32f10x_flash.o(i.FLASH_WaitForLastBank1Operation) for FLASH_WaitForLastBank1Operation
    stm32f10x_flash.o(i.FLASH_EraseAllPages) refers to stm32f10x_flash.o(i.FLASH_WaitForLastOperation) for FLASH_WaitForLastOperation
    stm32f10x_flash.o(i.FLASH_EraseOptionBytes) refers to stm32f10x_flash.o(i.FLASH_GetReadOutProtectionStatus) for FLASH_GetReadOutProtectionStatus
    stm32f10x_flash.o(i.FLASH_EraseOptionBytes) refers to stm32f10x_flash.o(i.FLASH_WaitForLastOperation) for FLASH_WaitForLastOperation
    stm32f10x_flash.o(i.FLASH_ErasePage) refers to stm32f10x_flash.o(i.FLASH_WaitForLastOperation) for FLASH_WaitForLastOperation
    stm32f10x_flash.o(i.FLASH_ProgramHalfWord) refers to stm32f10x_flash.o(i.FLASH_WaitForLastOperation) for FLASH_WaitForLastOperation
    stm32f10x_flash.o(i.FLASH_ProgramOptionByteData) refers to stm32f10x_flash.o(i.FLASH_WaitForLastOperation) for FLASH_WaitForLastOperation
    stm32f10x_flash.o(i.FLASH_ProgramWord) refers to stm32f10x_flash.o(i.FLASH_WaitForLastOperation) for FLASH_WaitForLastOperation
    stm32f10x_flash.o(i.FLASH_ReadOutProtection) refers to stm32f10x_flash.o(i.FLASH_WaitForLastOperation) for FLASH_WaitForLastOperation
    stm32f10x_flash.o(i.FLASH_UserOptionByteConfig) refers to stm32f10x_flash.o(i.FLASH_WaitForLastOperation) for FLASH_WaitForLastOperation
    stm32f10x_flash.o(i.FLASH_WaitForLastBank1Operation) refers to stm32f10x_flash.o(i.FLASH_GetBank1Status) for FLASH_GetBank1Status
    stm32f10x_flash.o(i.FLASH_WaitForLastOperation) refers to stm32f10x_flash.o(i.FLASH_GetBank1Status) for FLASH_GetBank1Status
    stm32f10x_gpio.o(i.GPIO_AFIODeInit) refers to stm32f10x_rcc.o(i.RCC_APB2PeriphResetCmd) for RCC_APB2PeriphResetCmd
    stm32f10x_gpio.o(i.GPIO_DeInit) refers to stm32f10x_rcc.o(i.RCC_APB2PeriphResetCmd) for RCC_APB2PeriphResetCmd
[...]
    i.dmp_set_shake_reject_time              0x08004cd4   Section        0  inv_mpu_dmp_motion_driver.o(i.dmp_set_shake_reject_time)
    i.dmp_set_shake_reject_timeout           0x08004cfa   Section        0  inv_mpu_dmp_motion_driver.o(i.dmp_set_shake_reject_timeout)
    i.dmp_set_tap_axes                       0x08004d20   Section        0  inv_mpu_dmp_motion_driver.o(i.dmp_set_tap_axes)
    i.dmp_set_tap_count                      0x08004d66   Section        0  inv_mpu_dmp_motion_driver.o(i.dmp_set_tap_count)
    i.dmp_set_tap_thresh                     0x08004d8c   Section        0  inv_mpu_dmp_motion_driver.o(i.dmp_set_tap_thresh)
    i.dmp_set_tap_time                       0x08004f2c   Section        0  inv_mpu_dmp_motion_driver.o(i.dmp_set_tap_time)
    i.dmp_set_tap_time_multi                 0x08004f52   Section        0  inv_mpu_dmp_motion_driver.o(i.dmp_set_tap_time_multi)
    i.fputc                                  0x08004f78   Section        0  bsp_usart.o(i.fputc)
    i.free                                   0x08004f9c   Section        0  malloc.o(i.free)
    i.get_accel_prod_shift                   0x08004fec   Section        0  inv_mpu.o(i.get_accel_prod_shift)
    get_accel_prod_shift                     0x08004fed   Thumb Code   168  inv_mpu.o(i.get_accel_prod_shift)
    i.get_st_biases                          0x080050a0   Section        0  inv_mpu.o(i.get_st_biases)
    get_st_biases                            0x080050a1   Thumb Code  1128  inv_mpu.o(i.get_st_biases)
    i.gyro_self_test                         0x0800550c   Section        0  inv_mpu.o(i.gyro_self_test)
    gyro_self_test                           0x0800550d   Thumb Code   256  inv_mpu.o(i.gyro_self_test)
    i.inv_orientation_matrix_to_scalar       0x0800561c   Section        0  inv_mpu.o(i.inv_orientation_matrix_to_scalar)
    i.inv_row_2_scale                        0x08005644   Section        0  inv_mpu.o(i.inv_row_2_scale)
    i.main                                   0x08005694   Section        0  main.o(i.main)
    i.malloc                                 0x080056b4   Section        0  malloc.o(i.malloc)
    i.mget_ms                                0x08005720   Section        0  inv_mpu.o(i.mget_ms)
    i.mpu_configure_fifo                     0x08005724   Section        0  inv_mpu.o(i.mpu_configure_fifo)
    i.mpu_dmp_get_data                       0x08005794   Section        0  inv_mpu.o(i.mpu_dmp_get_data)
    i.mpu_dmp_init                           0x080059b8   Section        0  inv_mpu.o(i.mpu_dmp_init)
    i.mpu_get_accel_fsr                      0x08005a58   Section        0  inv_mpu.o(i.mpu_get_accel_fsr)
    i.mpu_get_accel_sens                     0x08005aa4   Section        0  inv_mpu.o(i.mpu_get_accel_sens)
    i.mpu_get_fifo_config                    0x08005af8   Section        0  inv_mpu.o(i.mpu_get_fifo_config)
    i.mpu_get_gyro_fsr                       0x08005b08   Section        0  inv_mpu.o(i.mpu_get_gyro_fsr)
    i.mpu_get_gyro_sens                      0x08005b4c   Section        0  inv_mpu.o(i.mpu_get_gyro_sens)
    i.mpu_get_lpf                            0x08005b9c   Section        0  inv_mpu.o(i.mpu_get_lpf)
    i.mpu_get_sample_rate                    0x08005bec   Section        0  inv_mpu.o(i.mpu_get_sample_rate)
    i.mpu_init                               0x08005c0c   Section        0  inv_mpu.o(i.mpu_init)
    i.mpu_load_firmware                      0x08005dfc   Section        0  inv_mpu.o(i.mpu_load_firmware)
    i.mpu_lp_accel_mode                      0x08005eb4   Section        0  inv_mpu.o(i.mpu_lp_accel_mode)
    i.mpu_read_fifo_stream                   0x08005f94   Section        0  inv_mpu.o(i.mpu_read_fifo_stream)
    i.mpu_read_mem                           0x08006054   Section        0  inv_mpu.o(i.mpu_read_mem)
    i.mpu_reset_fifo                         0x080060d4   Section        0  inv_mpu.o(i.mpu_reset_fifo)
    i.mpu_run_self_test                      0x0800629c   Section        0  inv_mpu.o(i.mpu_run_self_test)
    i.mpu_set_accel_fsr                      0x080063b8   Section        0  inv_mpu.o(i.mpu_set_accel_fsr)
    i.mpu_set_bypass                         0x0800643c   Section        0  inv_mpu.o(i.mpu_set_bypass)
    i.mpu_set_dmp_state                      0x08006588   Section        0  inv_mpu.o(i.mpu_set_dmp_state)
    i.mpu_set_gyro_fsr                       0x08006618   Section        0  inv_mpu.o(i.mpu_set_gyro_fsr)
    i.mpu_set_int_latched                    0x080066a0   Section        0  inv_mpu.o(i.mpu_set_int_latched)
    i.mpu_set_lpf                            0x0800670c   Section        0  inv_mpu.o(i.mpu_set_lpf)
    i.mpu_set_sample_rate                    0x08006790   Section        0  inv_mpu.o(i.mpu_set_sample_rate)
    i.mpu_set_sensors                        0x0800682c   Section        0  inv_mpu.o(i.mpu_set_sensors)
    i.mpu_write_mem                          0x080068fc   Section        0  inv_mpu.o(i.mpu_write_mem)
    i.run_self_test                          0x0800697c   Section        0  inv_mpu.o(i.run_self_test)
    i.set_int_enable                         0x08006a10   Section        0  inv_mpu.o(i.set_int_enable)
    set_int_enable                           0x08006a11   Thumb Code   138  inv_mpu.o(i.set_int_enable)
    i.sqrt                                   0x08006aa0   Section        0  sqrt.o(i.sqrt)
    .constdata                               0x08006aec   Section       80  inv_mpu.o(.constdata)
    .constdata                               0x08006b3c   Section     3062  inv_mpu_dmp_motion_driver.o(.constdata)
    dmp_memory                               0x08006b3c   Data        3062  inv_mpu_dmp_motion_driver.o(.constdata)
    .constdata                               0x08007732   Section     1520  oled.o(.constdata)
    .constdata                               0x08007d24   Section       40  bsp_key.o(.constdata)
    s_gpio_list                              0x08007d24   Data          40  bsp_key.o(.constdata)
    .constdata                               0x08007d50   Section       80  asin.o(.constdata)
    pS                                       0x08007d50   Data          48  asin.o(.constdata)
    qS                                       0x08007d80   Data          32  asin.o(.constdata)
    .constdata                               0x08007da0   Section      152  atan.o(.constdata)
    atanhi                                   0x08007da0   Data          32  atan.o(.constdata)
    atanlo                                   0x08007dc0   Data          32  atan.o(.constdata)
    aTodd                                    0x08007de0   Data          40  atan.o(.constdata)
    aTeven                                   0x08007e08   Data          48  atan.o(.constdata)
    .constdata                               0x08007e38   Section        8  qnan.o(.constdata)
    .conststring                             0x08007e40   Section       77  inv_mpu.o(.conststring)
    .data                                    0x20000000   Section       20  stm32f10x_rcc.o(.data)
    APBAHBPrescTable                         0x20000000   Data          16  stm32f10x_rcc.o(.data)
    ADCPrescTable                            0x20000010   Data           4  stm32f10x_rcc.o(.data)
    .data                                    0x20000014   Section        4  delay.o(.data)
    fac_us                                   0x20000014   Data           1  delay.o(.data)
    fac_ms                                   0x20000016   Data           2  delay.o(.data)
    .data                                    0x20000018   Section       53  inv_mpu.o(.data)
    st                                       0x20000018   Data          44  inv_mpu.o(.data)
    gyro_orientation                         0x20000044   Data           9  inv_mpu.o(.data)
    .data                                    0x20000050   Section       31  mpu6050.o(.data)
    .data                                    0x20000070   Section       20  bsp_usart.o(.data)
    Count                                    0x20000080   Data           1  bsp_usart.o(.data)
    rxbuf                                    0x20000081   Data           3  bsp_usart.o(.data)
    .data                                    0x20000084   Section        2  main.o(.data)
    .data                                    0x20000088   Section      212  control.o(.data)
    Moto1                                    0x200000e8   Data           4  control.o(.data)
    Moto2                                    0x200000ec   Data           4  control.o(.data)
    last_in                                  0x200000f0   Data           4  control.o(.data)
    Ta                                       0x200000f4   Data           4  control.o(.data)
    Tb                                       0x200000f8   Data           4  control.o(.data)
    Bias                                     0x200000fc   Data           4  control.o(.data)
    pwm                                      0x20000100   Data           4  control.o(.data)
    Last_Bias                                0x20000104   Data           4  control.o(.data)
    Integral_bias                            0x20000108   Data           4  control.o(.data)
    Bias                                     0x2000010c   Data           4  control.o(.data)
    pwm                                      0x20000110   Data           4  control.o(.data)
    Last_Bias                                0x20000114   Data           4  control.o(.data)
    Integral_bias                            0x20000118   Data           4  control.o(.data)
    Bias                                     0x2000011c   Data           4  control.o(.data)
    pwm                                      0x20000120   Data           4  control.o(.data)
    Last_bias                                0x20000124   Data           4  control.o(.data)
    Prev_bias                                0x20000128   Data           4  control.o(.data)
    Bias                                     0x2000012c   Data           4  control.o(.data)
    pwm                                      0x20000130   Data           4  control.o(.data)
    Last_bias                                0x20000134   Data           4  control.o(.data)
    Prev_bias                                0x20000138   Data           4  control.o(.data)
    Bias                                     0x2000013c   Data           4  control.o(.data)
    pwm                                      0x20000140   Data           4  control.o(.data)
    Last_Bias                                0x20000144   Data           4  control.o(.data)
    Integral_bias                            0x20000148   Data           4  control.o(.data)
    Bias                                     0x2000014c   Data           4  control.o(.data)
    pwm                                      0x20000150   Data           4  control.o(.data)
    Last_Bias                                0x20000154   Data           4  control.o(.data)
    Integral_bias                            0x20000158   Data           4  control.o(.data)
    .data                                    0x20000160   Section       32  task.o(.data)
    .data                                    0x20000180   Section        4  stdout.o(.data)
    .data                                    0x20000184   Section        4  mvars.o(.data)
    .data                                    0x20000188   Section        4  mvars.o(.data)
    .data                                    0x2000018c   Section        4  errno.o(.data)
    _errno                                   0x2000018c   Data           4  errno.o(.data)
    .bss                                     0x20000190   Section       16  inv_mpu_dmp_motion_driver.o(.bss)
    dmp                                      0x20000190   Data          16  inv_mpu_dmp_motion_driver.o(.bss)
    .bss                                     0x200001a0   Section      134  atk_ms901m_uart.o(.bss)
    g_uart_rx_fifo                           0x200001a0   Data         134  atk_ms901m_uart.o(.bss)
    .bss                                     0x20000228   Section       12  mpu6050.o(.bss)
    .bss                                     0x20000234   Section       93  bsp_key.o(.bss)
    s_tBtn                                   0x20000234   Data          80  bsp_key.o(.bss)
    s_tKey                                   0x20000284   Data          13  bsp_key.o(.bss)
    .bss                                     0x20000294   Section       40  task.o(.bss)
    sched_tasks                              0x20000294   Data          40  task.o(.bss)
    HEAP                                     0x200002c0   Section      512  startup_stm32f10x_hd.o(HEAP)
    STACK                                    0x200004c0   Section     1024  startup_stm32f10x_hd.o(STACK)

    Global Symbols

    Symbol Name                              Value     Ov Type        Size  Object(Section)

    BuildAttributes$$THM_ISAv4$P$D$K$B$S$PE$A:L22UL41UL21$X:L11$S22US41US21$IEEE1$IW$USESV6$~STKCKD$USESV7$~SHL$OTIME$ROPI$IEEEX$EBA8$MICROLIB$REQ8$PRES8$EABIv2 0x00000000   Number         0  anon$$obj.o ABSOLUTE
    __ARM_use_no_argv                        0x00000000   Number         0  main.o ABSOLUTE
    _printf_a                                0x00000000   Number         0  stubs.o ABSOLUTE
    _printf_c                                0x00000000   Number         0  stubs.o ABSOLUTE
    _printf_charcount                        0x00000000   Number         0  stubs.o ABSOLUTE
    _printf_d                                0x00000000   Number         0  stubs.o ABSOLUTE
    _printf_e                                0x00000000   Number         0  stubs.o ABSOLUTE
    _printf_f                                0x00000000   Number         0  stubs.o ABSOLUTE
    _printf_flags                            0x00000000   Number         0  stubs.o ABSOLUTE
    _printf_fp_dec                           0x00000000   Number         0  stubs.o ABSOLUTE
    _printf_fp_hex                           0x00000000   Number         0  stubs.o ABSOLUTE
    _printf_g                                0x00000000   Number         0  stubs.o ABSOLUTE
    _printf_i                                0x00000000   Number         0  stubs.o ABSOLUTE
    _printf_int_dec                          0x00000000   Number         0  stubs.o ABSOLUTE
    _printf_l                                0x00000000   Number         0  stubs.o ABSOLUTE
    _printf_lc                               0x00000000   Number         0  stubs.o ABSOLUTE
    _printf_ll                               0x00000000   Number         0  stubs.o ABSOLUTE
    _printf_lld                              0x00000000   Number         0  stubs.o ABSOLUTE
    _printf_lli                              0x00000000   Number         0  stubs.o ABSOLUTE
    _printf_llo                              0x00000000   Number         0  stubs.o ABSOLUTE
    _printf_llu                              0x00000000   Number         0  stubs.o ABSOLUTE
    _printf_llx                              0x00000000   Number         0  stubs.o ABSOLUTE
    _printf_longlong_dec                     0x00000000   Number         0  stubs.o ABSOLUTE
    _printf_longlong_hex                     0x00000000   Number         0  stubs.o ABSOLUTE
    _printf_longlong_oct                     0x00000000   Number         0  stubs.o ABSOLUTE
    _printf_ls                               0x00000000   Number         0  stubs.o ABSOLUTE
    _printf_mbtowc                           0x00000000   Number         0  stubs.o ABSOLUTE
    _printf_n                                0x00000000   Number         0  stubs.o ABSOLUTE
    _printf_o                                0x00000000   Number         0  stubs.o ABSOLUTE
    _printf_p                                0x00000000   Number         0  stubs.o ABSOLUTE
    _printf_percent                          0x00000000   Number         0  stubs.o ABSOLUTE
    _printf_pre_padding                      0x00000000   Number         0  stubs.o ABSOLUTE
    _printf_return_value                     0x00000000   Number         0  stubs.o ABSOLUTE
    _printf_s                                0x00000000   Number         0  stubs.o ABSOLUTE
    _printf_sizespec                         0x00000000   Number         0  stubs.o ABSOLUTE
    _printf_str                              0x00000000   Number         0  stubs.o ABSOLUTE
    _printf_truncate_signed                  0x00000000   Number         0  stubs.o ABSOLUTE
    _printf_truncate_unsigned                0x00000000   Number         0  stubs.o ABSOLUTE
    _printf_u                                0x00000000   Number         0  stubs.o ABSOLUTE
    _printf_wc                               0x00000000   Number         0  stubs.o ABSOLUTE
    _printf_wctomb                           0x00000000   Number         0  stubs.o ABSOLUTE
    _printf_widthprec                        0x00000000   Number         0  stubs.o ABSOLUTE
    _printf_x                                0x00000000   Number         0  stubs.o ABSOLUTE
    __arm_fini_                               - Undefined Weak Reference
    __cpp_initialize__aeabi_                  - Undefined Weak Reference
    __cxa_finalize                            - Undefined Weak Reference
    _clock_init                               - Undefined Weak Reference
    _microlib_exit                            - Undefined Weak Reference
    __Vectors_Size                           0x00000130   Number         0  startup_stm32f10x_hd.o ABSOLUTE
    __Vectors                                0x08000000   Data           4  startup_stm32f10x_hd.o(RESET)
    __Vectors_End                            0x08000130   Data           0  startup_stm32f10x_hd.o(RESET)
    __main                                   0x08000131   Thumb Code     0  entry.o(.ARM.Collect$$$$00000000)
    _main_stk                                0x08000131   Thumb Code     0  entry2.o(.ARM.Collect$$$$00000001)
    _main_scatterload                        0x08000135   Thumb Code     0  entry5.o(.ARM.Collect$$$$00000004)
    __main_after_scatterload                 0x08000139   Thumb Code     0  entry5.o(.ARM.Collect$$$$00000004)
    _main_clock                              0x08000139   Thumb Code     0  entry7b.o(.ARM.Collect$$$$00000008)
    _main_cpp_init                           0x08000139   Thumb Code     0  entry8b.o(.ARM.Collect$$$$0000000A)
    _main_init                               0x08000139   Thumb Code     0  entry9a.o(.ARM.Collect$$$$0000000B)
    __rt_lib_shutdown_fini                   0x08000141   Thumb Code     0  entry12b.o(.ARM.Collect$$$$0000000E)
    __rt_final_cpp                           0x08000145   Thumb Code     0  entry10a.o(.ARM.Collect$$$$0000000F)
    __rt_final_exit                          0x08000145   Thumb Code     0  entry11a.o(.ARM.Collect$$$$00000011)
    Reset_Handler                            0x08000149   Thumb Code     8  startup_stm32f10x_hd.o(.text)
    ADC1_2_IRQHandler                        0x08000163   Thumb Code     0  startup_stm32f10x_hd.o(.text)
    ADC3_IRQHandler                          0x08000163   Thumb Code     0  startup_stm32f10x_hd.o(.text)
    CAN1_RX1_IRQHandler                      0x08000163   Thumb Code     0  startup_stm32f10x_hd.o(.text)
    CAN1_SCE_IRQHandler                      0x08000163   Thumb Code     0  startup_stm32f10x_hd.o(.text)
    DMA1_Channel1_IRQHandler                 0x08000163   Thumb Code     0  startup_stm32f10x_hd.o(.text)
    DMA1_Channel2_IRQHandler                 0x08000163   Thumb Code     0  startup_stm32f10x_hd.o(.text)
    DMA1_Channel3_IRQHandler                 0x08000163   Thumb Code     0  startup_stm32f10x_hd.o(.text)
    DMA1_Channel4_IRQHandler                 0x08000163   Thumb Code     0  startup_stm32f10x_hd.o(.text)
    DMA1_Channel5_IRQHandler                 0x08000163   Thumb Code     0  startup_stm32f10x_hd.o(.text)
    DMA1_Channel6_IRQHandler                 0x08000163   Thumb Code     0  startup_stm32f10x_hd.o(.text)
    DMA1_Channel7_IRQHandler                 0x08000163   Thumb Code     0  startup_stm32f10x_hd.o(.text)
    DMA2_Channel1_IRQHandler                 0x08000163   Thumb Code     0  startup_stm32f10x_hd.o(.text)
    DMA2_Channel2_IRQHandler                 0x08000163   Thumb Code     0  startup_stm32f10x_hd.o(.text)
    DMA2_Channel3_IRQHandler                 0x08000163   Thumb Code     0  startup_stm32f10x_hd.o(.text)
    DMA2_Channel4_5_IRQHandler               0x08000163   Thumb Code     0  startup_stm32f10x_hd.o(.text)
    EXTI0_IRQHandler                         0x08000163   Thumb Code     0  startup_stm32f10x_hd.o(.text)
    EXTI15_10_IRQHandler                     0x08000163   Thumb Code     0  startup_stm32f10x_hd.o(.text)
    EXTI1_IRQHandler                         0x08000163   Thumb Code     0  startup_stm32f10x_hd.o(.text)
    EXTI2_IRQHandler                         0x08000163   Thumb Code     0  startup_stm32f10x_hd.o(.text)
    EXTI3_IRQHandler                         0x08000163   Thumb Code     0  startup_stm32f10x_hd.o(.text)
    EXTI4_IRQHandler                         0x08000163   Thumb Code     0  startup_stm32f10x_hd.o(.text)
    EXTI9_5_IRQHandler                       0x08000163   Thumb Code     0  startup_stm32f10x_hd.o(.text)
    FLASH_IRQHandler                         0x08000163   Thumb Code     0  startup_stm32f10x_hd.o(.text)
    FSMC_IRQHandler                          0x08000163   Thumb Code     0  startup_stm32f10x_hd.o(.text)
    I2C1_ER_IRQHandler                       0x08000163   Thumb Code     0  startup_stm32f10x_hd.o(.text)
    I2C1_EV_IRQHandler                       0x08000163   Thumb Code     0  startup_stm32f10x_hd.o(.text)
    I2C2_ER_IRQHandler                       0x08000163   Thumb Code     0  startup_stm32f10x_hd.o(.text)
    I2C2_EV_IRQHandler                       0x08000163   Thumb Code     0  startup_stm32f10x_hd.o(.text)
    PVD_IRQHandler                           0x08000163   Thumb Code     0  startup_stm32f10x_hd.o(.text)
    RCC_IRQHandler                           0x08000163   Thumb Code     0  startup_stm32f10x_hd.o(.text)
    RTCAlarm_IRQHandler                      0x08000163   Thumb Code     0  startup_stm32f10x_hd.o(.text)
    RTC_IRQHandler                           0x08000163   Thumb Code     0  startup_stm32f10x_hd.o(.text)
    SDIO_IRQHandler                          0x08000163   Thumb Code     0  startup_stm32f10x_hd.o(.text)
    SPI1_IRQHandler                          0x08000163   Thumb Code     0  startup_stm32f10x_hd.o(.text)
    SPI2_IRQHandler                          0x08000163   Thumb Code     0  startup_stm32f10x_hd.o(.text)
    SPI3_IRQHandler                          0x08000163   Thumb Code     0  startup_stm32f10x_hd.o(.text)
    TAMPER_IRQHandler                        0x08000163   Thumb Code     0  startup_stm32f10x_hd.o(.text)
    TIM1_BRK_IRQHandler                      0x08000163   Thumb Code     0  startup_stm32f10x_hd.o(.text)
    TIM1_CC_IRQHandler                       0x08000163   Thumb Code     0  startup_stm32f10x_hd.o(.text)
    TIM1_TRG_COM_IRQHandler                  0x08000163   Thumb Code     0  startup_stm32f10x_hd.o(.text)
    TIM2_IRQHandler                          0x08000163   Thumb Code     0  startup_stm32f10x_hd.o(.text)
    TIM5_IRQHandler                          0x08000163   Thumb Code     0  startup_stm32f10x_hd.o(.text)
    TIM7_IRQHandler                          0x08000163   Thumb Code     0  startup_stm32f10x_hd.o(.text)
    TIM8_BRK_IRQHandler                      0x08000163   Thumb Code     0  startup_stm32f10x_hd.o(.text)
    TIM8_CC_IRQHandler                       0x08000163   Thumb Code     0  startup_stm32f10x_hd.o(.text)
    TIM8_TRG_COM_IRQHandler                  0x08000163   Thumb Code     0  startup_stm32f10x_hd.o(.text)
    TIM8_UP_IRQHandler                       0x08000163   Thumb Code     0  startup_stm32f10x_hd.o(.text)
    UART4_IRQHandler                         0x08000163   Thumb Code     0  startup_stm32f10x_hd.o(.text)
    USART2_IRQHandler                        0x08000163   Thumb Code     0  startup_stm32f10x_hd.o(.text)
    USART3_IRQHandler                        0x08000163   Thumb Code     0  startup_stm32f10x_hd.o(.text)
    USBWakeUp_IRQHandler                     0x08000163   Thumb Code     0  startup_stm32f10x_hd.o(.text)
    USB_HP_CAN1_TX_IRQHandler                0x08000163   Thumb Code     0  startup_stm32f10x_hd.o(.text)
    USB_LP_CAN1_RX0_IRQHandler               0x08000163   Thumb Code     0  startup_stm32f10x_hd.o(.text)
    WWDG_IRQHandler                          0x08000163   Thumb Code     0  startup_stm32f10x_hd.o(.text)
    __aeabi_ldivmod                          0x0800016d   Thumb Code    98  ldiv.o(.text)
    __aeabi_memset                           0x080001cf   Thumb Code    14  memseta.o(.text)
    __aeabi_memset4                          0x080001cf   Thumb Code     0  memseta.o(.text)
    __aeabi_memset8                          0x080001cf   Thumb Code     0  memseta.o(.text)
    __aeabi_memclr                           0x080001dd   Thumb Code     4  memseta.o(.text)
    __aeabi_memclr4                          0x080001dd   Thumb Code     0  memseta.o(.text)
    __aeabi_memclr8                          0x080001dd   Thumb Code     0  memseta.o(.text)
    _memset$wrapper                          0x080001e1   Thumb Code    18  memseta.o(.text)
    memcmp                                   0x080001f3   Thumb Code    26  memcmp.o(.text)
    __aeabi_fadd                             0x0800020d   Thumb Code   164  fadd.o(.text)
    __aeabi_fsub                             0x080002b1   Thumb Code     6  fadd.o(.text)
    __aeabi_frsub                            0x080002b7   Thumb Code     6  fadd.o(.text)
    __aeabi_fmul                             0x080002bd   Thumb Code   100  fmul.o(.text)
    __aeabi_fdiv                             0x08000321   Thumb Code   124  fdiv.o(.text)
    __aeabi_dadd                             0x0800039d   Thumb Code   322  dadd.o(.text)
    __aeabi_dsub                             0x080004df   Thumb Code     6  dadd.o(.text)
    __aeabi_drsub                            0x080004e5   Thumb Code     6  dadd.o(.text)
    __aeabi_dmul                             0x080004eb   Thumb Code   228  dmul.o(.text)
    __aeabi_ddiv                             0x080005cf   Thumb Code   222  ddiv.o(.text)
    __aeabi_i2f                              0x080006ad   Thumb Code    18  fflti.o(.text)
    __aeabi_ui2f                             0x080006bf   Thumb Code    10  ffltui.o(.text)
    __aeabi_f2iz                             0x080006c9   Thumb Code    50  ffixi.o(.text)
    __aeabi_f2uiz                            0x080006fb   Thumb Code    40  ffixui.o(.text)
    __aeabi_f2d                              0x08000723   Thumb Code    38  f2d.o(.text)
    __aeabi_d2f                              0x08000749   Thumb Code    56  d2f.o(.text)
    __aeabi_cfcmpeq                          0x08000781   Thumb Code     0  cfcmple.o(.text)
    __aeabi_cfcmple                          0x08000781   Thumb Code    20  cfcmple.o(.text)
    __aeabi_cfrcmple                         0x08000795   Thumb Code    20  cfrcmple.o(.text)
    __aeabi_uidiv                            0x080007a9   Thumb Code     0  uidiv.o(.text)
    __aeabi_uidivmod                         0x080007a9   Thumb Code    44  uidiv.o(.text)
    __aeabi_uldivmod                         0x080007d5   Thumb Code    98  uldiv.o(.text)
    __aeabi_llsl                             0x08000837   Thumb Code    30  llshl.o(.text)
    _ll_shift_l                              0x08000837   Thumb Code     0  llshl.o(.text)
    __aeabi_lasr                             0x08000855   Thumb Code    36  llsshr.o(.text)
    _ll_sshift_r                             0x08000855   Thumb Code     0  llsshr.o(.text)
    __I$use$fp                               0x08000879   Thumb Code     0  iusefp.o(.text)
    _float_round                             0x08000879   Thumb Code    18  fepilogue.o(.text)
    _float_epilogue                          0x0800088b   Thumb Code    92  fepilogue.o(.text)
    _double_round                            0x080008e7   Thumb Code    30  depilogue.o(.text)
    _double_epilogue                         0x08000905   Thumb Code   156  depilogue.o(.text)
    __ARM_scalbn                             0x080009a1   Thumb Code    46  dscalb.o(.text)
    scalbn                                   0x080009a1   Thumb Code     0  dscalb.o(.text)
    __aeabi_d2ulz                            0x080009cf   Thumb Code    48  dfixul.o(.text)
    __aeabi_cdcmpeq                          0x08000a01   Thumb Code     0  cdcmple.o(.text)
    __aeabi_cdcmple                          0x08000a01   Thumb Code    48  cdcmple.o(.text)
    __aeabi_cdrcmple                         0x08000a31   Thumb Code    48  cdrcmple.o(.text)
    __scatterload                            0x08000a61   Thumb Code    28  init.o(.text)
    __scatterload_rt2                        0x08000a61   Thumb Code     0  init.o(.text)
    __aeabi_llsr                             0x08000a85   Thumb Code    32  llushr.o(.text)
    _ll_ushift_r                             0x08000a85   Thumb Code     0  llushr.o(.text)
    _dsqrt                                   0x08000aa5   Thumb Code   162  dsqrt.o(.text)
    __decompress                             0x08000b47   Thumb Code     0  __dczerorl.o(.text)
    __decompress0                            0x08000b47   Thumb Code    58  __dczerorl.o(.text)
    BusFault_Handler                         0x08000b81   Thumb Code     4  stm32f10x_it.o(i.BusFault_Handler)
    Create_Task                              0x08000b85   Thumb Code   160  task.o(i.Create_Task)
    DATA_Report                              0x08000c99   Thumb Code   332  mpu6050.o(i.DATA_Report)
    DMP_Init                                 0x08000e21   Thumb Code    78  mpu6050.o(i.DMP_Init)
    DebugMon_Handler                         0x08000e95   Thumb Code     2  stm32f10x_it.o(i.DebugMon_Handler)
    Encoder_Init                             0x08000e99   Thumb Code   222  encoder.o(i.Encoder_Init)
    GPIO_Init                                0x08000f89   Thumb Code   278  stm32f10x_gpio.o(i.GPIO_Init)
    GPIO_PinRemapConfig                      0x080010a1   Thumb Code   138  stm32f10x_gpio.o(i.GPIO_PinRemapConfig)
    GPIO_ResetBits                           0x08001131   Thumb Code     4  stm32f10x_gpio.o(i.GPIO_ResetBits)
    GPIO_SetBits                             0x08001135   Thumb Code     4  stm32f10x_gpio.o(i.GPIO_SetBits)
    GPIO_WriteBit                            0x08001139   Thumb Code    10  stm32f10x_gpio.o(i.GPIO_WriteBit)
    HardFault_Handler                        0x08001143   Thumb Code     4  stm32f10x_it.o(i.HardFault_Handler)
    Key_map                                  0x080011b9   Thumb Code   164  bsp.o(i.Key_map)
    LED_Init                                 0x08001315   Thumb Code    50  led.o(i.LED_Init)
    LED_toggle                               0x0800134d   Thumb Code    14  led.o(i.LED_toggle)
    MPU_IIC_Ack                              0x08001361   Thumb Code    62  mpuiic.o(i.MPU_IIC_Ack)
    MPU_IIC_Delay                            0x080013ad   Thumb Code    10  mpuiic.o(i.MPU_IIC_Delay)
    MPU_IIC_Init                             0x080013b9   Thumb Code    62  mpuiic.o(i.MPU_IIC_Init)
    MPU_IIC_NAck                             0x08001401   Thumb Code    62  mpuiic.o(i.MPU_IIC_NAck)
    MPU_IIC_Read_Byte                        0x0800144d   Thumb Code    94  mpuiic.o(i.MPU_IIC_Read_Byte)
    MPU_IIC_Send_Byte                        0x080014b9   Thumb Code    80  mpuiic.o(i.MPU_IIC_Send_Byte)
    MPU_IIC_Start                            0x08001515   Thumb Code    60  mpuiic.o(i.MPU_IIC_Start)
    MPU_IIC_Stop                             0x0800155d   Thumb Code    58  mpuiic.o(i.MPU_IIC_Stop)
    MPU_IIC_Wait_Ack                         0x080015a5   Thumb Code    86  mpuiic.o(i.MPU_IIC_Wait_Ack)
    MPU_Init                                 0x08001609   Thumb Code   130  mpu6050.o(i.MPU_Init)
    MPU_Read                                 0x08001691   Thumb Code    70  mpu6050.o(i.MPU_Read)
    MPU_Read_Byte                            0x080016ed   Thumb Code    58  mpu6050.o(i.MPU_Read_Byte)
    MPU_Read_Len                             0x08001727   Thumb Code   116  mpu6050.o(i.MPU_Read_Len)
    MPU_Set_Accel_Fsr                        0x0800179b   Thumb Code    16  mpu6050.o(i.MPU_Set_Accel_Fsr)
    MPU_Set_Gyro_Fsr                         0x080017ab   Thumb Code    16  mpu6050.o(i.MPU_Set_Gyro_Fsr)
    MPU_Set_LPF                              0x080017bb   Thumb Code    58  mpu6050.o(i.MPU_Set_LPF)
    MPU_Set_Rate                             0x080017f5   Thumb Code    58  mpu6050.o(i.MPU_Set_Rate)
    MPU_Write_Byte                           0x0800182f   Thumb Code    68  mpu6050.o(i.MPU_Write_Byte)
    MPU_Write_Len                            0x08001873   Thumb Code    96  mpu6050.o(i.MPU_Write_Len)
    MemManage_Handler                        0x080018d3   Thumb Code     4  stm32f10x_it.o(i.MemManage_Handler)
    Motor1_SetDirct                          0x080018d9   Thumb Code    28  encoder.o(i.Motor1_SetDirct)
    Motor2_SetDirct                          0x080018f9   Thumb Code    32  encoder.o(i.Motor2_SetDirct)
    Motor_Init                               0x0800191d   Thumb Code    52  encoder.o(i.Motor_Init)
    NMI_Handler                              0x08001955   Thumb Code     2  stm32f10x_it.o(i.NMI_Handler)
    NVIC_Init                                0x08001959   Thumb Code   100  misc.o(i.NVIC_Init)
    NVIC_PriorityGroupConfig                 0x080019c9   Thumb Code    10  misc.o(i.NVIC_PriorityGroupConfig)
    OLED_Clear                               0x080019dd   Thumb Code    42  oled.o(i.OLED_Clear)
    OLED_I2C_Init                            0x08001a09   Thumb Code    76  oled.o(i.OLED_I2C_Init)
    OLED_I2C_SendByte                        0x08001a59   Thumb Code    80  oled.o(i.OLED_I2C_SendByte)
    OLED_I2C_Start                           0x08001aad   Thumb Code    48  oled.o(i.OLED_I2C_Start)
    OLED_I2C_Stop                            0x08001ae1   Thumb Code    36  oled.o(i.OLED_I2C_Stop)
    OLED_Init                                0x08001b09   Thumb Code   174  oled.o(i.OLED_Init)
    OLED_Pow                                 0x08001bb7   Thumb Code    20  oled.o(i.OLED_Pow)
    OLED_SetCursor                           0x08001bcb   Thumb Code    34  oled.o(i.OLED_SetCursor)
    OLED_ShowChar                            0x08001bed   Thumb Code   110  oled.o(i.OLED_ShowChar)
    OLED_ShowNum                             0x08001c61   Thumb Code    68  oled.o(i.OLED_ShowNum)
    OLED_ShowString                          0x08001ca5   Thumb Code    40  oled.o(i.OLED_ShowString)
    OLED_WriteCommand                        0x08001ccd   Thumb Code    32  oled.o(i.OLED_WriteCommand)
    OLED_WriteData                           0x08001ced   Thumb Code    32  oled.o(i.OLED_WriteData)
    PWM_Init                                 0x08001d0d   Thumb Code   154  pwm.o(i.PWM_Init)
    PWM_restrict                             0x08001dad   Thumb Code    16  pwm.o(i.PWM_restrict)
    PWM_updata_Motor1                        0x08001dbd   Thumb Code    62  pwm.o(i.PWM_updata_Motor1)
    PWM_updata_Motor2                        0x08001e01   Thumb Code    66  pwm.o(i.PWM_updata_Motor2)
    PendSV_Handler                           0x08001e43   Thumb Code     2  stm32f10x_it.o(i.PendSV_Handler)
    RCC_APB1PeriphClockCmd                   0x08001e45   Thumb Code    26  stm32f10x_rcc.o(i.RCC_APB1PeriphClockCmd)
    RCC_APB2PeriphClockCmd                   0x08001e65   Thumb Code    26  stm32f10x_rcc.o(i.RCC_APB2PeriphClockCmd)
    RCC_GetClocksFreq                        0x08001e85   Thumb Code   192  stm32f10x_rcc.o(i.RCC_GetClocksFreq)
    Read_Encoder                             0x08001f59   Thumb Code    48  encoder.o(i.Read_Encoder)
    SVC_Handler                              0x08001f91   Thumb Code     2  stm32f10x_it.o(i.SVC_Handler)
    SysTick_Handler                          0x0800207d   Thumb Code     2  stm32f10x_it.o(i.SysTick_Handler)
    SystemInit                               0x08002081   Thumb Code    78  system_stm32f10x.o(i.SystemInit)
    TIM1_UP_IRQHandler                       0x08002321   Thumb Code   166  control.o(i.TIM1_UP_IRQHandler)
    TIM3_IRQHandler                          0x080023f9   Thumb Code    22  encoder.o(i.TIM3_IRQHandler)
    TIM4_IRQHandler                          0x08002415   Thumb Code    22  encoder.o(i.TIM4_IRQHandler)
    TIM6_IRQHandler                          0x08002431   Thumb Code    40  task.o(i.TIM6_IRQHandler)
    TIM_ClearITPendingBit                    0x08002461   Thumb Code     6  stm32f10x_tim.o(i.TIM_ClearITPendingBit)
    TIM_Cmd                                  0x08002467   Thumb Code    24  stm32f10x_tim.o(i.TIM_Cmd)
    TIM_EncoderInterfaceConfig               0x0800247f   Thumb Code    66  stm32f10x_tim.o(i.TIM_EncoderInterfaceConfig)
    TIM_GetITStatus                          0x080024c1   Thumb Code    34  stm32f10x_tim.o(i.TIM_GetITStatus)
    TIM_ICInit                               0x080024e5   Thumb Code   150  stm32f10x_tim.o(i.TIM_ICInit)
    TIM_ICStructInit                         0x08002591   Thumb Code    18  stm32f10x_tim.o(i.TIM_ICStructInit)
    TIM_ITConfig                             0x080025a3   Thumb Code    18  stm32f10x_tim.o(i.TIM_ITConfig)
    TIM_InternalClockConfig                  0x080025b5   Thumb Code    12  stm32f10x_tim.o(i.TIM_InternalClockConfig)
    TIM_OC3Init                              0x080025c1   Thumb Code   150  stm32f10x_tim.o(i.TIM_OC3Init)
    TIM_OC4Init                              0x08002661   Thumb Code   114  stm32f10x_tim.o(i.TIM_OC4Init)
    TIM_OCStructInit                         0x080026dd   Thumb Code    20  stm32f10x_tim.o(i.TIM_OCStructInit)
    TIM_SetCounter                           0x080026f1   Thumb Code     4  stm32f10x_tim.o(i.TIM_SetCounter)
    TIM_SetIC1Prescaler                      0x080026f5   Thumb Code    18  stm32f10x_tim.o(i.TIM_SetIC1Prescaler)
    TIM_SetIC2Prescaler                      0x08002707   Thumb Code    26  stm32f10x_tim.o(i.TIM_SetIC2Prescaler)
    TIM_SetIC3Prescaler                      0x08002721   Thumb Code    18  stm32f10x_tim.o(i.TIM_SetIC3Prescaler)
    TIM_SetIC4Prescaler                      0x08002733   Thumb Code    26  stm32f10x_tim.o(i.TIM_SetIC4Prescaler)
    TIM_Standard_Init                        0x0800274d   Thumb Code   102  task.o(i.TIM_Standard_Init)
    TIM_TimeBaseInit                         0x080027b9   Thumb Code   122  stm32f10x_tim.o(i.TIM_TimeBaseInit)
    Task_100ms                               0x0800285d   Thumb Code     2  task.o(i.Task_100ms)
    Task_10ms                                0x0800285f   Thumb Code     8  task.o(i.Task_10ms)
    Task_1ms                                 0x08002867   Thumb Code     2  task.o(i.Task_1ms)
    Task_500ms                               0x08002869   Thumb Code     8  task.o(i.Task_500ms)
    Task_5ms                                 0x08002871   Thumb Code    20  task.o(i.Task_5ms)
    Task_Init                                0x08002889   Thumb Code   190  task.o(i.Task_Init)
    Task_Run                                 0x080029a9   Thumb Code   364  task.o(i.Task_Run)
    Trace_PID                                0x08002b75   Thumb Code   162  control.o(i.Trace_PID)
    UART5_IRQHandler                         0x08002c3d   Thumb Code    74  atk_ms901m_uart.o(i.UART5_IRQHandler)
    USART1_IRQHandler                        0x08002c8d   Thumb Code   120  bsp_usart.o(i.USART1_IRQHandler)
    USART_ClearITPendingBit                  0x08002d15   Thumb Code    30  stm32f10x_usart.o(i.USART_ClearITPendingBit)
    USART_Cmd                                0x08002d33   Thumb Code    24  stm32f10x_usart.o(i.USART_Cmd)
    USART_Config                             0x08002d4d   Thumb Code   162  bsp_usart.o(i.USART_Config)
    USART_GetFlagStatus                      0x08002df9   Thumb Code    26  stm32f10x_usart.o(i.USART_GetFlagStatus)
    USART_GetITStatus                        0x08002e13   Thumb Code    84  stm32f10x_usart.o(i.USART_GetITStatus)
    USART_ITConfig                           0x08002e67   Thumb Code    74  stm32f10x_usart.o(i.USART_ITConfig)
    USART_Init                               0x08002eb1   Thumb Code   210  stm32f10x_usart.o(i.USART_Init)
    USART_ReceiveData                        0x08002f89   Thumb Code    10  stm32f10x_usart.o(i.USART_ReceiveData)
    USART_SendData                           0x08002f93   Thumb Code     8  stm32f10x_usart.o(i.USART_SendData)
    UsageFault_Handler                       0x08002f9b   Thumb Code     4  stm32f10x_it.o(i.UsageFault_Handler)
    __0printf                                0x08002fa1   Thumb Code    22  printfa.o(i.__0printf)
    __1printf                                0x08002fa1   Thumb Code     0  printfa.o(i.__0printf)
    __2printf                                0x08002fa1   Thumb Code     0  printfa.o(i.__0printf)
    __c89printf                              0x08002fa1   Thumb Code     0  printfa.o(i.__0printf)
    printf                                   0x08002fa1   Thumb Code     0  printfa.o(i.__0printf)
    __ARM_fpclassify                         0x08002fc1   Thumb Code    40  fpclassify.o(i.__ARM_fpclassify)
    __kernel_poly                            0x08002fe9   Thumb Code   170  poly.o(i.__kernel_poly)
    __mathlib_dbl_infnan                     0x08003093   Thumb Code     6  dunder.o(i.__mathlib_dbl_infnan)
    __mathlib_dbl_infnan2                    0x08003099   Thumb Code     4  dunder.o(i.__mathlib_dbl_infnan2)
    __mathlib_dbl_invalid                    0x0800309d   Thumb Code    12  dunder.o(i.__mathlib_dbl_invalid)
    __mathlib_dbl_underflow                  0x080030a9   Thumb Code    10  dunder.o(i.__mathlib_dbl_underflow)
    __scatterload_copy                       0x080030b9   Thumb Code    14  handlers.o(i.__scatterload_copy)
    __scatterload_null                       0x080030c7   Thumb Code     2  handlers.o(i.__scatterload_null)
    __scatterload_zeroinit                   0x080030c9   Thumb Code    14  handlers.o(i.__scatterload_zeroinit)
    __set_errno                              0x080030d9   Thumb Code     6  errno.o(i.__set_errno)
    asin                                     0x08003a19   Thumb Code   572  asin.o(i.asin)
    atan                                     0x08003c89   Thumb Code   474  atan.o(i.atan)
    atan2                                    0x08003ea9   Thumb Code   374  atan2.o(i.atan2)
    atk_ms901m_uart_rx_fifo_write            0x08004045   Thumb Code    62  atk_ms901m_uart.o(i.atk_ms901m_uart_rx_fifo_write)
    bsp_GetKey                               0x08004155   Thumb Code    46  bsp_key.o(i.bsp_GetKey)
    bsp_InitKeyHard                          0x08004189   Thumb Code    76  bsp_key.o(i.bsp_InitKeyHard)
    bsp_InitKeyVar                           0x080041d9   Thumb Code    70  bsp_key.o(i.bsp_InitKeyVar)
    bsp_KeyScan10ms                          0x08004229   Thumb Code    22  bsp_key.o(i.bsp_KeyScan10ms)
    bsp_PutKey                               0x08004241   Thumb Code    28  bsp_key.o(i.bsp_PutKey)
    bsp_init                                 0x08004261   Thumb Code    58  bsp.o(i.bsp_init)
    bsp_key_init                             0x0800429b   Thumb Code    12  bsp_key.o(i.bsp_key_init)
    delay_init                               0x0800430d   Thumb Code    56  delay.o(i.delay_init)
    delay_ms                                 0x0800434d   Thumb Code    56  delay.o(i.delay_ms)
    delay_us                                 0x08004389   Thumb Code    56  delay.o(i.delay_us)
    dmp_enable_6x_lp_quat                    0x080043c5   Thumb Code    60  inv_mpu_dmp_motion_driver.o(i.dmp_enable_6x_lp_quat)
    dmp_enable_feature                       0x08004401   Thumb Code   530  inv_mpu_dmp_motion_driver.o(i.dmp_enable_feature)
    dmp_enable_gyro_cal                      0x0800461d   Thumb Code    62  inv_mpu_dmp_motion_driver.o(i.dmp_enable_gyro_cal)
    dmp_enable_lp_quat                       0x08004675   Thumb Code    60  inv_mpu_dmp_motion_driver.o(i.dmp_enable_lp_quat)
    dmp_load_motion_driver_firmware          0x080046b1   Thumb Code    20  inv_mpu_dmp_motion_driver.o(i.dmp_load_motion_driver_firmware)
    dmp_read_fifo                            0x080046c9   Thumb Code   456  inv_mpu_dmp_motion_driver.o(i.dmp_read_fifo)
    dmp_set_accel_bias                       0x08004895   Thumb Code   300  inv_mpu_dmp_motion_driver.o(i.dmp_set_accel_bias)
    dmp_set_fifo_rate                        0x080049c5   Thumb Code    96  inv_mpu_dmp_motion_driver.o(i.dmp_set_fifo_rate)
    dmp_set_gyro_bias                        0x08004a35   Thumb Code   294  inv_mpu_dmp_motion_driver.o(i.dmp_set_gyro_bias)
    dmp_set_orientation                      0x08004b65   Thumb Code   290  inv_mpu_dmp_motion_driver.o(i.dmp_set_orientation)
    dmp_set_shake_reject_thresh              0x08004c9d   Thumb Code    56  inv_mpu_dmp_motion_driver.o(i.dmp_set_shake_reject_thresh)
    dmp_set_shake_reject_time                0x08004cd5   Thumb Code    38  inv_mpu_dmp_motion_driver.o(i.dmp_set_shake_reject_time)
    dmp_set_shake_reject_timeout             0x08004cfb   Thumb Code    38  inv_mpu_dmp_motion_driver.o(i.dmp_set_shake_reject_timeout)
    dmp_set_tap_axes                         0x08004d21   Thumb Code    70  inv_mpu_dmp_motion_driver.o(i.dmp_set_tap_axes)
    dmp_set_tap_count                        0x08004d67   Thumb Code    38  inv_mpu_dmp_motion_driver.o(i.dmp_set_tap_count)
    dmp_set_tap_thresh                       0x08004d8d   Thumb Code   396  inv_mpu_dmp_motion_driver.o(i.dmp_set_tap_thresh)
    dmp_set_tap_time                         0x08004f2d   Thumb Code    38  inv_mpu_dmp_motion_driver.o(i.dmp_set_tap_time)
    dmp_set_tap_time_multi                   0x08004f53   Thumb Code    38  inv_mpu_dmp_motion_driver.o(i.dmp_set_tap_time_multi)
    fputc                                    0x08004f79   Thumb Code    32  bsp_usart.o(i.fputc)
    free                                     0x08004f9d   Thumb Code    76  malloc.o(i.free)
    inv_orientation_matrix_to_scalar         0x0800561d   Thumb Code    40  inv_mpu.o(i.inv_orientation_matrix_to_scalar)
    inv_row_2_scale                          0x08005645   Thumb Code    78  inv_mpu.o(i.inv_row_2_scale)
    main                                     0x08005695   Thumb Code    28  main.o(i.main)
    malloc                                   0x080056b5   Thumb Code    92  malloc.o(i.malloc)
    mget_ms                                  0x08005721   Thumb Code     2  inv_mpu.o(i.mget_ms)
    mpu_configure_fifo                       0x08005725   Thumb Code   106  inv_mpu.o(i.mpu_configure_fifo)
    mpu_dmp_get_data                         0x08005795   Thumb Code   544  inv_mpu.o(i.mpu_dmp_get_data)
    mpu_dmp_init                             0x080059b9   Thumb Code   154  inv_mpu.o(i.mpu_dmp_init)
    mpu_get_accel_fsr                        0x08005a59   Thumb Code    72  inv_mpu.o(i.mpu_get_accel_fsr)
    mpu_get_accel_sens                       0x08005aa5   Thumb Code    78  inv_mpu.o(i.mpu_get_accel_sens)
    mpu_get_fifo_config                      0x08005af9   Thumb Code    12  inv_mpu.o(i.mpu_get_fifo_config)
    mpu_get_gyro_fsr                         0x08005b09   Thumb Code    64  inv_mpu.o(i.mpu_get_gyro_fsr)
    mpu_get_gyro_sens                        0x08005b4d   Thumb Code    58  inv_mpu.o(i.mpu_get_gyro_sens)
    mpu_get_lpf                              0x08005b9d   Thumb Code    74  inv_mpu.o(i.mpu_get_lpf)
    mpu_get_sample_rate                      0x08005bed   Thumb Code    26  inv_mpu.o(i.mpu_get_sample_rate)
    mpu_init                                 0x08005c0d   Thumb Code   416  inv_mpu.o(i.mpu_init)
    mpu_load_firmware                        0x08005dfd   Thumb Code   180  inv_mpu.o(i.mpu_load_firmware)
    mpu_lp_accel_mode                        0x08005eb5   Thumb Code   218  inv_mpu.o(i.mpu_lp_accel_mode)
    mpu_read_fifo_stream                     0x08005f95   Thumb Code   186  inv_mpu.o(i.mpu_read_fifo_stream)
    mpu_read_mem                             0x08006055   Thumb Code   122  inv_mpu.o(i.mpu_read_mem)
    mpu_reset_fifo                           0x080060d5   Thumb Code   450  inv_mpu.o(i.mpu_reset_fifo)
    mpu_run_self_test                        0x0800629d   Thumb Code   278  inv_mpu.o(i.mpu_run_self_test)
    mpu_set_accel_fsr                        0x080063b9   Thumb Code   126  inv_mpu.o(i.mpu_set_accel_fsr)
    mpu_set_bypass                           0x0800643d   Thumb Code   328  inv_mpu.o(i.mpu_set_bypass)
    mpu_set_dmp_state                        0x08006589   Thumb Code   138  inv_mpu.o(i.mpu_set_dmp_state)
    mpu_set_gyro_fsr                         0x08006619   Thumb Code   132  inv_mpu.o(i.mpu_set_gyro_fsr)
    mpu_set_int_latched                      0x080066a1   Thumb Code   102  inv_mpu.o(i.mpu_set_int_latched)
    mpu_set_lpf                              0x0800670d   Thumb Code   126  inv_mpu.o(i.mpu_set_lpf)
    mpu_set_sample_rate                      0x08006791   Thumb Code   152  inv_mpu.o(i.mpu_set_sample_rate)
    mpu_set_sensors                          0x0800682d   Thumb Code   202  inv_mpu.o(i.mpu_set_sensors)
    mpu_write_mem                            0x080068fd   Thumb Code   122  inv_mpu.o(i.mpu_write_mem)
    run_self_test                            0x0800697d   Thumb Code   148  inv_mpu.o(i.run_self_test)
    sqrt                                     0x08006aa1   Thumb Code    76  sqrt.o(i.sqrt)
    reg                                      0x08006aec   Data          27  inv_mpu.o(.constdata)
    hw                                       0x08006b08   Data          12  inv_mpu.o(.constdata)
    test                                     0x08006b14   Data          40  inv_mpu.o(.constdata)
    OLED_F8x16                               0x08007732   Data        1520  oled.o(.constdata)
    __mathlib_zero                           0x08007e38   Data           8  qnan.o(.constdata)
    Region$$Table$$Base                      0x08007e90   Number         0  anon$$obj.o(Region$$Table)
    Region$$Table$$Limit                     0x08007eb0   Number         0  anon$$obj.o(Region$$Table)
    mpu6050                                  0x20000050   Data           2  mpu6050.o(.data)
    pitch                                    0x20000054   Data           4  mpu6050.o(.data)
    roll                                     0x20000058   Data           4  mpu6050.o(.data)
    yaw                                      0x2000005c   Data           4  mpu6050.o(.data)
    aacx                                     0x20000060   Data           2  mpu6050.o(.data)
    aacy                                     0x20000062   Data           2  mpu6050.o(.data)
    aacz                                     0x20000064   Data           2  mpu6050.o(.data)
    gyrox                                    0x20000066   Data           2  mpu6050.o(.data)
    gyroy                                    0x20000068   Data           2  mpu6050.o(.data)
    gyroz                                    0x2000006a   Data           2  mpu6050.o(.data)
    temp                                     0x2000006c   Data           2  mpu6050.o(.data)
    MPU_FLAG                                 0x2000006e   Data           1  mpu6050.o(.data)
    rxarr                                    0x20000070   Data          16  bsp_usart.o(.data)
    KeyCode                                  0x20000084   Data           2  main.o(.data)
    Position_KP                              0x20000088   Data           4  control.o(.data)
    Position_KI                              0x2000008c   Data           4  control.o(.data)
    Position_KD                              0x20000090   Data           4  control.o(.data)
    Incremental_KP                           0x20000094   Data           4  control.o(.data)
    Incremental_KI                           0x20000098   Data           4  control.o(.data)
    Incremental_KD                           0x2000009c   Data           4  control.o(.data)
    trace_KP                                 0x200000a0   Data           4  control.o(.data)
    trace_KI                                 0x200000a4   Data           4  control.o(.data)
    trace_KD                                 0x200000a8   Data           4  control.o(.data)
    angle_KP                                 0x200000ac   Data           4  control.o(.data)
    angle_KI                                 0x200000b0   Data           4  control.o(.data)
    angle_KD                                 0x200000b4   Data           4  control.o(.data)
    Target_Velocity_1                        0x200000b8   Data           4  control.o(.data)
    Reality_Velocity_1                       0x200000bc   Data           4  control.o(.data)
    Target_Position_1                        0x200000c0   Data           4  control.o(.data)
    Reality_Position_1                       0x200000c4   Data           4  control.o(.data)
    Target_Velocity_2                        0x200000c8   Data           4  control.o(.data)
    Reality_Velocity_2                       0x200000cc   Data           4  control.o(.data)
    Target_Position_2                        0x200000d0   Data           4  control.o(.data)
    Reality_Position_2                       0x200000d4   Data           4  control.o(.data)
    Target_angle                             0x200000d8   Data           4  control.o(.data)
    start_flag                               0x200000dc   Data           1  control.o(.data)
    task1_time                               0x200000e0   Data           4  control.o(.data)
    task2_time                               0x200000e4   Data           4  control.o(.data)
    global_time                              0x20000160   Data           8  task.o(.data)
    Task_num                                 0x20000168   Data           1  task.o(.data)
    Task_1ms_handler                         0x2000016c   Data           4  task.o(.data)
    Task_5ms_handler                         0x20000170   Data           4  task.o(.data)
    Task_10ms_handler                        0x20000174   Data           4  task.o(.data)
    Task_100ms_handler                       0x20000178   Data           4  task.o(.data)
    Task_500ms_handler                       0x2000017c   Data           4  task.o(.data)
    __stdout                                 0x20000180   Data           4  stdout.o(.data)
    __microlib_freelist                      0x20000184   Data           4  mvars.o(.data)
    __microlib_freelist_initialised          0x20000188   Data           4  mvars.o(.data)
    MPU_Data                                 0x20000228   Data          12  mpu6050.o(.bss)
    __heap_base                              0x200002c0   Data           0  startup_stm32f10x_hd.o(HEAP)
    __heap_limit                             0x200004c0   Data           0  startup_stm32f10x_hd.o(HEAP)
    __initial_sp                             0x200008c0   Data           0  startup_stm32f10x_hd.o(STACK)



==============================================================================

Memory Map of the image

  Image Entry point : 0x08000131

  Load Region LR_IROM1 (Base: 0x08000000, Size: 0x00008040, Max: 0x00040000, ABSOLUTE, COMPRESSED[0x00007efc])

    Execution Region ER_IROM1 (Exec base: 0x08000000, Load base: 0x08000000, Size: 0x00007eb0, Max: 0x00040000, ABSOLUTE)

    Exec Addr    Load Addr    Size         Type   Attr      Idx    E Section Name        Object

    0x08000000   0x08000000   0x00000130   Data   RO            3    RESET               startup_stm32f10x_hd.o
    0x08000130   0x08000130   0x00000000   Code   RO         4828  * .ARM.Collect$$$$00000000  mc_w.l(entry.o)
    0x08000130   0x08000130   0x00000004   Code   RO         5193    .ARM.Collect$$$$00000001  mc_w.l(entry2.o)
    0x08000134   0x08000134   0x00000004   Code   RO         5196    .ARM.Collect$$$$00000004  mc_w.l(entry5.o)
    0x08000138   0x08000138   0x00000000   Code   RO         5198    .ARM.Collect$$$$00000008  mc_w.l(entry7b.o)
    0x08000138   0x08000138   0x00000000   Code   RO         5200    .ARM.Collect$$$$0000000A  mc_w.l(entry8b.o)
    0x08000138   0x08000138   0x00000008   Code   RO         5201    .ARM.Collect$$$$0000000B  mc_w.l(entry9a.o)
    0x08000140   0x08000140   0x00000004   Code   RO         5208    .ARM.Collect$$$$0000000E  mc_w.l(entry12b.o)
    0x08000144   0x08000144   0x00000000   Code   RO         5203    .ARM.Collect$$$$0000000F  mc_w.l(entry10a.o)
    0x08000144   0x08000144   0x00000000   Code   RO         5205    .ARM.Collect$$$$00000011  mc_w.l(entry11a.o)
    0x08000144   0x08000144   0x00000004   Code   RO         5194    .ARM.Collect$$$$00002712  mc_w.l(entry2.o)
    0x08000148   0x08000148   0x00000024   Code   RO            4    .text               startup_stm32f10x_hd.o
    0x0800016c   0x0800016c   0x00000062   Code   RO         4831    .text               mc_w.l(ldiv.o)
    0x080001ce   0x080001ce   0x00000024   Code   RO         4833    .text               mc_w.l(memseta.o)
    0x080001f2   0x080001f2   0x0000001a   Code   RO         4835    .text               mc_w.l(memcmp.o)
    0x0800020c   0x0800020c   0x000000b0   Code   RO         5126    .text               mf_w.l(fadd.o)
    0x080002bc   0x080002bc   0x00000064   Code   RO         5128    .text               mf_w.l(fmul.o)
    0x08000320   0x08000320   0x0000007c   Code   RO         5130    .text               mf_w.l(fdiv.o)
    0x0800039c   0x0800039c   0x0000014e   Code   RO         5132    .text               mf_w.l(dadd.o)
    0x080004ea   0x080004ea   0x000000e4   Code   RO         5134    .text               mf_w.l(dmul.o)
    0x080005ce   0x080005ce   0x000000de   Code   RO         5136    .text               mf_w.l(ddiv.o)
    0x080006ac   0x080006ac   0x00000012   Code   RO         5138    .text               mf_w.l(fflti.o)
    0x080006be   0x080006be   0x0000000a   Code   RO         5140    .text               mf_w.l(ffltui.o)
    0x080006c8   0x080006c8   0x00000032   Code   RO         5144    .text               mf_w.l(ffixi.o)
    0x080006fa   0x080006fa   0x00000028   Code   RO         5146    .text               mf_w.l(ffixui.o)
    0x08000722   0x08000722   0x00000026   Code   RO         5148    .text               mf_w.l(f2d.o)
    0x08000748   0x08000748   0x00000038   Code   RO         5150    .text               mf_w.l(d2f.o)
    0x08000780   0x08000780   0x00000014   Code   RO         5152    .text               mf_w.l(cfcmple.o)
    0x08000794   0x08000794   0x00000014   Code   RO         5154    .text               mf_w.l(cfrcmple.o)
    0x080007a8   0x080007a8   0x0000002c   Code   RO         5210    .text               mc_w.l(uidiv.o)
    0x080007d4   0x080007d4   0x00000062   Code   RO         5212    .text               mc_w.l(uldiv.o)
    0x08000836   0x08000836   0x0000001e   Code   RO         5214    .text               mc_w.l(llshl.o)
    0x08000854   0x08000854   0x00000024   Code   RO         5216    .text               mc_w.l(llsshr.o)
    0x08000878   0x08000878   0x00000000   Code   RO         5231    .text               mc_w.l(iusefp.o)
    0x08000878   0x08000878   0x0000006e   Code   RO         5232    .text               mf_w.l(fepilogue.o)
    0x080008e6   0x080008e6   0x000000ba   Code   RO         5234    .text               mf_w.l(depilogue.o)
    0x080009a0   0x080009a0   0x0000002e   Code   RO         5236    .text               mf_w.l(dscalb.o)
    0x080009ce   0x080009ce   0x00000030   Code   RO         5238    .text               mf_w.l(dfixul.o)
    0x080009fe   0x080009fe   0x00000002   PAD
    0x08000a00   0x08000a00   0x00000030   Code   RO         5240    .text               mf_w.l(cdcmple.o)
    0x08000a30   0x08000a30   0x00000030   Code   RO         5242    .text               mf_w.l(cdrcmple.o)
    0x08000a60   0x08000a60   0x00000024   Code   RO         5244    .text               mc_w.l(init.o)
    0x08000a84   0x08000a84   0x00000020   Code   RO         5246    .text               mc_w.l(llushr.o)
    0x08000aa4   0x08000aa4   0x000000a2   Code   RO         5248    .text               mf_w.l(dsqrt.o)
    0x08000b46   0x08000b46   0x0000003a   Code   RO         5258    .text               mc_w.l(__dczerorl.o)
    0x08000b80   0x08000b80   0x00000004   Code   RO         4747    i.BusFault_Handler  stm32f10x_it.o
    0x08000b84   0x08000b84   0x00000114   Code   RO         4620    i.Create_Task       task.o
    0x08000c98   0x08000c98   0x00000188   Code   RO         3998    i.DATA_Report       mpu6050.o
    0x08000e20   0x08000e20   0x00000074   Code   RO         3999    i.DMP_Init          mpu6050.o
    0x08000e94   0x08000e94   0x00000002   Code   RO         4748    i.DebugMon_Handler  stm32f10x_it.o
    0x08000e96   0x08000e96   0x00000002   PAD
    0x08000e98   0x08000e98   0x000000f0   Code   RO         4380    i.Encoder_Init      encoder.o
    0x08000f88   0x08000f88   0x00000116   Code   RO         1347    i.GPIO_Init         stm32f10x_gpio.o
    0x0800109e   0x0800109e   0x00000002   PAD
    0x080010a0   0x080010a0   0x00000090   Code   RO         1349    i.GPIO_PinRemapConfig  stm32f10x_gpio.o
    0x08001130   0x08001130   0x00000004   Code   RO         1354    i.GPIO_ResetBits    stm32f10x_gpio.o
    0x08001134   0x08001134   0x00000004   Code   RO         1355    i.GPIO_SetBits      stm32f10x_gpio.o
    0x08001138   0x08001138   0x0000000a   Code   RO         1358    i.GPIO_WriteBit     stm32f10x_gpio.o
    0x08001142   0x08001142   0x00000004   Code   RO         4749    i.HardFault_Handler  stm32f10x_it.o
    0x08001146   0x08001146   0x0000003e   Code   RO         4449    i.IsKeyDownFunc     bsp_key.o
    0x08001184   0x08001184   0x00000034   Code   RO         4450    i.KeyPinActive      bsp_key.o
    0x080011b8   0x080011b8   0x0000015c   Code   RO         4723    i.Key_map           bsp.o
    0x08001314   0x08001314   0x00000038   Code   RO         4170    i.LED_Init          led.o
    0x0800134c   0x0800134c   0x00000014   Code   RO         4171    i.LED_toggle        led.o
    0x08001360   0x08001360   0x0000004c   Code   RO         4110    i.MPU_IIC_Ack       mpuiic.o
    0x080013ac   0x080013ac   0x0000000a   Code   RO         4111    i.MPU_IIC_Delay     mpuiic.o
    0x080013b6   0x080013b6   0x00000002   PAD
    0x080013b8   0x080013b8   0x00000048   Code   RO         4112    i.MPU_IIC_Init      mpuiic.o
    0x08001400   0x08001400   0x0000004c   Code   RO         4113    i.MPU_IIC_NAck      mpuiic.o
    0x0800144c   0x0800144c   0x0000006c   Code   RO         4114    i.MPU_IIC_Read_Byte  mpuiic.o
    0x080014b8   0x080014b8   0x0000005c   Code   RO         4115    i.MPU_IIC_Send_Byte  mpuiic.o
    0x08001514   0x08001514   0x00000048   Code   RO         4116    i.MPU_IIC_Start     mpuiic.o
    0x0800155c   0x0800155c   0x00000048   Code   RO         4117    i.MPU_IIC_Stop      mpuiic.o
    0x080015a4   0x080015a4   0x00000064   Code   RO         4118    i.MPU_IIC_Wait_Ack  mpuiic.o
    0x08001608   0x08001608   0x00000088   Code   RO         4003    i.MPU_Init          mpu6050.o
    0x08001690   0x08001690   0x0000005c   Code   RO         4004    i.MPU_Read          mpu6050.o
    0x080016ec   0x080016ec   0x0000003a   Code   RO         4005    i.MPU_Read_Byte     mpu6050.o
    0x08001726   0x08001726   0x00000074   Code   RO         4006    i.MPU_Read_Len      mpu6050.o
    0x0800179a   0x0800179a   0x00000010   Code   RO         4007    i.MPU_Set_Accel_Fsr  mpu6050.o
    0x080017aa   0x080017aa   0x00000010   Code   RO         4008    i.MPU_Set_Gyro_Fsr  mpu6050.o
    0x080017ba   0x080017ba   0x0000003a   Code   RO         4009    i.MPU_Set_LPF       mpu6050.o
    0x080017f4   0x080017f4   0x0000003a   Code   RO         4010    i.MPU_Set_Rate      mpu6050.o
    0x0800182e   0x0800182e   0x00000044   Code   RO         4011    i.MPU_Write_Byte    mpu6050.o
    0x08001872   0x08001872   0x00000060   Code   RO         4012    i.MPU_Write_Len     mpu6050.o
    0x080018d2   0x080018d2   0x00000004   Code   RO         4750    i.MemManage_Handler  stm32f10x_it.o
    0x080018d6   0x080018d6   0x00000002   PAD
    0x080018d8   0x080018d8   0x00000020   Code   RO         4382    i.Motor1_SetDirct   encoder.o
    0x080018f8   0x080018f8   0x00000024   Code   RO         4383    i.Motor2_SetDirct   encoder.o
    0x0800191c   0x0800191c   0x00000038   Code   RO         4384    i.Motor_Init        encoder.o
    0x08001954   0x08001954   0x00000002   Code   RO         4751    i.NMI_Handler       stm32f10x_it.o
    0x08001956   0x08001956   0x00000002   PAD
    0x08001958   0x08001958   0x00000070   Code   RO          137    i.NVIC_Init         misc.o
    0x080019c8   0x080019c8   0x00000014   Code   RO          138    i.NVIC_PriorityGroupConfig  misc.o
    0x080019dc   0x080019dc   0x0000002a   Code   RO         4236    i.OLED_Clear        oled.o
    0x08001a06   0x08001a06   0x00000002   PAD
    0x08001a08   0x08001a08   0x00000050   Code   RO         4237    i.OLED_I2C_Init     oled.o
    0x08001a58   0x08001a58   0x00000054   Code   RO         4238    i.OLED_I2C_SendByte  oled.o
    0x08001aac   0x08001aac   0x00000034   Code   RO         4239    i.OLED_I2C_Start    oled.o
    0x08001ae0   0x08001ae0   0x00000028   Code   RO         4240    i.OLED_I2C_Stop     oled.o
    0x08001b08   0x08001b08   0x000000ae   Code   RO         4241    i.OLED_Init         oled.o
    0x08001bb6   0x08001bb6   0x00000014   Code   RO         4242    i.OLED_Pow          oled.o
    0x08001bca   0x08001bca   0x00000022   Code   RO         4243    i.OLED_SetCursor    oled.o
    0x08001bec   0x08001bec   0x00000074   Code   RO         4245    i.OLED_ShowChar     oled.o
    0x08001c60   0x08001c60   0x00000044   Code   RO         4247    i.OLED_ShowNum      oled.o
    0x08001ca4   0x08001ca4   0x00000028   Code   RO         4249    i.OLED_ShowString   oled.o
    0x08001ccc   0x08001ccc   0x00000020   Code   RO         4250    i.OLED_WriteCommand  oled.o
    0x08001cec   0x08001cec   0x00000020   Code   RO         4251    i.OLED_WriteData    oled.o
    0x08001d0c   0x08001d0c   0x000000a0   Code   RO         4191    i.PWM_Init          pwm.o
    0x08001dac   0x08001dac   0x00000010   Code   RO         4192    i.PWM_restrict      pwm.o
    0x08001dbc   0x08001dbc   0x00000044   Code   RO         4195    i.PWM_updata_Motor1  pwm.o
    0x08001e00   0x08001e00   0x00000042   Code   RO         4196    i.PWM_updata_Motor2  pwm.o
    0x08001e42   0x08001e42   0x00000002   Code   RO         4752    i.PendSV_Handler    stm32f10x_it.o
    0x08001e44   0x08001e44   0x00000020   Code   RO         1775    i.RCC_APB1PeriphClockCmd  stm32f10x_rcc.o
    0x08001e64   0x08001e64   0x00000020   Code   RO         1777    i.RCC_APB2PeriphClockCmd  stm32f10x_rcc.o
    0x08001e84   0x08001e84   0x000000d4   Code   RO         1785    i.RCC_GetClocksFreq  stm32f10x_rcc.o
    0x08001f58   0x08001f58   0x00000038   Code   RO         4386    i.Read_Encoder      encoder.o
    0x08001f90   0x08001f90   0x00000002   Code   RO         4753    i.SVC_Handler       stm32f10x_it.o
    0x08001f92   0x08001f92   0x00000008   Code   RO           24    i.SetSysClock       system_stm32f10x.o
    0x08001f9a   0x08001f9a   0x00000002   PAD
    0x08001f9c   0x08001f9c   0x000000e0   Code   RO           25    i.SetSysClockTo72   system_stm32f10x.o
    0x0800207c   0x0800207c   0x00000002   Code   RO         4754    i.SysTick_Handler   stm32f10x_it.o
    0x0800207e   0x0800207e   0x00000002   PAD
    0x08002080   0x08002080   0x00000060   Code   RO           27    i.SystemInit        system_stm32f10x.o
    0x080020e0   0x080020e0   0x00000080   Code   RO         2405    i.TI1_Config        stm32f10x_tim.o
    0x08002160   0x08002160   0x00000098   Code   RO         2406    i.TI2_Config        stm32f10x_tim.o
    0x080021f8   0x080021f8   0x00000090   Code   RO         2407    i.TI3_Config        stm32f10x_tim.o
    0x08002288   0x08002288   0x00000098   Code   RO         2408    i.TI4_Config        stm32f10x_tim.o
    0x08002320   0x08002320   0x000000d8   Code   RO         4565    i.TIM1_UP_IRQHandler  control.o
    0x080023f8   0x080023f8   0x0000001c   Code   RO         4388    i.TIM3_IRQHandler   encoder.o
    0x08002414   0x08002414   0x0000001c   Code   RO         4389    i.TIM4_IRQHandler   encoder.o
    0x08002430   0x08002430   0x00000030   Code   RO         4623    i.TIM6_IRQHandler   task.o
    0x08002460   0x08002460   0x00000006   Code   RO         2416    i.TIM_ClearITPendingBit  stm32f10x_tim.o
    0x08002466   0x08002466   0x00000018   Code   RO         2421    i.TIM_Cmd           stm32f10x_tim.o
    0x0800247e   0x0800247e   0x00000042   Code   RO         2430    i.TIM_EncoderInterfaceConfig  stm32f10x_tim.o
    0x080024c0   0x080024c0   0x00000022   Code   RO         2442    i.TIM_GetITStatus   stm32f10x_tim.o
    0x080024e2   0x080024e2   0x00000002   PAD
    0x080024e4   0x080024e4   0x000000ac   Code   RO         2444    i.TIM_ICInit        stm32f10x_tim.o
    0x08002590   0x08002590   0x00000012   Code   RO         2445    i.TIM_ICStructInit  stm32f10x_tim.o
    0x080025a2   0x080025a2   0x00000012   Code   RO         2446    i.TIM_ITConfig      stm32f10x_tim.o
    0x080025b4   0x080025b4   0x0000000c   Code   RO         2448    i.TIM_InternalClockConfig  stm32f10x_tim.o
    0x080025c0   0x080025c0   0x000000a0   Code   RO         2460    i.TIM_OC3Init       stm32f10x_tim.o
    0x08002660   0x08002660   0x0000007c   Code   RO         2465    i.TIM_OC4Init       stm32f10x_tim.o
    0x080026dc   0x080026dc   0x00000014   Code   RO         2468    i.TIM_OCStructInit  stm32f10x_tim.o
    0x080026f0   0x080026f0   0x00000004   Code   RO         2486    i.TIM_SetCounter    stm32f10x_tim.o
    0x080026f4   0x080026f4   0x00000012   Code   RO         2487    i.TIM_SetIC1Prescaler  stm32f10x_tim.o
    0x08002706   0x08002706   0x0000001a   Code   RO         2488    i.TIM_SetIC2Prescaler  stm32f10x_tim.o
    0x08002720   0x08002720   0x00000012   Code   RO         2489    i.TIM_SetIC3Prescaler  stm32f10x_tim.o
    0x08002732   0x08002732   0x0000001a   Code   RO         2490    i.TIM_SetIC4Prescaler  stm32f10x_tim.o
    0x0800274c   0x0800274c   0x0000006c   Code   RO         4624    i.TIM_Standard_Init  task.o
    0x080027b8   0x080027b8   0x000000a4   Code   RO         2492    i.TIM_TimeBaseInit  stm32f10x_tim.o
    0x0800285c   0x0800285c   0x00000002   Code   RO         4625    i.Task_100ms        task.o
    0x0800285e   0x0800285e   0x00000008   Code   RO         4626    i.Task_10ms         task.o
    0x08002866   0x08002866   0x00000002   Code   RO         4627    i.Task_1ms          task.o
    0x08002868   0x08002868   0x00000008   Code   RO         4628    i.Task_500ms        task.o
    0x08002870   0x08002870   0x00000018   Code   RO         4629    i.Task_5ms          task.o
    0x08002888   0x08002888   0x00000120   Code   RO         4631    i.Task_Init         task.o
    0x080029a8   0x080029a8   0x000001cc   Code   RO         4633    i.Task_Run          task.o
    0x08002b74   0x08002b74   0x000000c8   Code   RO         4566    i.Trace_PID         control.o
    0x08002c3c   0x08002c3c   0x00000050   Code   RO         3824    i.UART5_IRQHandler  atk_ms901m_uart.o
    0x08002c8c   0x08002c8c   0x00000088   Code   RO         4344    i.USART1_IRQHandler  bsp_usart.o
    0x08002d14   0x08002d14   0x0000001e   Code   RO         2957    i.USART_ClearITPendingBit  stm32f10x_usart.o
    0x08002d32   0x08002d32   0x00000018   Code   RO         2960    i.USART_Cmd         stm32f10x_usart.o
    0x08002d4a   0x08002d4a   0x00000002   PAD
    0x08002d4c   0x08002d4c   0x000000ac   Code   RO         4345    i.USART_Config      bsp_usart.o
    0x08002df8   0x08002df8   0x0000001a   Code   RO         2963    i.USART_GetFlagStatus  stm32f10x_usart.o
    0x08002e12   0x08002e12   0x00000054   Code   RO         2964    i.USART_GetITStatus  stm32f10x_usart.o
    0x08002e66   0x08002e66   0x0000004a   Code   RO         2966    i.USART_ITConfig    stm32f10x_usart.o
    0x08002eb0   0x08002eb0   0x000000d8   Code   RO         2967    i.USART_Init        stm32f10x_usart.o
    0x08002f88   0x08002f88   0x0000000a   Code   RO         2974    i.USART_ReceiveData  stm32f10x_usart.o
    0x08002f92   0x08002f92   0x00000008   Code   RO         2977    i.USART_SendData    stm32f10x_usart.o
    0x08002f9a   0x08002f9a   0x00000004   Code   RO         4755    i.UsageFault_Handler  stm32f10x_it.o
    0x08002f9e   0x08002f9e   0x00000002   PAD
    0x08002fa0   0x08002fa0   0x00000020   Code   RO         5070    i.__0printf         mc_w.l(printfa.o)
    0x08002fc0   0x08002fc0   0x00000028   Code   RO         5180    i.__ARM_fpclassify  m_ws.l(fpclassify.o)
    0x08002fe8   0x08002fe8   0x000000aa   Code   RO         5182    i.__kernel_poly     m_ws.l(poly.o)
    0x08003092   0x08003092   0x00000006   Code   RO         5167    i.__mathlib_dbl_infnan  m_ws.l(dunder.o)
    0x08003098   0x08003098   0x00000004   Code   RO         5168    i.__mathlib_dbl_infnan2  m_ws.l(dunder.o)
    0x0800309c   0x0800309c   0x0000000c   Code   RO         5169    i.__mathlib_dbl_invalid  m_ws.l(dunder.o)
    0x080030a8   0x080030a8   0x00000010   Code   RO         5172    i.__mathlib_dbl_underflow  m_ws.l(dunder.o)
    0x080030b8   0x080030b8   0x0000000e   Code   RO         5252    i.__scatterload_copy  mc_w.l(handlers.o)
    0x080030c6   0x080030c6   0x00000002   Code   RO         5253    i.__scatterload_null  mc_w.l(handlers.o)
    0x080030c8   0x080030c8   0x0000000e   Code   RO         5254    i.__scatterload_zeroinit  mc_w.l(handlers.o)
    0x080030d6   0x080030d6   0x00000002   PAD
    0x080030d8   0x080030d8   0x0000000c   Code   RO         5226    i.__set_errno       mc_w.l(errno.o)
    0x080030e4   0x080030e4   0x00000184   Code   RO         5077    i._fp_digits        mc_w.l(printfa.o)
    0x08003268   0x08003268   0x000006b4   Code   RO         5078    i._printf_core      mc_w.l(printfa.o)
    0x0800391c   0x0800391c   0x00000024   Code   RO         5079    i._printf_post_padding  mc_w.l(printfa.o)
    0x08003940   0x08003940   0x0000002e   Code   RO         5080    i._printf_pre_padding  mc_w.l(printfa.o)
    0x0800396e   0x0800396e   0x00000002   PAD
    0x08003970   0x08003970   0x000000a8   Code   RO         3300    i.accel_self_test   inv_mpu.o
    0x08003a18   0x08003a18   0x00000270   Code   RO         4811    i.asin              m_ws.l(asin.o)
    0x08003c88   0x08003c88   0x00000220   Code   RO         5157    i.atan              m_ws.l(atan.o)
    0x08003ea8   0x08003ea8   0x0000019c   Code   RO         4821    i.atan2             m_ws.l(atan2.o)
    0x08004044   0x08004044   0x00000044   Code   RO         3828    i.atk_ms901m_uart_rx_fifo_write  atk_ms901m_uart.o
    0x08004088   0x08004088   0x000000cc   Code   RO         4451    i.bsp_DetectKey     bsp_key.o
    0x08004154   0x08004154   0x00000034   Code   RO         4452    i.bsp_GetKey        bsp_key.o
    0x08004188   0x08004188   0x00000050   Code   RO         4453    i.bsp_InitKeyHard   bsp_key.o
    0x080041d8   0x080041d8   0x00000050   Code   RO         4454    i.bsp_InitKeyVar    bsp_key.o
    0x08004228   0x08004228   0x00000016   Code   RO         4455    i.bsp_KeyScan10ms   bsp_key.o
    0x0800423e   0x0800423e   0x00000002   PAD
    0x08004240   0x08004240   0x00000020   Code   RO         4456    i.bsp_PutKey        bsp_key.o
    0x08004260   0x08004260   0x0000003a   Code   RO         4724    i.bsp_init          bsp.o
    0x0800429a   0x0800429a   0x0000000c   Code   RO         4457    i.bsp_key_init      bsp_key.o
    0x080042a6   0x080042a6   0x00000002   PAD
    0x080042a8   0x080042a8   0x00000064   Code   RO         3638    i.decode_gesture    inv_mpu_dmp_motion_driver.o
    0x0800430c   0x0800430c   0x00000040   Code   RO         3271    i.delay_init        delay.o
    0x0800434c   0x0800434c   0x0000003c   Code   RO         3272    i.delay_ms          delay.o
    0x08004388   0x08004388   0x0000003c   Code   RO         3273    i.delay_us          delay.o
    0x080043c4   0x080043c4   0x0000003c   Code   RO         3639    i.dmp_enable_6x_lp_quat  inv_mpu_dmp_motion_driver.o
    0x08004400   0x08004400   0x0000021c   Code   RO         3640    i.dmp_enable_feature  inv_mpu_dmp_motion_driver.o
    0x0800461c   0x0800461c   0x00000058   Code   RO         3641    i.dmp_enable_gyro_cal  inv_mpu_dmp_motion_driver.o
    0x08004674   0x08004674   0x0000003c   Code   RO         3642    i.dmp_enable_lp_quat  inv_mpu_dmp_motion_driver.o
    0x080046b0   0x080046b0   0x00000018   Code   RO         3647    i.dmp_load_motion_driver_firmware  inv_mpu_dmp_motion_driver.o
    0x080046c8   0x080046c8   0x000001cc   Code   RO         3648    i.dmp_read_fifo     inv_mpu_dmp_motion_driver.o
    0x08004894   0x08004894   0x00000130   Code   RO         3651    i.dmp_set_accel_bias  inv_mpu_dmp_motion_driver.o
    0x080049c4   0x080049c4   0x00000070   Code   RO         3652    i.dmp_set_fifo_rate  inv_mpu_dmp_motion_driver.o
    0x08004a34   0x08004a34   0x00000130   Code   RO         3653    i.dmp_set_gyro_bias  inv_mpu_dmp_motion_driver.o
    0x08004b64   0x08004b64   0x00000138   Code   RO         3655    i.dmp_set_orientation  inv_mpu_dmp_motion_driver.o
    0x08004c9c   0x08004c9c   0x00000038   Code   RO         3658    i.dmp_set_shake_reject_thresh  inv_mpu_dmp_motion_driver.o
    0x08004cd4   0x08004cd4   0x00000026   Code   RO         3659    i.dmp_set_shake_reject_time  inv_mpu_dmp_motion_driver.o
    0x08004cfa   0x08004cfa   0x00000026   Code   RO         3660    i.dmp_set_shake_reject_timeout  inv_mpu_dmp_motion_driver.o
    0x08004d20   0x08004d20   0x00000046   Code   RO         3661    i.dmp_set_tap_axes  inv_mpu_dmp_motion_driver.o
    0x08004d66   0x08004d66   0x00000026   Code   RO         3662    i.dmp_set_tap_count  inv_mpu_dmp_motion_driver.o
    0x08004d8c   0x08004d8c   0x000001a0   Code   RO         3663    i.dmp_set_tap_thresh  inv_mpu_dmp_motion_driver.o
    0x08004f2c   0x08004f2c   0x00000026   Code   RO         3664    i.dmp_set_tap_time  inv_mpu_dmp_motion_driver.o
    0x08004f52   0x08004f52   0x00000026   Code   RO         3665    i.dmp_set_tap_time_multi  inv_mpu_dmp_motion_driver.o
    0x08004f78   0x08004f78   0x00000024   Code   RO         4347    i.fputc             bsp_usart.o
    0x08004f9c   0x08004f9c   0x00000050   Code   RO         5098    i.free              mc_w.l(malloc.o)
    0x08004fec   0x08004fec   0x000000b4   Code   RO         3301    i.get_accel_prod_shift  inv_mpu.o
    0x080050a0   0x080050a0   0x0000046c   Code   RO         3302    i.get_st_biases     inv_mpu.o
    0x0800550c   0x0800550c   0x00000110   Code   RO         3303    i.gyro_self_test    inv_mpu.o
    0x0800561c   0x0800561c   0x00000028   Code   RO         3304    i.inv_orientation_matrix_to_scalar  inv_mpu.o
    0x08005644   0x08005644   0x0000004e   Code   RO         3305    i.inv_row_2_scale   inv_mpu.o
    0x08005692   0x08005692   0x00000002   PAD
    0x08005694   0x08005694   0x00000020   Code   RO         4533    i.main              main.o
    0x080056b4   0x080056b4   0x0000006c   Code   RO         5099    i.malloc            mc_w.l(malloc.o)
    0x08005720   0x08005720   0x00000002   Code   RO         3306    i.mget_ms           inv_mpu.o
    0x08005722   0x08005722   0x00000002   PAD
    0x08005724   0x08005724   0x00000070   Code   RO         3307    i.mpu_configure_fifo  inv_mpu.o
    0x08005794   0x08005794   0x00000224   Code   RO         3308    i.mpu_dmp_get_data  inv_mpu.o
    0x080059b8   0x080059b8   0x000000a0   Code   RO         3309    i.mpu_dmp_init      inv_mpu.o
    0x08005a58   0x08005a58   0x0000004c   Code   RO         3310    i.mpu_get_accel_fsr  inv_mpu.o
    0x08005aa4   0x08005aa4   0x00000054   Code   RO         3312    i.mpu_get_accel_sens  inv_mpu.o
    0x08005af8   0x08005af8   0x00000010   Code   RO         3317    i.mpu_get_fifo_config  inv_mpu.o
    0x08005b08   0x08005b08   0x00000044   Code   RO         3318    i.mpu_get_gyro_fsr  inv_mpu.o
    0x08005b4c   0x08005b4c   0x00000050   Code   RO         3320    i.mpu_get_gyro_sens  inv_mpu.o
    0x08005b9c   0x08005b9c   0x00000050   Code   RO         3322    i.mpu_get_lpf       inv_mpu.o
    0x08005bec   0x08005bec   0x00000020   Code   RO         3324    i.mpu_get_sample_rate  inv_mpu.o
    0x08005c0c   0x08005c0c   0x000001f0   Code   RO         3326    i.mpu_init          inv_mpu.o
    0x08005dfc   0x08005dfc   0x000000b8   Code   RO         3327    i.mpu_load_firmware  inv_mpu.o
    0x08005eb4   0x08005eb4   0x000000e0   Code   RO         3328    i.mpu_lp_accel_mode  inv_mpu.o
    0x08005f94   0x08005f94   0x000000c0   Code   RO         3331    i.mpu_read_fifo_stream  inv_mpu.o
    0x08006054   0x08006054   0x00000080   Code   RO         3332    i.mpu_read_mem      inv_mpu.o
    0x080060d4   0x080060d4   0x000001c8   Code   RO         3335    i.mpu_reset_fifo    inv_mpu.o
    0x0800629c   0x0800629c   0x0000011c   Code   RO         3336    i.mpu_run_self_test  inv_mpu.o
    0x080063b8   0x080063b8   0x00000084   Code   RO         3338    i.mpu_set_accel_fsr  inv_mpu.o
    0x0800643c   0x0800643c   0x0000014c   Code   RO         3339    i.mpu_set_bypass    inv_mpu.o
    0x08006588   0x08006588   0x00000090   Code   RO         3341    i.mpu_set_dmp_state  inv_mpu.o
    0x08006618   0x08006618   0x00000088   Code   RO         3342    i.mpu_set_gyro_fsr  inv_mpu.o
    0x080066a0   0x080066a0   0x0000006c   Code   RO         3343    i.mpu_set_int_latched  inv_mpu.o
    0x0800670c   0x0800670c   0x00000084   Code   RO         3345    i.mpu_set_lpf       inv_mpu.o
    0x08006790   0x08006790   0x0000009c   Code   RO         3346    i.mpu_set_sample_rate  inv_mpu.o
    0x0800682c   0x0800682c   0x000000d0   Code   RO         3347    i.mpu_set_sensors   inv_mpu.o
    0x080068fc   0x080068fc   0x00000080   Code   RO         3348    i.mpu_write_mem     inv_mpu.o
    0x0800697c   0x0800697c   0x00000094   Code   RO         3349    i.run_self_test     inv_mpu.o
    0x08006a10   0x08006a10   0x00000090   Code   RO         3350    i.set_int_enable    inv_mpu.o
    0x08006aa0   0x08006aa0   0x0000004c   Code   RO         5186    i.sqrt              m_ws.l(sqrt.o)
    0x08006aec   0x08006aec   0x00000050   Data   RO         3352    .constdata          inv_mpu.o
    0x08006b3c   0x08006b3c   0x00000bf6   Data   RO         3667    .constdata          inv_mpu_dmp_motion_driver.o
    0x08007732   0x08007732   0x000005f0   Data   RO         4252    .constdata          oled.o
    0x08007d22   0x08007d22   0x00000002   PAD
    0x08007d24   0x08007d24   0x00000028   Data   RO         4459    .constdata          bsp_key.o
    0x08007d4c   0x08007d4c   0x00000004   PAD
    0x08007d50   0x08007d50   0x00000050   Data   RO         4812    .constdata          m_ws.l(asin.o)
    0x08007da0   0x08007da0   0x00000098   Data   RO         5158    .constdata          m_ws.l(atan.o)
    0x08007e38   0x08007e38   0x00000008   Data   RO         5184    .constdata          m_ws.l(qnan.o)
    0x08007e40   0x08007e40   0x0000004d   Data   RO         3353    .conststring        inv_mpu.o
    0x08007e8d   0x08007e8d   0x00000003   PAD
    0x08007e90   0x08007e90   0x00000020   Data   RO         5250    Region$$Table       anon$$obj.o


    Execution Region RW_IRAM1 (Exec base: 0x20000000, Load base: 0x08007eb0, Size: 0x000008c0, Max: 0x0000c000, ABSOLUTE, COMPRESSED[0x0000004c])

    Exec Addr    Load Addr    Size         Type   Attr      Idx    E Section Name        Object

    0x20000000   COMPRESSED   0x00000014   Data   RW         1805    .data               stm32f10x_rcc.o
    0x20000014   COMPRESSED   0x00000004   Data   RW         3274    .data               delay.o
    0x20000018   COMPRESSED   0x00000035   Data   RW         3354    .data               inv_mpu.o
    0x2000004d   COMPRESSED   0x00000003   PAD
    0x20000050   COMPRESSED   0x0000001f   Data   RW         4014    .data               mpu6050.o
    0x2000006f   COMPRESSED   0x00000001   PAD
    0x20000070   COMPRESSED   0x00000014   Data   RW         4348    .data               bsp_usart.o
    0x20000084   COMPRESSED   0x00000002   Data   RW         4535    .data               main.o
    0x20000086   COMPRESSED   0x00000002   PAD
    0x20000088   COMPRESSED   0x000000d4   Data   RW         4568    .data               control.o
    0x2000015c   COMPRESSED   0x00000004   PAD
    0x20000160   COMPRESSED   0x00000020   Data   RW         4636    .data               task.o
    0x20000180   COMPRESSED   0x00000004   Data   RW         5209    .data               mc_w.l(stdout.o)
    0x20000184   COMPRESSED   0x00000004   Data   RW         5222    .data               mc_w.l(mvars.o)
    0x20000188   COMPRESSED   0x00000004   Data   RW         5223    .data               mc_w.l(mvars.o)
    0x2000018c   COMPRESSED   0x00000004   Data   RW         5227    .data               mc_w.l(errno.o)
    0x20000190        -       0x00000010   Zero   RW         3666    .bss                inv_mpu_dmp_motion_driver.o
    0x200001a0        -       0x00000086   Zero   RW         3830    .bss                atk_ms901m_uart.o
    0x20000226   COMPRESSED   0x00000002   PAD
    0x20000228        -       0x0000000c   Zero   RW         4013    .bss                mpu6050.o
    0x20000234        -       0x0000005d   Zero   RW         4458    .bss                bsp_key.o
    0x20000291   COMPRESSED   0x00000003   PAD
    0x20000294        -       0x00000028   Zero   RW         4635    .bss                task.o
    0x200002bc   COMPRESSED   0x00000004   PAD
    0x200002c0        -       0x00000200   Zero   RW            2    HEAP                startup_stm32f10x_hd.o
    0x200004c0        -       0x00000400   Zero   RW            1    STACK               startup_stm32f10x_hd.o


==============================================================================

Image component sizes


      Code (inc. data)   RO Data    RW Data    ZI Data      Debug   Object Name

       148         12          0          0        134       1647   atk_ms901m_uart.o
       406        200          0          0          0        973   bsp.o
       596         32         40          0         93       6134   bsp_key.o
       344         30          0         20          0       2299   bsp_usart.o
       416         88          0        212          0       5818   control.o
         0          0          0          0          0       4508   core_cm3.o
       184         16          0          4          0       1555   delay.o
       476         50          0          0          0       3571   encoder.o
      6860        288        157         53          0      29352   inv_mpu.o
      3096        122       3062          0         16      19706   inv_mpu_dmp_motion_driver.o
        76         12          0          0          0        832   led.o
        32          4          0          2          0        911   main.o
       132         22          0          0          0     206011   misc.o
      1222        126          0         31         12       9576   mpu6050.o
       678        104          0          0          0       4398   mpuiic.o
       814         22       1520          0          0       7233   oled.o
       310         12          0          0          0       2106   pwm.o
        36          8        304          0       1536        796   startup_stm32f10x_hd.o
         0          0          0          0          0       1628   stm32f10x_adc.o
       440          6          0          0          0      12338   stm32f10x_gpio.o
        26          0          0          0          0       3550   stm32f10x_it.o
       276         32          0         20          0      12802   stm32f10x_rcc.o
      1486        170          0          0          0      32685   stm32f10x_tim.o
       472          6          0          0          0      12183   stm32f10x_usart.o
       328         28          0          0          0      45013   system_stm32f10x.o
      1224        328          0         32         40       6688   task.o
         0          0          0          0          0       1228   timer.o

    ----------------------------------------------------------------------
     20108       1718       5124        384       1840     435541   Object Totals
         0          0         32          0          0          0   (incl. Generated)
        30          0          9         10          9          0   (incl. Padding)

    ----------------------------------------------------------------------

      Code (inc. data)   RO Data    RW Data    ZI Data      Debug   Library Member Name

       624         52         80          0          0        168   asin.o
       544         70        152          0          0        124   atan.o
       412         38          0          0          0        144   atan2.o
        38          6          0          0          0        272   dunder.o
        40          0          0          0          0         68   fpclassify.o
       170          0          0          0          0         96   poly.o
         0          0          8          0          0          0   qnan.o
        76          0          0          0          0         84   sqrt.o
        58          0          0          0          0          0   __dczerorl.o
         0          0          0          0          0          0   entry.o
         0          0          0          0          0          0   entry10a.o
         0          0          0          0          0          0   entry11a.o
         4          0          0          0          0          0   entry12b.o
         8          4          0          0          0          0   entry2.o
         4          0          0          0          0          0   entry5.o
         0          0          0          0          0          0   entry7b.o
         0          0          0          0          0          0   entry8b.o
         8          4          0          0          0          0   entry9a.o
        12          6          0          4          0         68   errno.o
        30          0          0          0          0          0   handlers.o
        36          8          0          0          0         68   init.o
         0          0          0          0          0          0   iusefp.o
        98          0          0          0          0         84   ldiv.o
        30          0          0          0          0         68   llshl.o
        36          0          0          0          0         68   llsshr.o
        32          0          0          0          0         68   llushr.o
       188         20          0          0          0        160   malloc.o
        26          0          0          0          0         80   memcmp.o
        36          0          0          0          0        108   memseta.o
         0          0          0          8          0          0   mvars.o
      2218         90          0          0          0        464   printfa.o
         0          0          0          4          0          0   stdout.o
        44          0          0          0          0         80   uidiv.o
        98          0          0          0          0         92   uldiv.o
        48          0          0          0          0         68   cdcmple.o
        48          0          0          0          0         68   cdrcmple.o
        20          0          0          0          0         68   cfcmple.o
        20          0          0          0          0         68   cfrcmple.o
        56          0          0          0          0         88   d2f.o
       334          0          0          0          0        148   dadd.o
       222          0          0          0          0        100   ddiv.o
       186          0          0          0          0        176   depilogue.o
        48          0          0          0          0         68   dfixul.o
       228          0          0          0          0         96   dmul.o
        46          0          0          0          0         80   dscalb.o
       162          0          0          0          0        100   dsqrt.o
        38          0          0          0          0         68   f2d.o
       176          0          0          0          0        140   fadd.o
       124          0          0          0          0         88   fdiv.o
       110          0          0          0          0        168   fepilogue.o
        50          0          0          0          0         68   ffixi.o
        40          0          0          0          0         68   ffixui.o
        18          0          0          0          0         68   fflti.o
        10          0          0          0          0         68   ffltui.o
       100          0          0          0          0         76   fmul.o

    ----------------------------------------------------------------------
      6960        298        240         16          0       4304   Library Totals
         6          0          0          0          0          0   (incl. Padding)

    ----------------------------------------------------------------------

      Code (inc. data)   RO Data    RW Data    ZI Data      Debug   Library Name

      1904        166        240          0          0        956   m_ws.l
      2966        132          0         16          0       1408   mc_w.l
      2084          0          0          0          0       1940   mf_w.l

    ----------------------------------------------------------------------
      6960        298        240         16          0       4304   Library Totals

    ----------------------------------------------------------------------

==============================================================================


      Code (inc. data)   RO Data    RW Data    ZI Data      Debug   

     27068       2016       5364        400       1840     428377   Grand Totals
     27068       2016       5364         76       1840     428377   ELF Image Totals (compressed)
     27068       2016       5364         76          0          0   ROM Totals

==============================================================================

    Total RO  Size (Code + RO Data)                32432 (  31.67kB)
    Total RW  Size (RW Data + ZI Data)              2240 (   2.19kB)
    Total ROM Size (Code + RO Data + RW Data)      32508 (  31.75kB)

==============================================================================

